{
  "target_file": "paysim_priority15_strong_dp_stage1_n8_targets.pt",
  "groups": [
    1
  ],
  "defense": "clipping_noise_mc",
  "diagnostic": "bounded simple-defense attack; attacker-visible masks/thresholds/factors for retention and clipping; unknown realization for Gaussian noise",
  "target_relative_l2_delta": 0.1,
  "clip_norm": 100.0,
  "noise_multiplier": 0.09866372299196495,
  "defense_seed": 314159265,
  "restarts": 8,
  "iterations": 600,
  "attack_lr": 0.1,
  "nonnegative_lambda": 0.001,
  "clip_factor": 0.95,
  "mc_noise_samples": 100,
  "topk_temperature": null,
  "selection_formula": "argmin_c L_balanced(T_visible_clipping_noise_mc(delta(c)), defended_update; reference=defended_update)",
  "group_summary": [
    {
      "group_id": 1,
      "n_baseline_restarts": 8,
      "objective_best_restart": 5,
      "objective_best_objective": 1.1783074140548706,
      "objective_best_fraud_mse": 56.13293221708461,
      "objective_best_non_fraud_mse": 19.112317499192333,
      "prior_fraud_mse_mean": 94.67239649385441,
      "zero_objective_best_fraud_mse": 73.37791276776103,
      "objective_minus_prior_fraud_mse": -38.5394642767698,
      "objective_minus_zero_fraud_mse": -17.244980550676424,
      "max_balance_residual_raw": 0.8179942024871707,
      "mean_defense_relative_l2_delta": 10735.559811407848,
      "mean_defense_keep_ratio": 1.0
    }
  ],
  "target_gate": {
    "prior": {
      "n": 1,
      "wins": 1,
      "mean_difference": -38.5394642767698,
      "median_difference": -38.5394642767698,
      "one_sided_sign_p": 0.5,
      "gate": false
    },
    "zero": {
      "n": 1,
      "wins": 1,
      "mean_difference": -17.244980550676424,
      "median_difference": -17.244980550676424,
      "one_sided_sign_p": 0.5,
      "gate": false
    },
    "gate": false
  },
  "mean_defense_relative_l2_delta": 10735.559811407848,
  "mean_defense_keep_ratio": 1.0,
  "dataset_sha256": "16910f90577b0d981bf8ff289714510bb89bc71bff7d3f220f024e287e4eea6b"
}
