{
  "target_file": "paysim_priority15_strong_dp_stage1_n8_targets.pt",
  "groups": [
    0
  ],
  "defense": "clipping_noise_mc",
  "diagnostic": "bounded simple-defense attack; attacker-visible masks/thresholds/factors for retention and clipping; unknown realization for Gaussian noise",
  "target_relative_l2_delta": 0.1,
  "clip_norm": 100.0,
  "noise_multiplier": 4.900556183310786,
  "defense_seed": 314159265,
  "restarts": 8,
  "iterations": 600,
  "attack_lr": 0.1,
  "nonnegative_lambda": 0.001,
  "clip_factor": 0.95,
  "mc_noise_samples": 100,
  "topk_temperature": null,
  "selection_formula": "argmin_c L_balanced(T_visible_clipping_noise_mc(delta(c)), defended_update; reference=defended_update)",
  "group_summary": [
    {
      "group_id": 0,
      "n_baseline_restarts": 8,
      "objective_best_restart": 1,
      "objective_best_objective": 1.1944769620895386,
      "objective_best_fraud_mse": 79.88605412008663,
      "objective_best_non_fraud_mse": 57.643448040524106,
      "prior_fraud_mse_mean": 95.8627013178211,
      "zero_objective_best_fraud_mse": 195.3666497680485,
      "objective_minus_prior_fraud_mse": -15.97664719773448,
      "objective_minus_zero_fraud_mse": -115.48059564796186,
      "max_balance_residual_raw": 0.31768134981393814,
      "mean_defense_relative_l2_delta": 554844.3262094696,
      "mean_defense_keep_ratio": 1.0
    }
  ],
  "target_gate": {
    "prior": {
      "n": 1,
      "wins": 1,
      "mean_difference": -15.97664719773448,
      "median_difference": -15.97664719773448,
      "one_sided_sign_p": 0.5,
      "gate": false
    },
    "zero": {
      "n": 1,
      "wins": 1,
      "mean_difference": -115.48059564796186,
      "median_difference": -115.48059564796186,
      "one_sided_sign_p": 0.5,
      "gate": false
    },
    "gate": false
  },
  "mean_defense_relative_l2_delta": 554844.3262094696,
  "mean_defense_keep_ratio": 1.0,
  "dataset_sha256": "16910f90577b0d981bf8ff289714510bb89bc71bff7d3f220f024e287e4eea6b"
}
