{
  "target_file": "paysim_priority15_strong_dp_stage1_n8_targets.pt",
  "groups": [
    7
  ],
  "defense": "clipping_noise_mc",
  "diagnostic": "bounded simple-defense attack; attacker-visible masks/thresholds/factors for retention and clipping; unknown realization for Gaussian noise",
  "target_relative_l2_delta": 0.1,
  "clip_norm": 100.0,
  "noise_multiplier": 0.09866372299196495,
  "defense_seed": 314159265,
  "restarts": 8,
  "iterations": 600,
  "attack_lr": 0.1,
  "nonnegative_lambda": 0.001,
  "clip_factor": 0.95,
  "mc_noise_samples": 100,
  "topk_temperature": null,
  "selection_formula": "argmin_c L_balanced(T_visible_clipping_noise_mc(delta(c)), defended_update; reference=defended_update)",
  "group_summary": [
    {
      "group_id": 7,
      "n_baseline_restarts": 8,
      "objective_best_restart": 7,
      "objective_best_objective": 1.0045139789581299,
      "objective_best_fraud_mse": 15.467066090740598,
      "objective_best_non_fraud_mse": 45.81472637197307,
      "prior_fraud_mse_mean": 45.65365426045209,
      "zero_objective_best_fraud_mse": 54.38182560741911,
      "objective_minus_prior_fraud_mse": -30.186588169711495,
      "objective_minus_zero_fraud_mse": -38.914759516678515,
      "max_balance_residual_raw": 0.3290143283084035,
      "mean_defense_relative_l2_delta": 11835.502568527112,
      "mean_defense_keep_ratio": 1.0
    }
  ],
  "target_gate": {
    "prior": {
      "n": 1,
      "wins": 1,
      "mean_difference": -30.186588169711495,
      "median_difference": -30.186588169711495,
      "one_sided_sign_p": 0.5,
      "gate": false
    },
    "zero": {
      "n": 1,
      "wins": 1,
      "mean_difference": -38.914759516678515,
      "median_difference": -38.914759516678515,
      "one_sided_sign_p": 0.5,
      "gate": false
    },
    "gate": false
  },
  "mean_defense_relative_l2_delta": 11835.502568527112,
  "mean_defense_keep_ratio": 1.0,
  "dataset_sha256": "16910f90577b0d981bf8ff289714510bb89bc71bff7d3f220f024e287e4eea6b"
}
