{
  "target_file": "paysim_priority15_rq1_v2_stage1_n8_targets.pt",
  "groups": [
    1
  ],
  "defense": "clipping_noise_mc",
  "diagnostic": "bounded simple-defense attack; attacker-visible masks/thresholds/factors for retention and clipping; unknown realization for Gaussian noise",
  "target_relative_l2_delta": 0.1,
  "clip_norm": 100.0,
  "noise_multiplier": 0.00105,
  "defense_seed": 314159265,
  "restarts": 4,
  "iterations": 600,
  "attack_lr": 0.1,
  "nonnegative_lambda": 0.001,
  "clip_factor": 0.95,
  "mc_noise_samples": 100,
  "topk_temperature": null,
  "selection_formula": "argmin_c L_balanced(T_visible_clipping_noise_mc(delta(c)), defended_update; reference=defended_update)",
  "group_summary": [
    {
      "group_id": 1,
      "n_baseline_restarts": 4,
      "objective_best_restart": 1,
      "objective_best_objective": 1.1748327016830444,
      "objective_best_fraud_mse": 50.90815000450656,
      "objective_best_non_fraud_mse": 34.86758488929103,
      "prior_fraud_mse_mean": 98.2136136262241,
      "zero_objective_best_fraud_mse": 94.87160458086738,
      "objective_minus_prior_fraud_mse": -47.30546362171754,
      "objective_minus_zero_fraud_mse": -43.963454576360824,
      "max_balance_residual_raw": 0.20637201517820358,
      "mean_defense_relative_l2_delta": 118.71603785987169,
      "mean_defense_keep_ratio": 1.0
    }
  ],
  "target_gate": {
    "prior": {
      "n": 1,
      "wins": 1,
      "mean_difference": -47.30546362171754,
      "median_difference": -47.30546362171754,
      "one_sided_sign_p": 0.5,
      "gate": false
    },
    "zero": {
      "n": 1,
      "wins": 1,
      "mean_difference": -43.963454576360824,
      "median_difference": -43.963454576360824,
      "one_sided_sign_p": 0.5,
      "gate": false
    },
    "gate": false
  },
  "mean_defense_relative_l2_delta": 118.71603785987169,
  "mean_defense_keep_ratio": 1.0,
  "dataset_sha256": "16910f90577b0d981bf8ff289714510bb89bc71bff7d3f220f024e287e4eea6b"
}
