{
  "run": "/Users/rhys24z/Documents/UNIVERSITY/Capstone/FL-DNA/artifacts/priority15_selection_objective_replay/rq1_v2_stage1_n8_run_20260921/raw/group_7_run",
  "target_file": "paysim_priority15_rq1_v2_stage1_n8_targets.pt",
  "groups": [
    7
  ],
  "restarts": 4,
  "initialization": "standard",
  "nonnegative_lambda": 0.001,
  "parameterization": "balance_diff_orig = oldbalanceOrg - newbalanceOrig and balance_diff_dest = newbalanceDest - oldbalanceDest are enforced during optimization",
  "frozen_attack": {
    "attack_lr": 0.1,
    "iterations": 600,
    "restarts": 3,
    "protocol_sha256": "2cbc3f4c93a5d053809ddca2403b42e091929b4b3dc5ee46138951544340499f",
    "selected_before_evaluation": true
  },
  "group_summary": [
    {
      "group_id": 7,
      "n_baseline_restarts": 4,
      "objective_best_restart": 3,
      "fraud_mse_best_restart": 3,
      "objective_best_fraud_mse": 69.8745158956394,
      "fraud_best_fraud_mse": 69.8745158956394,
      "extra_fraud_mse_from_objective_selection": 0.0,
      "objective_best_objective": 0.5430387854576111,
      "fraud_best_objective": 0.5430387854576111,
      "objective_margin_wrong_minus_fraud_best": 0.0,
      "prior_fraud_mse_mean": 42.673802023594654,
      "zero_objective_best_fraud_mse": 51.77007368590144,
      "objective_minus_prior_fraud_mse": 27.20071387204475,
      "objective_minus_zero_fraud_mse": 18.104442209737968,
      "fraud_best_minus_prior_fraud_mse": 27.20071387204475,
      "fraud_best_minus_zero_fraud_mse": 18.104442209737968,
      "max_balance_residual_raw": 0.39961983636021614
    }
  ],
  "target_gate": {
    "objective_selection": {
      "prior": {
        "n": 1,
        "wins": 0,
        "mean_difference": 27.20071387204475,
        "median_difference": 27.20071387204475,
        "one_sided_sign_p": 1.0,
        "gate": false
      },
      "zero": {
        "n": 1,
        "wins": 0,
        "mean_difference": 18.104442209737968,
        "median_difference": 18.104442209737968,
        "one_sided_sign_p": 1.0,
        "gate": false
      },
      "gate": false
    },
    "fraud_mse_oracle_selection_diagnostic_only": {
      "prior": {
        "n": 1,
        "wins": 0,
        "mean_difference": 27.20071387204475,
        "median_difference": 27.20071387204475,
        "one_sided_sign_p": 1.0,
        "gate": false
      },
      "zero": {
        "n": 1,
        "wins": 0,
        "mean_difference": 18.104442209737968,
        "median_difference": 18.104442209737968,
        "one_sided_sign_p": 1.0,
        "gate": false
      },
      "gate": false
    }
  },
  "wrong_groups_only_gate": {
    "objective_selection": {
      "prior": {
        "n": 1,
        "wins": 0,
        "mean_difference": 27.20071387204475,
        "median_difference": 27.20071387204475,
        "one_sided_sign_p": 1.0,
        "gate": false
      },
      "zero": {
        "n": 1,
        "wins": 0,
        "mean_difference": 18.104442209737968,
        "median_difference": 18.104442209737968,
        "one_sided_sign_p": 1.0,
        "gate": false
      },
      "gate": false
    },
    "fraud_mse_oracle_selection_diagnostic_only": {
      "prior": {
        "n": 1,
        "wins": 0,
        "mean_difference": 27.20071387204475,
        "median_difference": 27.20071387204475,
        "one_sided_sign_p": 1.0,
        "gate": false
      },
      "zero": {
        "n": 1,
        "wins": 0,
        "mean_difference": 18.104442209737968,
        "median_difference": 18.104442209737968,
        "one_sided_sign_p": 1.0,
        "gate": false
      },
      "gate": false
    }
  },
  "dataset_sha256": "16910f90577b0d981bf8ff289714510bb89bc71bff7d3f220f024e287e4eea6b",
  "interpretation": "Diagnostic/development target run; do not use as an independent final gate."
}
