{
  "target_file": "paysim_priority15_rq1_v2_stage1_n8_targets.pt",
  "groups": [
    2
  ],
  "defense": "dna_transform_v2_iht_compressed_sensing",
  "diagnostic": "final development-only IHT compressed-sensing attacker for DNA Transform v2",
  "amendment": "protocols/amendments/2026-09-16_rq1_v2_confirmatory_protocol.md",
  "v2_config": {
    "compression_ratio": 0.95,
    "quantization_eta": 0.01,
    "seed": 20260916
  },
  "sparsity_fraction": 0.2,
  "iht_iterations": 80,
  "iht_step_size": 1.0,
  "restarts": 4,
  "iterations": 600,
  "attack_lr": 0.1,
  "nonnegative_lambda": 0.001,
  "selection_formula": "IHT sparse update reconstruction from q_obs, then argmin_x L_balanced(delta(x), u_iht)",
  "group_summary": [
    {
      "group_id": 2,
      "n_baseline_restarts": 4,
      "objective_best_restart": 2,
      "objective_best_objective": 0.9071926474571228,
      "objective_best_fraud_mse": 156.51655893013773,
      "objective_best_non_fraud_mse": 267.47056747149963,
      "prior_fraud_mse_mean": 17.371634604871538,
      "zero_objective_best_fraud_mse": 102.29255739671238,
      "objective_minus_prior_fraud_mse": 139.1449243252662,
      "objective_minus_zero_fraud_mse": 54.22400153342535,
      "max_balance_residual_raw": 0.3293923777528107,
      "mean_iht_final_residual_l2": 0.6872944689895781
    }
  ],
  "target_gate": {
    "prior": {
      "n": 1,
      "wins": 0,
      "mean_difference": 139.1449243252662,
      "median_difference": 139.1449243252662,
      "one_sided_sign_p": 1.0,
      "gate": false
    },
    "zero": {
      "n": 1,
      "wins": 0,
      "mean_difference": 54.22400153342535,
      "median_difference": 54.22400153342535,
      "one_sided_sign_p": 1.0,
      "gate": false
    },
    "gate": false
  },
  "dataset_sha256": "16910f90577b0d981bf8ff289714510bb89bc71bff7d3f220f024e287e4eea6b"
}
