{
  "target_file": "paysim_priority15_strong_dp_stage1_n8_targets.pt",
  "groups": [
    1
  ],
  "defense": "clipping_noise_mc",
  "diagnostic": "bounded simple-defense attack; attacker-visible masks/thresholds/factors for retention and clipping; unknown realization for Gaussian noise",
  "target_relative_l2_delta": 0.1,
  "clip_norm": 100.0,
  "noise_multiplier": 0.15890264833373352,
  "defense_seed": 314159265,
  "restarts": 8,
  "iterations": 600,
  "attack_lr": 0.1,
  "nonnegative_lambda": 0.001,
  "clip_factor": 0.95,
  "mc_noise_samples": 100,
  "topk_temperature": null,
  "selection_formula": "argmin_c L_balanced(T_visible_clipping_noise_mc(delta(c)), defended_update; reference=defended_update)",
  "group_summary": [
    {
      "group_id": 1,
      "n_baseline_restarts": 8,
      "objective_best_restart": 2,
      "objective_best_objective": 1.1783311367034912,
      "objective_best_fraud_mse": 6.128749824118551,
      "objective_best_non_fraud_mse": 52.90219503485681,
      "prior_fraud_mse_mean": 94.67239649385441,
      "zero_objective_best_fraud_mse": 64.8427709404766,
      "objective_minus_prior_fraud_mse": -88.54364666973585,
      "objective_minus_zero_fraud_mse": -58.71402111635805,
      "max_balance_residual_raw": 0.20056057116016746,
      "mean_defense_relative_l2_delta": 17290.13291820037,
      "mean_defense_keep_ratio": 1.0
    }
  ],
  "target_gate": {
    "prior": {
      "n": 1,
      "wins": 1,
      "mean_difference": -88.54364666973585,
      "median_difference": -88.54364666973585,
      "one_sided_sign_p": 0.5,
      "gate": false
    },
    "zero": {
      "n": 1,
      "wins": 1,
      "mean_difference": -58.71402111635805,
      "median_difference": -58.71402111635805,
      "one_sided_sign_p": 0.5,
      "gate": false
    },
    "gate": false
  },
  "mean_defense_relative_l2_delta": 17290.13291820037,
  "mean_defense_keep_ratio": 1.0,
  "dataset_sha256": "16910f90577b0d981bf8ff289714510bb89bc71bff7d3f220f024e287e4eea6b"
}
