{
  "target_file": "paysim_priority15_strong_dp_stage1_n8_targets.pt",
  "groups": [
    6
  ],
  "defense": "clipping_noise_mc",
  "diagnostic": "bounded simple-defense attack; attacker-visible masks/thresholds/factors for retention and clipping; unknown realization for Gaussian noise",
  "target_relative_l2_delta": 0.1,
  "clip_norm": 100.0,
  "noise_multiplier": 4.900556183310786,
  "defense_seed": 314159265,
  "restarts": 8,
  "iterations": 600,
  "attack_lr": 0.1,
  "nonnegative_lambda": 0.001,
  "clip_factor": 0.95,
  "mc_noise_samples": 100,
  "topk_temperature": null,
  "selection_formula": "argmin_c L_balanced(T_visible_clipping_noise_mc(delta(c)), defended_update; reference=defended_update)",
  "group_summary": [
    {
      "group_id": 6,
      "n_baseline_restarts": 8,
      "objective_best_restart": 5,
      "objective_best_objective": 1.164892554283142,
      "objective_best_fraud_mse": 17561.780924422732,
      "objective_best_non_fraud_mse": 421.4321887692634,
      "prior_fraud_mse_mean": 16547.358488310216,
      "zero_objective_best_fraud_mse": 16699.158002551412,
      "objective_minus_prior_fraud_mse": 1014.4224361125162,
      "objective_minus_zero_fraud_mse": 862.6229218713197,
      "max_balance_residual_raw": 0.25745414942502975,
      "mean_defense_relative_l2_delta": 552378.999340324,
      "mean_defense_keep_ratio": 1.0
    }
  ],
  "target_gate": {
    "prior": {
      "n": 1,
      "wins": 0,
      "mean_difference": 1014.4224361125162,
      "median_difference": 1014.4224361125162,
      "one_sided_sign_p": 1.0,
      "gate": false
    },
    "zero": {
      "n": 1,
      "wins": 0,
      "mean_difference": 862.6229218713197,
      "median_difference": 862.6229218713197,
      "one_sided_sign_p": 1.0,
      "gate": false
    },
    "gate": false
  },
  "mean_defense_relative_l2_delta": 552378.999340324,
  "mean_defense_keep_ratio": 1.0,
  "dataset_sha256": "16910f90577b0d981bf8ff289714510bb89bc71bff7d3f220f024e287e4eea6b"
}
