{
  "target_file": "paysim_priority15_strong_dp_stage1_n8_targets.pt",
  "groups": [
    2
  ],
  "defense": "clipping_noise_mc",
  "diagnostic": "bounded simple-defense attack; attacker-visible masks/thresholds/factors for retention and clipping; unknown realization for Gaussian noise",
  "target_relative_l2_delta": 0.1,
  "clip_norm": 100.0,
  "noise_multiplier": 0.09866372299196495,
  "defense_seed": 314159265,
  "restarts": 8,
  "iterations": 600,
  "attack_lr": 0.1,
  "nonnegative_lambda": 0.001,
  "clip_factor": 0.95,
  "mc_noise_samples": 100,
  "topk_temperature": null,
  "selection_formula": "argmin_c L_balanced(T_visible_clipping_noise_mc(delta(c)), defended_update; reference=defended_update)",
  "group_summary": [
    {
      "group_id": 2,
      "n_baseline_restarts": 8,
      "objective_best_restart": 0,
      "objective_best_objective": 1.0320204496383667,
      "objective_best_fraud_mse": 4212.606183847091,
      "objective_best_non_fraud_mse": 84.96334466961176,
      "prior_fraud_mse_mean": 3967.8329363788043,
      "zero_objective_best_fraud_mse": 4924.698616464269,
      "objective_minus_prior_fraud_mse": 244.77324746828708,
      "objective_minus_zero_fraud_mse": -712.092432617178,
      "max_balance_residual_raw": 0.36938397074118257,
      "mean_defense_relative_l2_delta": 11686.487473966967,
      "mean_defense_keep_ratio": 1.0
    }
  ],
  "target_gate": {
    "prior": {
      "n": 1,
      "wins": 0,
      "mean_difference": 244.77324746828708,
      "median_difference": 244.77324746828708,
      "one_sided_sign_p": 1.0,
      "gate": false
    },
    "zero": {
      "n": 1,
      "wins": 1,
      "mean_difference": -712.092432617178,
      "median_difference": -712.092432617178,
      "one_sided_sign_p": 0.5,
      "gate": false
    },
    "gate": false
  },
  "mean_defense_relative_l2_delta": 11686.487473966967,
  "mean_defense_keep_ratio": 1.0,
  "dataset_sha256": "16910f90577b0d981bf8ff289714510bb89bc71bff7d3f220f024e287e4eea6b"
}
