{
  "run": "/Users/rhys24z/Documents/UNIVERSITY/Capstone/FL-DNA/artifacts/priority15_selection_objective_replay/strong_dp_stage1_n8_run_20260921/raw/group_4_run",
  "target_file": "paysim_priority15_strong_dp_stage1_n8_targets.pt",
  "groups": [
    4
  ],
  "restarts": 8,
  "initialization": "standard",
  "nonnegative_lambda": 0.001,
  "parameterization": "balance_diff_orig = oldbalanceOrg - newbalanceOrig and balance_diff_dest = newbalanceDest - oldbalanceDest are enforced during optimization",
  "frozen_attack": {
    "attack_lr": 0.1,
    "iterations": 600,
    "restarts": 3,
    "protocol_sha256": "2cbc3f4c93a5d053809ddca2403b42e091929b4b3dc5ee46138951544340499f",
    "selected_before_evaluation": true
  },
  "group_summary": [
    {
      "group_id": 4,
      "n_baseline_restarts": 8,
      "objective_best_restart": 4,
      "fraud_mse_best_restart": 2,
      "objective_best_fraud_mse": 347.95515235401183,
      "fraud_best_fraud_mse": 4.690237899857691,
      "extra_fraud_mse_from_objective_selection": 343.26491445415417,
      "objective_best_objective": 0.8169513940811157,
      "fraud_best_objective": 0.8721517324447632,
      "objective_margin_wrong_minus_fraud_best": -0.05520033836364746,
      "prior_fraud_mse_mean": 77.44074803153069,
      "zero_objective_best_fraud_mse": 137.47601030785728,
      "objective_minus_prior_fraud_mse": 270.51440432248114,
      "objective_minus_zero_fraud_mse": 210.47914204615455,
      "fraud_best_minus_prior_fraud_mse": -72.750510131673,
      "fraud_best_minus_zero_fraud_mse": -132.7857724079996,
      "max_balance_residual_raw": 0.682808930054307
    }
  ],
  "target_gate": {
    "objective_selection": {
      "prior": {
        "n": 1,
        "wins": 0,
        "mean_difference": 270.51440432248114,
        "median_difference": 270.51440432248114,
        "one_sided_sign_p": 1.0,
        "gate": false
      },
      "zero": {
        "n": 1,
        "wins": 0,
        "mean_difference": 210.47914204615455,
        "median_difference": 210.47914204615455,
        "one_sided_sign_p": 1.0,
        "gate": false
      },
      "gate": false
    },
    "fraud_mse_oracle_selection_diagnostic_only": {
      "prior": {
        "n": 1,
        "wins": 1,
        "mean_difference": -72.750510131673,
        "median_difference": -72.750510131673,
        "one_sided_sign_p": 0.5,
        "gate": false
      },
      "zero": {
        "n": 1,
        "wins": 1,
        "mean_difference": -132.7857724079996,
        "median_difference": -132.7857724079996,
        "one_sided_sign_p": 0.5,
        "gate": false
      },
      "gate": false
    }
  },
  "wrong_groups_only_gate": {
    "objective_selection": {
      "prior": {
        "n": 1,
        "wins": 0,
        "mean_difference": 270.51440432248114,
        "median_difference": 270.51440432248114,
        "one_sided_sign_p": 1.0,
        "gate": false
      },
      "zero": {
        "n": 1,
        "wins": 0,
        "mean_difference": 210.47914204615455,
        "median_difference": 210.47914204615455,
        "one_sided_sign_p": 1.0,
        "gate": false
      },
      "gate": false
    },
    "fraud_mse_oracle_selection_diagnostic_only": {
      "prior": {
        "n": 1,
        "wins": 1,
        "mean_difference": -72.750510131673,
        "median_difference": -72.750510131673,
        "one_sided_sign_p": 0.5,
        "gate": false
      },
      "zero": {
        "n": 1,
        "wins": 1,
        "mean_difference": -132.7857724079996,
        "median_difference": -132.7857724079996,
        "one_sided_sign_p": 0.5,
        "gate": false
      },
      "gate": false
    }
  },
  "dataset_sha256": "16910f90577b0d981bf8ff289714510bb89bc71bff7d3f220f024e287e4eea6b",
  "interpretation": "Diagnostic/development target run; do not use as an independent final gate."
}
