{
  "target_file": "paysim_priority15_strong_dp_stage1_n8_targets.pt",
  "groups": [
    4
  ],
  "defense": "clipping_noise_mc",
  "diagnostic": "bounded simple-defense attack; attacker-visible masks/thresholds/factors for retention and clipping; unknown realization for Gaussian noise",
  "target_relative_l2_delta": 0.1,
  "clip_norm": 100.0,
  "noise_multiplier": 0.09866372299196495,
  "defense_seed": 314159265,
  "restarts": 8,
  "iterations": 600,
  "attack_lr": 0.1,
  "nonnegative_lambda": 0.001,
  "clip_factor": 0.95,
  "mc_noise_samples": 100,
  "topk_temperature": null,
  "selection_formula": "argmin_c L_balanced(T_visible_clipping_noise_mc(delta(c)), defended_update; reference=defended_update)",
  "group_summary": [
    {
      "group_id": 4,
      "n_baseline_restarts": 8,
      "objective_best_restart": 1,
      "objective_best_objective": 1.2048757076263428,
      "objective_best_fraud_mse": 152.60780091984233,
      "objective_best_non_fraud_mse": 486.6595775107117,
      "prior_fraud_mse_mean": 77.44074803153069,
      "zero_objective_best_fraud_mse": 58.1799779029467,
      "objective_minus_prior_fraud_mse": 75.16705288831164,
      "objective_minus_zero_fraud_mse": 94.42782301689563,
      "max_balance_residual_raw": 0.5328495502471924,
      "mean_defense_relative_l2_delta": 11143.764466764778,
      "mean_defense_keep_ratio": 1.0
    }
  ],
  "target_gate": {
    "prior": {
      "n": 1,
      "wins": 0,
      "mean_difference": 75.16705288831164,
      "median_difference": 75.16705288831164,
      "one_sided_sign_p": 1.0,
      "gate": false
    },
    "zero": {
      "n": 1,
      "wins": 0,
      "mean_difference": 94.42782301689563,
      "median_difference": 94.42782301689563,
      "one_sided_sign_p": 1.0,
      "gate": false
    },
    "gate": false
  },
  "mean_defense_relative_l2_delta": 11143.764466764778,
  "mean_defense_keep_ratio": 1.0,
  "dataset_sha256": "16910f90577b0d981bf8ff289714510bb89bc71bff7d3f220f024e287e4eea6b"
}
