{
  "ats": {
    "assertion": true,
    "pixels_changed": 2784,
    "policy": "3-1-7",
    "raw_to_transformed_psnr_db": 5.459721388863056
  },
  "fetchsgd": {
    "assertion": true,
    "buckets": 41,
    "dimension": 1000,
    "mismatched_hash_max_abs_error": 19.929141998291016,
    "rows": 5,
    "same_hash_max_abs_error": 2.86102294921875e-06
  },
  "gradient_pruning": {
    "assertion": true,
    "pruning_rate_percent": 70,
    "removed_max_abs": 1.0925244092941284,
    "retained_min_abs": 1.1129006147384644,
    "tensor_elements": 143,
    "zeroed_elements": 100
  },
  "precode": {
    "K": 4,
    "assertion": true,
    "beta": 0.001,
    "gradient_cosine_similarity": 0.7926172614097595,
    "two_forward_outputs_equal": false,
    "two_gradient_vectors_equal": false
  },
  "soteria": {
    "assertion": true,
    "classifier_gradient_zero_rows": 5,
    "masked_units": 5,
    "pruning_rate_percent": 60,
    "representation_units": 8
  }
}
