{
  "target_file": "paysim_priority15_rq1_v2_stage1_n8_targets.pt",
  "groups": [
    1
  ],
  "defense": "dna_transform_v2_iht_compressed_sensing",
  "diagnostic": "final development-only IHT compressed-sensing attacker for DNA Transform v2",
  "amendment": "protocols/amendments/2026-09-16_rq1_v2_confirmatory_protocol.md",
  "v2_config": {
    "compression_ratio": 0.95,
    "quantization_eta": 0.01,
    "seed": 20260916
  },
  "sparsity_fraction": 0.2,
  "iht_iterations": 80,
  "iht_step_size": 1.0,
  "restarts": 4,
  "iterations": 600,
  "attack_lr": 0.1,
  "nonnegative_lambda": 0.001,
  "selection_formula": "IHT sparse update reconstruction from q_obs, then argmin_x L_balanced(delta(x), u_iht)",
  "group_summary": [
    {
      "group_id": 1,
      "n_baseline_restarts": 4,
      "objective_best_restart": 2,
      "objective_best_objective": 1.0060489177703857,
      "objective_best_fraud_mse": 54.01330212544932,
      "objective_best_non_fraud_mse": 11.396190344281699,
      "prior_fraud_mse_mean": 122.90854357173052,
      "zero_objective_best_fraud_mse": 5.121102234647054,
      "objective_minus_prior_fraud_mse": -68.8952414462812,
      "objective_minus_zero_fraud_mse": 48.89219989080227,
      "max_balance_residual_raw": 0.4044564934447408,
      "mean_iht_final_residual_l2": 1.0613859842997542
    }
  ],
  "target_gate": {
    "prior": {
      "n": 1,
      "wins": 1,
      "mean_difference": -68.8952414462812,
      "median_difference": -68.8952414462812,
      "one_sided_sign_p": 0.5,
      "gate": false
    },
    "zero": {
      "n": 1,
      "wins": 0,
      "mean_difference": 48.89219989080227,
      "median_difference": 48.89219989080227,
      "one_sided_sign_p": 1.0,
      "gate": false
    },
    "gate": false
  },
  "dataset_sha256": "16910f90577b0d981bf8ff289714510bb89bc71bff7d3f220f024e287e4eea6b"
}
