Protocol and source audit started. No scientific workload launched yet.
{"dataset": "ieee_cis", "done": 1, "eta_minutes": 0.8087957501411438, "failed": 4, "last_update": "2026-10-02T16:23:29.603159+00:00", "method": "unprotected", "stage": "n8", "total": 16}
{"dataset": "ieee_cis", "done": 2, "eta_minutes": 0.37762691179911295, "failed": 4, "last_update": "2026-10-02T16:23:29.604811+00:00", "method": "unprotected", "stage": "n8", "total": 16}
{"dataset": "ieee_cis", "done": 3, "eta_minutes": 0.2338552051120334, "failed": 4, "last_update": "2026-10-02T16:23:29.606004+00:00", "method": "unprotected", "stage": "n8", "total": 16}
{"dataset": "ieee_cis", "done": 4, "eta_minutes": 0.16194255352020265, "failed": 4, "last_update": "2026-10-02T16:23:29.606861+00:00", "method": "unprotected", "stage": "n8", "total": 16}
{"dataset": "ieee_cis", "done": 5, "eta_minutes": 0.22694125572840373, "failed": 8, "last_update": "2026-10-02T16:23:32.557283+00:00", "method": "unprotected", "stage": "n8", "total": 16}
{"dataset": "ieee_cis", "done": 6, "eta_minutes": 0.17200328244103325, "failed": 8, "last_update": "2026-10-02T16:23:32.560125+00:00", "method": "unprotected", "stage": "n8", "total": 16}
{"dataset": "ieee_cis", "done": 7, "eta_minutes": 0.13272930213383266, "failed": 8, "last_update": "2026-10-02T16:23:32.562039+00:00", "method": "unprotected", "stage": "n8", "total": 16}
{"dataset": "ieee_cis", "done": 8, "eta_minutes": 0.10326793591181437, "failed": 8, "last_update": "2026-10-02T16:23:32.564082+00:00", "method": "unprotected", "stage": "n8", "total": 16}
{"dataset": "baf", "done": 9, "eta_minutes": 0.11910125546985202, "failed": 12, "last_update": "2026-10-02T16:23:35.555792+00:00", "method": "unprotected", "stage": "n8", "total": 16}
{"dataset": "baf", "done": 10, "eta_minutes": 0.09190212011337279, "failed": 12, "last_update": "2026-10-02T16:23:35.558221+00:00", "method": "unprotected", "stage": "n8", "total": 16}
{"dataset": "baf", "done": 11, "eta_minutes": 0.06963078000328758, "failed": 12, "last_update": "2026-10-02T16:23:35.559272+00:00", "method": "unprotected", "stage": "n8", "total": 16}
{"dataset": "baf", "done": 12, "eta_minutes": 0.051068588097890215, "failed": 12, "last_update": "2026-10-02T16:23:35.560356+00:00", "method": "unprotected", "stage": "n8", "total": 16}
{"dataset": "baf", "done": 13, "eta_minutes": 0.04656500449547401, "failed": 16, "last_update": "2026-10-02T16:23:38.474905+00:00", "method": "unprotected", "stage": "n8", "total": 16}
{"dataset": "baf", "done": 14, "eta_minutes": 0.02883116460981823, "failed": 16, "last_update": "2026-10-02T16:23:38.477095+00:00", "method": "unprotected", "stage": "n8", "total": 16}
{"dataset": "baf", "done": 15, "eta_minutes": 0.01345637215508355, "failed": 16, "last_update": "2026-10-02T16:23:38.478744+00:00", "method": "unprotected", "stage": "n8", "total": 16}
{"dataset": "baf", "done": 16, "eta_minutes": 0.0, "failed": 16, "last_update": "2026-10-02T16:23:38.480438+00:00", "method": "unprotected", "stage": "n8", "total": 16}
{"attempt": "attempt2", "dataset": "ieee_cis_then_baf", "done": 0, "eta_minutes": null, "failed": 0, "initial_callback_failures_preserved": 16, "last_update": "2026-10-02T16:27:03.174299+00:00", "method": "unprotected", "stage": "n8_qualification_running", "total": 16}
{"attempt": "attempt2", "dataset": "ieee_cis", "done": 1, "eta_minutes": 57.26541304588318, "failed": 0, "last_update": "2026-10-02T16:29:37.684687+00:00", "method": "unprotected", "stage": "n8", "total": 16}
{"attempt": "attempt2", "dataset": "ieee_cis", "done": 2, "eta_minutes": 26.827935429414115, "failed": 0, "last_update": "2026-10-02T16:29:38.576741+00:00", "method": "unprotected", "stage": "n8", "total": 16}
{"attempt": "attempt2", "dataset": "ieee_cis", "done": 3, "eta_minutes": 16.64665707349777, "failed": 0, "last_update": "2026-10-02T16:29:39.115190+00:00", "method": "unprotected", "stage": "n8", "total": 16}
{"attempt": "attempt2", "dataset": "ieee_cis", "done": 4, "eta_minutes": 11.606691360473633, "failed": 0, "last_update": "2026-10-02T16:29:40.756859+00:00", "method": "unprotected", "stage": "n8", "total": 16}
{"attempt": "attempt2", "dataset": "ieee_cis", "done": 5, "eta_minutes": 16.82530061642329, "failed": 0, "last_update": "2026-10-02T16:33:27.494849+00:00", "method": "unprotected", "stage": "n8", "total": 16}
{"attempt": "attempt2", "dataset": "ieee_cis", "done": 6, "eta_minutes": 12.81549839178721, "failed": 0, "last_update": "2026-10-02T16:33:29.980948+00:00", "method": "unprotected", "stage": "n8", "total": 16}
{"attempt": "attempt2", "dataset": "ieee_cis", "done": 7, "eta_minutes": 9.89496283190591, "failed": 0, "last_update": "2026-10-02T16:33:30.387940+00:00", "method": "unprotected", "stage": "n8", "total": 16}
{"attempt": "attempt2", "dataset": "ieee_cis", "done": 8, "eta_minutes": 7.739584616820017, "failed": 0, "last_update": "2026-10-02T16:33:32.998085+00:00", "method": "unprotected", "stage": "n8", "total": 16}
{"attempt": "attempt2", "dataset": "baf", "done": 9, "eta_minutes": 8.17027616677461, "failed": 0, "last_update": "2026-10-02T16:36:18.901462+00:00", "method": "unprotected", "stage": "n8", "total": 16}
{"attempt": "attempt2", "dataset": "baf", "done": 10, "eta_minutes": 6.309600541591645, "failed": 0, "last_update": "2026-10-02T16:36:19.583061+00:00", "method": "unprotected", "stage": "n8", "total": 16}
{"attempt": "attempt2", "dataset": "baf", "done": 11, "eta_minutes": 4.7970931511936765, "failed": 0, "last_update": "2026-10-02T16:36:21.839300+00:00", "method": "unprotected", "stage": "n8", "total": 16}
{"attempt": "attempt2", "dataset": "baf", "done": 12, "eta_minutes": 3.5239835553699073, "failed": 0, "last_update": "2026-10-02T16:36:22.940048+00:00", "method": "unprotected", "stage": "n8", "total": 16}
{"attempt": "attempt2", "dataset": "baf", "done": 13, "eta_minutes": 3.0805281813328085, "failed": 0, "last_update": "2026-10-02T16:39:09.560363+00:00", "method": "unprotected", "stage": "n8", "total": 16}
{"attempt": "attempt2", "dataset": "baf", "done": 14, "eta_minutes": 1.908690733569009, "failed": 0, "last_update": "2026-10-02T16:39:10.273144+00:00", "method": "unprotected", "stage": "n8", "total": 16}
{"attempt": "attempt2", "dataset": "baf", "done": 15, "eta_minutes": 0.8936774023373921, "failed": 0, "last_update": "2026-10-02T16:39:12.932696+00:00", "method": "unprotected", "stage": "n8", "total": 16}
{"attempt": "attempt2", "dataset": "baf", "done": 16, "eta_minutes": 0.0, "failed": 0, "last_update": "2026-10-02T16:40:00.340699+00:00", "method": "unprotected", "stage": "n8", "total": 16}
{"dataset": "all", "done": 16, "eta_minutes": 0, "failed": 0, "last_update": "2026-10-02T16:45:56.385653+00:00", "method": "all", "stage": "complete_with_explicit_NOT_ASSESSABLE", "total": 16}
{"dataset": "all", "done": 16, "eta_minutes": 0, "failed": 0, "last_update": "2026-10-02T16:47:21.877386+00:00", "method": "all", "stage": "complete_with_explicit_NOT_ASSESSABLE", "total": 16}
