{"part":"protocol_and_implementation","done":0,"total":189,"failed":0,"note":"Protocol written before tests and training; P32 input inspection complete."}
{"part": "training", "dataset": "all", "defense": "all", "comparator": "local_bn_baseline", "done": 0, "total": 189, "failed": 0, "last_update": "2026-10-03T07:17:26.669000+00:00", "eta_minutes": null}
{"part": "training", "dataset": "baf", "defense": "baseline", "comparator": "local_bn_baseline", "done": 1, "total": 189, "failed": 0, "last_update": "2026-10-03T07:19:27.937963+00:00", "eta_minutes": 379.97890671094257}
{"part": "training", "dataset": "baf", "defense": "baseline", "comparator": "local_bn_baseline", "done": 2, "total": 189, "failed": 0, "last_update": "2026-10-03T07:19:31.120803+00:00", "eta_minutes": 193.9388111114502}
{"part": "training", "dataset": "baf", "defense": "dna_v1_conservative", "comparator": "local_bn_baseline", "done": 3, "total": 189, "failed": 0, "last_update": "2026-10-03T07:19:31.137216+00:00", "eta_minutes": 128.61809463500975}
{"part": "training", "dataset": "paysim", "defense": "dna_v2_0p95", "comparator": "local_bn_baseline", "done": 4, "total": 189, "failed": 0, "last_update": "2026-10-03T07:19:40.678871+00:00", "eta_minutes": 103.2999761402607}
{"part": "training", "dataset": "paysim", "defense": "dna_v2_0p95", "comparator": "local_bn_baseline", "done": 5, "total": 189, "failed": 0, "last_update": "2026-10-03T07:21:24.171522+00:00", "eta_minutes": 145.66877150217695}
{"part": "training", "dataset": "baf", "defense": "baseline", "comparator": "local_bn_baseline", "done": 6, "total": 189, "failed": 0, "last_update": "2026-10-03T07:21:32.699205+00:00", "eta_minutes": 125.06581681966782}
{"part": "training", "dataset": "ieee_cis", "defense": "dna_v1_conservative", "comparator": "local_bn_baseline", "done": 7, "total": 189, "failed": 0, "last_update": "2026-10-03T07:21:59.574896+00:00", "eta_minutes": 118.25961500008901}
{"part": "training", "dataset": "ieee_cis", "defense": "dna_v2_0p95", "comparator": "local_bn_baseline", "done": 8, "total": 189, "failed": 0, "last_update": "2026-10-03T07:22:17.743827+00:00", "eta_minutes": 109.75980826119581}
{"part": "training", "dataset": "paysim", "defense": "baseline", "comparator": "local_bn_baseline", "done": 9, "total": 189, "failed": 0, "last_update": "2026-10-03T07:23:19.159437+00:00", "eta_minutes": 117.49711561203003}
{"part": "training", "dataset": "baf", "defense": "dna_v2_0p95", "comparator": "local_bn_baseline", "done": 10, "total": 189, "failed": 0, "last_update": "2026-10-03T07:23:34.702647+00:00", "eta_minutes": 109.79697613159816}
{"part": "training", "dataset": "baf", "defense": "dna_v2_0p95", "comparator": "local_bn_baseline", "done": 11, "total": 189, "failed": 0, "last_update": "2026-10-03T07:24:05.660150+00:00", "eta_minutes": 107.60694917910027}
{"part": "training", "dataset": "ieee_cis", "defense": "dna_v1_conservative", "comparator": "local_bn_baseline", "done": 12, "total": 189, "failed": 0, "last_update": "2026-10-03T07:25:04.464595+00:00", "eta_minutes": 112.54164074758688}
{"part": "training", "dataset": "paysim", "defense": "baseline", "comparator": "local_bn_baseline", "done": 13, "total": 189, "failed": 0, "last_update": "2026-10-03T07:25:30.581061+00:00", "eta_minutes": 109.19061910189116}
{"part": "training", "dataset": "ieee_cis", "defense": "baseline", "comparator": "local_bn_baseline", "done": 14, "total": 189, "failed": 0, "last_update": "2026-10-03T07:25:36.659883+00:00", "eta_minutes": 102.0816235244274}
{"part": "training", "dataset": "baf", "defense": "dna_v1_conservative", "comparator": "local_bn_baseline", "done": 15, "total": 189, "failed": 0, "last_update": "2026-10-03T07:26:15.025349+00:00", "eta_minutes": 102.14907008012136}
{"part": "training", "dataset": "paysim", "defense": "dna_v2_0p95", "comparator": "local_bn_baseline", "done": 16, "total": 189, "failed": 0, "last_update": "2026-10-03T07:27:16.430065+00:00", "eta_minutes": 106.28002258713046}
{"part": "training", "dataset": "paysim", "defense": "dna_v2_0p95", "comparator": "local_bn_baseline", "done": 17, "total": 189, "failed": 0, "last_update": "2026-10-03T07:27:33.524717+00:00", "eta_minutes": 102.33268611945358}
{"part": "training", "dataset": "ieee_cis", "defense": "dna_v1_conservative", "comparator": "local_bn_baseline", "done": 18, "total": 189, "failed": 0, "last_update": "2026-10-03T07:27:58.346378+00:00", "eta_minutes": 100.01572889288266}
{"part": "training", "dataset": "paysim", "defense": "dna_v1_conservative", "comparator": "local_bn_baseline", "done": 19, "total": 189, "failed": 0, "last_update": "2026-10-03T07:28:15.274417+00:00", "eta_minutes": 96.72199614006175}
{"part": "training", "dataset": "baf", "defense": "baseline", "comparator": "local_bn_baseline", "done": 20, "total": 189, "failed": 0, "last_update": "2026-10-03T07:29:39.479972+00:00", "eta_minutes": 103.20433974881966}
{"part": "training", "dataset": "ieee_cis", "defense": "baseline", "comparator": "local_bn_baseline", "done": 21, "total": 189, "failed": 0, "last_update": "2026-10-03T07:29:51.037112+00:00", "eta_minutes": 99.24920237859091}
{"part": "training", "dataset": "paysim", "defense": "baseline", "comparator": "local_bn_baseline", "done": 22, "total": 189, "failed": 0, "last_update": "2026-10-03T07:29:53.094013+00:00", "eta_minutes": 94.43418884746957}
{"part": "training", "dataset": "baf", "defense": "dna_v1_conservative", "comparator": "local_bn_baseline", "done": 23, "total": 189, "failed": 0, "last_update": "2026-10-03T07:30:22.104205+00:00", "eta_minutes": 93.27709786580955}
{"part": "training", "dataset": "baf", "defense": "dna_v2_0p95", "comparator": "local_bn_baseline", "done": 24, "total": 189, "failed": 0, "last_update": "2026-10-03T07:31:42.713332+00:00", "eta_minutes": 98.08851740260918}
{"part": "training", "dataset": "paysim", "defense": "dna_v1_conservative", "comparator": "local_bn_baseline", "done": 25, "total": 189, "failed": 0, "last_update": "2026-10-03T07:31:49.844191+00:00", "eta_minutes": 94.37392013804119}
{"part": "training", "dataset": "paysim", "defense": "dna_v1_conservative", "comparator": "local_bn_baseline", "done": 26, "total": 189, "failed": 0, "last_update": "2026-10-03T07:32:07.710192+00:00", "eta_minutes": 92.0576041331658}
{"part": "training", "dataset": "baf", "defense": "dna_v1_conservative", "comparator": "local_bn_baseline", "done": 27, "total": 189, "failed": 0, "last_update": "2026-10-03T07:32:31.151903+00:00", "eta_minutes": 90.44838128089904}
{"part": "training", "dataset": "ieee_cis", "defense": "baseline", "comparator": "local_bn_baseline", "done": 28, "total": 189, "failed": 0, "last_update": "2026-10-03T07:34:03.444829+00:00", "eta_minutes": 95.52443745334944}
{"part": "training", "dataset": "ieee_cis", "defense": "baseline", "comparator": "local_bn_baseline", "done": 29, "total": 189, "failed": 0, "last_update": "2026-10-03T07:34:09.110628+00:00", "eta_minutes": 92.17862418602253}
{"part": "training", "dataset": "paysim", "defense": "baseline", "comparator": "local_bn_baseline", "done": 30, "total": 189, "failed": 0, "last_update": "2026-10-03T07:34:31.037917+00:00", "eta_minutes": 90.48600128253301}
{"part": "training", "dataset": "ieee_cis", "defense": "baseline", "comparator": "local_bn_baseline", "done": 31, "total": 189, "failed": 0, "last_update": "2026-10-03T07:34:45.868119+00:00", "eta_minutes": 88.2761314868927}
{"part": "training", "dataset": "baf", "defense": "dna_v2_0p95", "comparator": "local_bn_baseline", "done": 32, "total": 189, "failed": 0, "last_update": "2026-10-03T07:36:08.280831+00:00", "eta_minutes": 91.7152085668097}
{"part": "training", "dataset": "ieee_cis", "defense": "dna_v1_conservative", "comparator": "local_bn_baseline", "done": 33, "total": 189, "failed": 0, "last_update": "2026-10-03T07:36:39.734815+00:00", "eta_minutes": 90.84768119580819}
{"part": "training", "dataset": "ieee_cis", "defense": "dna_v1_conservative", "comparator": "local_bn_baseline", "done": 34, "total": 189, "failed": 0, "last_update": "2026-10-03T07:37:04.346304+00:00", "eta_minutes": 89.48045252175893}
{"part": "training", "dataset": "ieee_cis", "defense": "dna_v1_conservative", "comparator": "local_bn_baseline", "done": 35, "total": 189, "failed": 0, "last_update": "2026-10-03T07:37:33.509867+00:00", "eta_minutes": 88.50173014481862}
{"part": "training", "dataset": "baf", "defense": "dna_v1_conservative", "comparator": "local_bn_baseline", "done": 36, "total": 189, "failed": 0, "last_update": "2026-10-03T07:38:14.511702+00:00", "eta_minutes": 88.38892242908477}
{"part": "training", "dataset": "baf", "defense": "dna_v1_conservative", "comparator": "local_bn_baseline", "done": 37, "total": 189, "failed": 0, "last_update": "2026-10-03T07:38:48.418171+00:00", "eta_minutes": 87.75946500967214}
{"part": "training", "dataset": "ieee_cis", "defense": "dna_v2_0p95", "comparator": "local_bn_baseline", "done": 38, "total": 189, "failed": 0, "last_update": "2026-10-03T07:39:28.457336+00:00", "eta_minutes": 87.53955086772902}
{"part": "training", "dataset": "paysim", "defense": "baseline", "comparator": "local_bn_baseline", "done": 39, "total": 189, "failed": 0, "last_update": "2026-10-03T07:39:48.550729+00:00", "eta_minutes": 86.01811786492665}
{"part": "training", "dataset": "ieee_cis", "defense": "dna_v2_0p95", "comparator": "local_bn_baseline", "done": 40, "total": 189, "failed": 0, "last_update": "2026-10-03T07:40:35.310986+00:00", "eta_minutes": 86.21157977461816}
{"part": "training", "dataset": "baf", "defense": "dna_v1_conservative", "comparator": "local_bn_baseline", "done": 41, "total": 189, "failed": 0, "last_update": "2026-10-03T07:40:56.395262+00:00", "eta_minutes": 84.81285422991931}
{"part": "training", "dataset": "ieee_cis", "defense": "dna_v1_conservative", "comparator": "local_bn_baseline", "done": 42, "total": 189, "failed": 0, "last_update": "2026-10-03T07:42:01.435939+00:00", "eta_minutes": 86.02812445362409}
{"part": "training", "dataset": "baf", "defense": "baseline", "comparator": "local_bn_baseline", "done": 43, "total": 189, "failed": 0, "last_update": "2026-10-03T07:42:12.108167+00:00", "eta_minutes": 84.0597872394}
{"part": "training", "dataset": "paysim", "defense": "baseline", "comparator": "local_bn_baseline", "done": 44, "total": 189, "failed": 0, "last_update": "2026-10-03T07:42:52.570245+00:00", "eta_minutes": 83.80901970240204}
{"part": "training", "dataset": "ieee_cis", "defense": "baseline", "comparator": "local_bn_baseline", "done": 45, "total": 189, "failed": 0, "last_update": "2026-10-03T07:42:53.735607+00:00", "eta_minutes": 81.44360084533692}
{"part": "training", "dataset": "ieee_cis", "defense": "dna_v1_conservative", "comparator": "local_bn_baseline", "done": 46, "total": 189, "failed": 0, "last_update": "2026-10-03T07:44:32.327253+00:00", "eta_minutes": 84.22799280372217}
{"part": "training", "dataset": "baf", "defense": "dna_v1_conservative", "comparator": "local_bn_baseline", "done": 47, "total": 189, "failed": 0, "last_update": "2026-10-03T07:44:35.475795+00:00", "eta_minutes": 82.01797652295296}
{"part": "training", "dataset": "paysim", "defense": "dna_v1_conservative", "comparator": "local_bn_baseline", "done": 48, "total": 189, "failed": 0, "last_update": "2026-10-03T07:44:50.769151+00:00", "eta_minutes": 80.49244781831901}
{"part": "training", "dataset": "baf", "defense": "baseline", "comparator": "local_bn_baseline", "done": 49, "total": 189, "failed": 0, "last_update": "2026-10-03T07:44:57.486666+00:00", "eta_minutes": 78.61040831747509}
{"part": "training", "dataset": "baf", "defense": "dna_v1_conservative", "comparator": "local_bn_baseline", "done": 50, "total": 189, "failed": 0, "last_update": "2026-10-03T07:46:39.492733+00:00", "eta_minutes": 81.21420836583773}
{"part": "training", "dataset": "baf", "defense": "baseline", "comparator": "local_bn_baseline", "done": 51, "total": 189, "failed": 0, "last_update": "2026-10-03T07:46:54.970839+00:00", "eta_minutes": 79.74698653314628}
{"part": "training", "dataset": "ieee_cis", "defense": "dna_v1_conservative", "comparator": "local_bn_baseline", "done": 52, "total": 189, "failed": 0, "last_update": "2026-10-03T07:47:19.417659+00:00", "eta_minutes": 78.72009315727612}
{"part": "training", "dataset": "ieee_cis", "defense": "dna_v1_conservative", "comparator": "local_bn_baseline", "done": 53, "total": 189, "failed": 0, "last_update": "2026-10-03T07:47:27.795419+00:00", "eta_minutes": 77.02934484181915}
{"part": "training", "dataset": "paysim", "defense": "dna_v1_conservative", "comparator": "local_bn_baseline", "done": 54, "total": 189, "failed": 0, "last_update": "2026-10-03T07:48:39.652773+00:00", "eta_minutes": 78.0410284101963}
{"part": "training", "dataset": "baf", "defense": "dna_v2_0p95", "comparator": "local_bn_baseline", "done": 55, "total": 189, "failed": 0, "last_update": "2026-10-03T07:49:32.834183+00:00", "eta_minutes": 78.21401709484331}
{"part": "training", "dataset": "ieee_cis", "defense": "dna_v2_0p95", "comparator": "local_bn_baseline", "done": 56, "total": 189, "failed": 0, "last_update": "2026-10-03T07:49:33.009672+00:00", "eta_minutes": 76.25102087159952}
{"part": "training", "dataset": "ieee_cis", "defense": "dna_v2_0p95", "comparator": "local_bn_baseline", "done": 57, "total": 189, "failed": 0, "last_update": "2026-10-03T07:49:41.204342+00:00", "eta_minutes": 74.66631151835124}
{"part": "training", "dataset": "baf", "defense": "baseline", "comparator": "local_bn_baseline", "done": 58, "total": 189, "failed": 0, "last_update": "2026-10-03T07:50:43.758717+00:00", "eta_minutes": 75.1778367744095}
{"part": "training", "dataset": "paysim", "defense": "dna_v2_0p95", "comparator": "local_bn_baseline", "done": 59, "total": 189, "failed": 0, "last_update": "2026-10-03T07:51:36.566485+00:00", "eta_minutes": 75.2787546121468}
{"part": "training", "dataset": "baf", "defense": "dna_v2_0p95", "comparator": "local_bn_baseline", "done": 60, "total": 189, "failed": 0, "last_update": "2026-10-03T07:51:37.100214+00:00", "eta_minutes": 73.47381777306397}
{"part": "training", "dataset": "baf", "defense": "baseline", "comparator": "local_bn_baseline", "done": 61, "total": 189, "failed": 0, "last_update": "2026-10-03T07:51:52.237286+00:00", "eta_minutes": 72.23848554267258}
{"part": "training", "dataset": "paysim", "defense": "baseline", "comparator": "local_bn_baseline", "done": 62, "total": 189, "failed": 0, "last_update": "2026-10-03T07:52:40.510653+00:00", "eta_minutes": 72.16613046738411}
{"part": "training", "dataset": "paysim", "defense": "baseline", "comparator": "local_bn_baseline", "done": 63, "total": 189, "failed": 0, "last_update": "2026-10-03T07:53:32.019000+00:00", "eta_minutes": 72.17836362520853}
{"part": "training", "dataset": "paysim", "defense": "baseline", "comparator": "local_bn_baseline", "done": 64, "total": 189, "failed": 0, "last_update": "2026-10-03T07:53:32.873121+00:00", "eta_minutes": 70.5144866136834}
{"part": "training", "dataset": "ieee_cis", "defense": "dna_v2_0p95", "comparator": "local_bn_baseline", "done": 65, "total": 189, "failed": 0, "last_update": "2026-10-03T07:54:28.871610+00:00", "eta_minutes": 70.65467601482685}
{"part": "training", "dataset": "ieee_cis", "defense": "dna_v2_0p95", "comparator": "local_bn_baseline", "done": 66, "total": 189, "failed": 0, "last_update": "2026-10-03T07:55:01.831562+00:00", "eta_minutes": 70.04674419670394}
{"part": "training", "dataset": "baf", "defense": "dna_v1_conservative", "comparator": "local_bn_baseline", "done": 67, "total": 189, "failed": 0, "last_update": "2026-10-03T07:55:36.928778+00:00", "eta_minutes": 69.5054238305163}
{"part": "training", "dataset": "ieee_cis", "defense": "dna_v2_0p95", "comparator": "local_bn_baseline", "done": 68, "total": 189, "failed": 0, "last_update": "2026-10-03T07:55:53.234648+00:00", "eta_minutes": 68.40552781960542}
{"part": "training", "dataset": "paysim", "defense": "dna_v1_conservative", "comparator": "local_bn_baseline", "done": 69, "total": 189, "failed": 0, "last_update": "2026-10-03T07:56:44.361690+00:00", "eta_minutes": 68.33894492577815}
{"part": "training", "dataset": "paysim", "defense": "baseline", "comparator": "local_bn_baseline", "done": 70, "total": 189, "failed": 0, "last_update": "2026-10-03T07:56:59.770082+00:00", "eta_minutes": 67.2378897702694}
{"part": "training", "dataset": "paysim", "defense": "dna_v1_conservative", "comparator": "local_bn_baseline", "done": 71, "total": 189, "failed": 0, "last_update": "2026-10-03T07:57:33.719561+00:00", "eta_minutes": 66.67419566884287}
{"part": "training", "dataset": "ieee_cis", "defense": "baseline", "comparator": "local_bn_baseline", "done": 72, "total": 189, "failed": 0, "last_update": "2026-10-03T07:58:10.757191+00:00", "eta_minutes": 66.19407981435458}
{"part": "training", "dataset": "baf", "defense": "dna_v2_0p95", "comparator": "local_bn_baseline", "done": 73, "total": 189, "failed": 0, "last_update": "2026-10-03T07:59:06.482962+00:00", "eta_minutes": 66.20514272315317}
{"part": "training", "dataset": "baf", "defense": "dna_v2_0p95", "comparator": "local_bn_baseline", "done": 74, "total": 189, "failed": 0, "last_update": "2026-10-03T07:59:07.822550+00:00", "eta_minutes": 64.78215380509694}
{"part": "training", "dataset": "ieee_cis", "defense": "dna_v1_conservative", "comparator": "local_bn_baseline", "done": 75, "total": 189, "failed": 0, "last_update": "2026-10-03T08:00:04.525755+00:00", "eta_minutes": 64.7990608180364}
{"part": "training", "dataset": "baf", "defense": "dna_v2_0p95", "comparator": "local_bn_baseline", "done": 76, "total": 189, "failed": 0, "last_update": "2026-10-03T08:00:17.072357+00:00", "eta_minutes": 63.69642152462089}
{"part": "training", "dataset": "paysim", "defense": "dna_v2_0p95", "comparator": "local_bn_baseline", "done": 77, "total": 189, "failed": 0, "last_update": "2026-10-03T08:01:23.183971+00:00", "eta_minutes": 63.915536458564524}
{"part": "training", "dataset": "ieee_cis", "defense": "dna_v1_conservative", "comparator": "local_bn_baseline", "done": 78, "total": 189, "failed": 0, "last_update": "2026-10-03T08:01:38.216871+00:00", "eta_minutes": 62.889297986336246}
{"part": "training", "dataset": "baf", "defense": "dna_v2_0p95", "comparator": "local_bn_baseline", "done": 79, "total": 189, "failed": 0, "last_update": "2026-10-03T08:02:09.560477+00:00", "eta_minutes": 62.26121572452256}
{"part": "training", "dataset": "paysim", "defense": "dna_v2_0p95", "comparator": "local_bn_baseline", "done": 80, "total": 189, "failed": 0, "last_update": "2026-10-03T08:02:14.323034+00:00", "eta_minutes": 61.032164352039494}
{"part": "training", "dataset": "baf", "defense": "dna_v2_0p95", "comparator": "local_bn_baseline", "done": 81, "total": 189, "failed": 0, "last_update": "2026-10-03T08:03:42.334410+00:00", "eta_minutes": 61.68147379557292}
{"part": "training", "dataset": "ieee_cis", "defense": "dna_v2_0p95", "comparator": "local_bn_baseline", "done": 82, "total": 189, "failed": 0, "last_update": "2026-10-03T08:03:57.412498+00:00", "eta_minutes": 60.69301862173934}
{"part": "training", "dataset": "baf", "defense": "baseline", "comparator": "local_bn_baseline", "done": 83, "total": 189, "failed": 0, "last_update": "2026-10-03T08:04:11.925433+00:00", "eta_minutes": 59.71029685510689}
{"part": "training", "dataset": "paysim", "defense": "dna_v1_conservative", "comparator": "local_bn_baseline", "done": 84, "total": 189, "failed": 0, "last_update": "2026-10-03T08:04:12.205444+00:00", "eta_minutes": 58.448694874842964}
{"part": "training", "dataset": "ieee_cis", "defense": "dna_v2_0p95", "comparator": "local_bn_baseline", "done": 85, "total": 189, "failed": 0, "last_update": "2026-10-03T08:06:02.987207+00:00", "eta_minutes": 59.47003689223645}
{"part": "training", "dataset": "baf", "defense": "dna_v2_0p95", "comparator": "local_bn_baseline", "done": 86, "total": 189, "failed": 0, "last_update": "2026-10-03T08:06:18.978533+00:00", "eta_minutes": 58.53255341496578}
{"part": "training", "dataset": "baf", "defense": "dna_v1_conservative", "comparator": "local_bn_baseline", "done": 87, "total": 189, "failed": 0, "last_update": "2026-10-03T08:06:19.202078+00:00", "eta_minutes": 57.302388266585346}
{"part": "training", "dataset": "ieee_cis", "defense": "dna_v1_conservative", "comparator": "local_bn_baseline", "done": 88, "total": 189, "failed": 0, "last_update": "2026-10-03T08:06:41.219216+00:00", "eta_minutes": 56.51698172530442}
{"part": "training", "dataset": "paysim", "defense": "baseline", "comparator": "local_bn_baseline", "done": 89, "total": 189, "failed": 0, "last_update": "2026-10-03T08:08:01.083414+00:00", "eta_minutes": 56.824256980910285}
{"part": "training", "dataset": "paysim", "defense": "dna_v2_0p95", "comparator": "local_bn_baseline", "done": 90, "total": 189, "failed": 0, "last_update": "2026-10-03T08:08:13.861376+00:00", "eta_minutes": 55.86521025975546}
{"part": "training", "dataset": "baf", "defense": "baseline", "comparator": "local_bn_baseline", "done": 91, "total": 189, "failed": 0, "last_update": "2026-10-03T08:08:40.437896+00:00", "eta_minutes": 55.17022725129739}
{"part": "training", "dataset": "baf", "defense": "dna_v2_0p95", "comparator": "local_bn_baseline", "done": 92, "total": 189, "failed": 0, "last_update": "2026-10-03T08:08:46.269690+00:00", "eta_minutes": 54.11618751827358}
{"part": "training", "dataset": "baf", "defense": "dna_v2_0p95", "comparator": "local_bn_baseline", "done": 93, "total": 189, "failed": 0, "last_update": "2026-10-03T08:10:18.550763+00:00", "eta_minutes": 54.57002447805097}
{"part": "training", "dataset": "ieee_cis", "defense": "dna_v2_0p95", "comparator": "local_bn_baseline", "done": 94, "total": 189, "failed": 0, "last_update": "2026-10-03T08:10:24.318024+00:00", "eta_minutes": 53.524245339082476}
{"part": "training", "dataset": "paysim", "defense": "dna_v1_conservative", "comparator": "local_bn_baseline", "done": 95, "total": 189, "failed": 0, "last_update": "2026-10-03T08:10:56.506444+00:00", "eta_minutes": 52.934176326718244}
{"part": "training", "dataset": "ieee_cis", "defense": "baseline", "comparator": "local_bn_baseline", "done": 96, "total": 189, "failed": 0, "last_update": "2026-10-03T08:11:06.253000+00:00", "eta_minutes": 51.982881311823924}
{"part": "training", "dataset": "paysim", "defense": "baseline", "comparator": "local_bn_baseline", "done": 97, "total": 189, "failed": 0, "last_update": "2026-10-03T08:12:15.088805+00:00", "eta_minutes": 51.9819081922577}
{"part": "training", "dataset": "ieee_cis", "defense": "dna_v1_conservative", "comparator": "local_bn_baseline", "done": 98, "total": 189, "failed": 0, "last_update": "2026-10-03T08:12:56.685194+00:00", "eta_minutes": 51.53597895588193}
{"part": "training", "dataset": "ieee_cis", "defense": "baseline", "comparator": "local_bn_baseline", "done": 99, "total": 189, "failed": 0, "last_update": "2026-10-03T08:13:26.226352+00:00", "eta_minutes": 50.902397892691866}
{"part": "training", "dataset": "ieee_cis", "defense": "dna_v2_0p95", "comparator": "local_bn_baseline", "done": 100, "total": 189, "failed": 0, "last_update": "2026-10-03T08:13:33.990609+00:00", "eta_minutes": 49.94861736257871}
{"part": "training", "dataset": "paysim", "defense": "dna_v1_conservative", "comparator": "local_bn_baseline", "done": 101, "total": 189, "failed": 0, "last_update": "2026-10-03T08:14:12.974292+00:00", "eta_minutes": 49.46451249988165}
{"part": "training", "dataset": "ieee_cis", "defense": "baseline", "comparator": "local_bn_baseline", "done": 102, "total": 189, "failed": 0, "last_update": "2026-10-03T08:15:16.122658+00:00", "eta_minutes": 49.32067768106273}
{"part": "training", "dataset": "baf", "defense": "dna_v2_0p95", "comparator": "local_bn_baseline", "done": 103, "total": 189, "failed": 0, "last_update": "2026-10-03T08:15:31.929339+00:00", "eta_minutes": 48.5003992588389}
{"part": "training", "dataset": "baf", "defense": "baseline", "comparator": "local_bn_baseline", "done": 104, "total": 189, "failed": 0, "last_update": "2026-10-03T08:15:53.872182+00:00", "eta_minutes": 47.77441471184675}
{"part": "training", "dataset": "baf", "defense": "dna_v1_conservative", "comparator": "local_bn_baseline", "done": 105, "total": 189, "failed": 0, "last_update": "2026-10-03T08:16:19.037490+00:00", "eta_minutes": 47.098258663813276}
{"part": "training", "dataset": "baf", "defense": "dna_v2_0p95", "comparator": "local_bn_baseline", "done": 106, "total": 189, "failed": 0, "last_update": "2026-10-03T08:17:21.583066+00:00", "eta_minutes": 46.914770858767646}
{"part": "training", "dataset": "ieee_cis", "defense": "baseline", "comparator": "local_bn_baseline", "done": 107, "total": 189, "failed": 0, "last_update": "2026-10-03T08:17:48.595107+00:00", "eta_minutes": 46.26137308658469}
{"part": "training", "dataset": "paysim", "defense": "dna_v1_conservative", "comparator": "local_bn_baseline", "done": 108, "total": 189, "failed": 0, "last_update": "2026-10-03T08:18:09.223955+00:00", "eta_minutes": 45.5319483101368}
{"part": "training", "dataset": "baf", "defense": "dna_v2_0p95", "comparator": "local_bn_baseline", "done": 109, "total": 189, "failed": 0, "last_update": "2026-10-03T08:18:21.467410+00:00", "eta_minutes": 44.70702531797077}
{"part": "training", "dataset": "paysim", "defense": "baseline", "comparator": "local_bn_baseline", "done": 110, "total": 189, "failed": 0, "last_update": "2026-10-03T08:19:20.679494+00:00", "eta_minutes": 44.45559104832736}
{"part": "training", "dataset": "ieee_cis", "defense": "baseline", "comparator": "local_bn_baseline", "done": 111, "total": 189, "failed": 0, "last_update": "2026-10-03T08:20:07.253155+00:00", "eta_minutes": 44.042888147336946}
{"part": "training", "dataset": "paysim", "defense": "dna_v1_conservative", "comparator": "local_bn_baseline", "done": 112, "total": 189, "failed": 0, "last_update": "2026-10-03T08:20:18.815659+00:00", "eta_minutes": 43.22252421379089}
{"part": "training", "dataset": "baf", "defense": "baseline", "comparator": "local_bn_baseline", "done": 113, "total": 189, "failed": 0, "last_update": "2026-10-03T08:20:28.799243+00:00", "eta_minutes": 42.395570445131064}
{"part": "training", "dataset": "paysim", "defense": "dna_v2_0p95", "comparator": "local_bn_baseline", "done": 114, "total": 189, "failed": 0, "last_update": "2026-10-03T08:21:21.407158+00:00", "eta_minutes": 42.047577453287026}
{"part": "training", "dataset": "paysim", "defense": "baseline", "comparator": "local_bn_baseline", "done": 115, "total": 189, "failed": 0, "last_update": "2026-10-03T08:22:03.390664+00:00", "eta_minutes": 41.57644498368968}
{"part": "training", "dataset": "paysim", "defense": "dna_v2_0p95", "comparator": "local_bn_baseline", "done": 116, "total": 189, "failed": 0, "last_update": "2026-10-03T08:22:15.192936+00:00", "eta_minutes": 40.78481520342416}
{"part": "training", "dataset": "baf", "defense": "baseline", "comparator": "local_bn_baseline", "done": 117, "total": 189, "failed": 0, "last_update": "2026-10-03T08:22:48.333714+00:00", "eta_minutes": 40.22221152476776}
{"part": "training", "dataset": "paysim", "defense": "dna_v2_0p95", "comparator": "local_bn_baseline", "done": 118, "total": 189, "failed": 0, "last_update": "2026-10-03T08:23:19.982987+00:00", "eta_minutes": 39.64482452071319}
{"part": "training", "dataset": "paysim", "defense": "dna_v2_0p95", "comparator": "local_bn_baseline", "done": 119, "total": 189, "failed": 0, "last_update": "2026-10-03T08:24:01.714200+00:00", "eta_minutes": 39.16711871530496}
{"part": "training", "dataset": "ieee_cis", "defense": "baseline", "comparator": "local_bn_baseline", "done": 120, "total": 189, "failed": 0, "last_update": "2026-10-03T08:24:32.258826+00:00", "eta_minutes": 38.57857786526282}
{"part": "training", "dataset": "paysim", "defense": "baseline", "comparator": "local_bn_baseline", "done": 121, "total": 189, "failed": 0, "last_update": "2026-10-03T08:25:20.695708+00:00", "eta_minutes": 38.15893636406618}
{"part": "training", "dataset": "ieee_cis", "defense": "dna_v2_0p95", "comparator": "local_bn_baseline", "done": 122, "total": 189, "failed": 0, "last_update": "2026-10-03T08:25:25.186141+00:00", "eta_minutes": 37.33069799604312}
{"part": "training", "dataset": "ieee_cis", "defense": "dna_v1_conservative", "comparator": "local_bn_baseline", "done": 123, "total": 189, "failed": 0, "last_update": "2026-10-03T08:26:32.390166+00:00", "eta_minutes": 37.07556299291006}
{"part": "training", "dataset": "baf", "defense": "dna_v2_0p95", "comparator": "local_bn_baseline", "done": 124, "total": 189, "failed": 0, "last_update": "2026-10-03T08:26:36.571459+00:00", "eta_minutes": 36.2558762072235}
{"part": "training", "dataset": "paysim", "defense": "dna_v2_0p95", "comparator": "local_bn_baseline", "done": 125, "total": 189, "failed": 0, "last_update": "2026-10-03T08:27:20.259831+00:00", "eta_minutes": 35.78531617024739}
{"part": "training", "dataset": "ieee_cis", "defense": "baseline", "comparator": "local_bn_baseline", "done": 126, "total": 189, "failed": 0, "last_update": "2026-10-03T08:27:59.320802+00:00", "eta_minutes": 35.272105940183}
{"part": "training", "dataset": "baf", "defense": "baseline", "comparator": "local_bn_baseline", "done": 127, "total": 189, "failed": 0, "last_update": "2026-10-03T08:28:39.021866+00:00", "eta_minutes": 34.761933600620964}
{"part": "training", "dataset": "ieee_cis", "defense": "dna_v2_0p95", "comparator": "local_bn_baseline", "done": 128, "total": 189, "failed": 0, "last_update": "2026-10-03T08:28:58.242500+00:00", "eta_minutes": 34.08672382912288}
{"part": "training", "dataset": "baf", "defense": "baseline", "comparator": "local_bn_baseline", "done": 129, "total": 189, "failed": 0, "last_update": "2026-10-03T08:29:25.631800+00:00", "eta_minutes": 33.48033882111542}
{"part": "training", "dataset": "ieee_cis", "defense": "dna_v2_0p95", "comparator": "local_bn_baseline", "done": 130, "total": 189, "failed": 0, "last_update": "2026-10-03T08:30:39.288086+00:00", "eta_minutes": 33.22622816639069}
{"part": "training", "dataset": "ieee_cis", "defense": "dna_v2_0p95", "comparator": "local_bn_baseline", "done": 131, "total": 189, "failed": 0, "last_update": "2026-10-03T08:31:01.673110+00:00", "eta_minutes": 32.57891742679606}
{"part": "training", "dataset": "ieee_cis", "defense": "dna_v1_conservative", "comparator": "local_bn_baseline", "done": 132, "total": 189, "failed": 0, "last_update": "2026-10-03T08:31:29.613567+00:00", "eta_minutes": 31.9757439341509}
{"part": "training", "dataset": "ieee_cis", "defense": "baseline", "comparator": "local_bn_baseline", "done": 133, "total": 189, "failed": 0, "last_update": "2026-10-03T08:31:47.216731+00:00", "eta_minutes": 31.302095711022094}
{"part": "training", "dataset": "paysim", "defense": "baseline", "comparator": "local_bn_baseline", "done": 134, "total": 189, "failed": 0, "last_update": "2026-10-03T08:32:52.519032+00:00", "eta_minutes": 30.960423109988074}
{"part": "training", "dataset": "ieee_cis", "defense": "dna_v1_conservative", "comparator": "local_bn_baseline", "done": 135, "total": 189, "failed": 0, "last_update": "2026-10-03T08:33:32.298827+00:00", "eta_minutes": 30.437538239161174}
{"part": "training", "dataset": "ieee_cis", "defense": "baseline", "comparator": "local_bn_baseline", "done": 136, "total": 189, "failed": 0, "last_update": "2026-10-03T08:33:46.987536+00:00", "eta_minutes": 29.749623851711842}
{"part": "training", "dataset": "baf", "defense": "dna_v1_conservative", "comparator": "local_bn_baseline", "done": 137, "total": 189, "failed": 0, "last_update": "2026-10-03T08:33:56.024400+00:00", "eta_minutes": 29.03242434480764}
{"part": "training", "dataset": "paysim", "defense": "dna_v2_0p95", "comparator": "local_bn_baseline", "done": 138, "total": 189, "failed": 0, "last_update": "2026-10-03T08:35:04.889516+00:00", "eta_minutes": 28.69194356453591}
{"part": "training", "dataset": "paysim", "defense": "dna_v1_conservative", "comparator": "local_bn_baseline", "done": 139, "total": 189, "failed": 0, "last_update": "2026-10-03T08:35:31.031519+00:00", "eta_minutes": 28.08371360782239}
{"part": "training", "dataset": "baf", "defense": "baseline", "comparator": "local_bn_baseline", "done": 140, "total": 189, "failed": 0, "last_update": "2026-10-03T08:35:46.667177+00:00", "eta_minutes": 27.41666133304437}
{"part": "training", "dataset": "paysim", "defense": "dna_v2_0p95", "comparator": "local_bn_baseline", "done": 141, "total": 189, "failed": 0, "last_update": "2026-10-03T08:35:53.921491+00:00", "eta_minutes": 26.707820708362767}
{"part": "training", "dataset": "paysim", "defense": "dna_v2_0p95", "comparator": "local_bn_baseline", "done": 142, "total": 189, "failed": 0, "last_update": "2026-10-03T08:37:17.733647+00:00", "eta_minutes": 26.429586986280942}
{"part": "training", "dataset": "paysim", "defense": "baseline", "comparator": "local_bn_baseline", "done": 143, "total": 189, "failed": 0, "last_update": "2026-10-03T08:37:28.738562+00:00", "eta_minutes": 25.74536616563241}
{"part": "training", "dataset": "ieee_cis", "defense": "dna_v1_conservative", "comparator": "local_bn_baseline", "done": 144, "total": 189, "failed": 0, "last_update": "2026-10-03T08:38:15.187587+00:00", "eta_minutes": 25.252705713113148}
{"part": "training", "dataset": "ieee_cis", "defense": "dna_v1_conservative", "comparator": "local_bn_baseline", "done": 145, "total": 189, "failed": 0, "last_update": "2026-10-03T08:38:23.482278+00:00", "eta_minutes": 24.56319819220181}
{"part": "training", "dataset": "paysim", "defense": "baseline", "comparator": "local_bn_baseline", "done": 146, "total": 189, "failed": 0, "last_update": "2026-10-03T08:39:25.742390+00:00", "eta_minutes": 24.1461409600358}
{"part": "training", "dataset": "ieee_cis", "defense": "dna_v2_0p95", "comparator": "local_bn_baseline", "done": 147, "total": 189, "failed": 0, "last_update": "2026-10-03T08:39:54.956096+00:00", "eta_minutes": 23.563276218232655}
{"part": "training", "dataset": "paysim", "defense": "dna_v2_0p95", "comparator": "local_bn_baseline", "done": 148, "total": 189, "failed": 0, "last_update": "2026-10-03T08:40:10.799868+00:00", "eta_minutes": 22.919977802736263}
{"part": "training", "dataset": "paysim", "defense": "dna_v1_conservative", "comparator": "local_bn_baseline", "done": 149, "total": 189, "failed": 0, "last_update": "2026-10-03T08:40:22.851080+00:00", "eta_minutes": 22.26480084937691}
{"part": "training", "dataset": "paysim", "defense": "dna_v1_conservative", "comparator": "local_bn_baseline", "done": 150, "total": 189, "failed": 0, "last_update": "2026-10-03T08:41:26.540601+00:00", "eta_minutes": 21.839447547276812}
{"part": "training", "dataset": "paysim", "defense": "dna_v1_conservative", "comparator": "local_bn_baseline", "done": 151, "total": 189, "failed": 0, "last_update": "2026-10-03T08:42:08.774431+00:00", "eta_minutes": 21.315677809452115}
{"part": "training", "dataset": "baf", "defense": "dna_v2_0p95", "comparator": "local_bn_baseline", "done": 152, "total": 189, "failed": 0, "last_update": "2026-10-03T08:42:18.187043+00:00", "eta_minutes": 20.656381704017786}
{"part": "training", "dataset": "ieee_cis", "defense": "dna_v1_conservative", "comparator": "local_bn_baseline", "done": 153, "total": 189, "failed": 0, "last_update": "2026-10-03T08:42:53.539764+00:00", "eta_minutes": 20.105379113029027}
{"part": "training", "dataset": "paysim", "defense": "baseline", "comparator": "local_bn_baseline", "done": 154, "total": 189, "failed": 0, "last_update": "2026-10-03T08:43:22.179798+00:00", "eta_minutes": 19.52845343857101}
{"part": "training", "dataset": "ieee_cis", "defense": "dna_v2_0p95", "comparator": "local_bn_baseline", "done": 155, "total": 189, "failed": 0, "last_update": "2026-10-03T08:44:28.357609+00:00", "eta_minutes": 19.09004769315002}
{"part": "training", "dataset": "paysim", "defense": "dna_v2_0p95", "comparator": "local_bn_baseline", "done": 156, "total": 189, "failed": 0, "last_update": "2026-10-03T08:44:31.461842+00:00", "eta_minutes": 18.420747195680935}
{"part": "training", "dataset": "baf", "defense": "dna_v1_conservative", "comparator": "local_bn_baseline", "done": 157, "total": 189, "failed": 0, "last_update": "2026-10-03T08:45:00.985231+00:00", "eta_minutes": 17.84906035097288}
{"part": "training", "dataset": "paysim", "defense": "dna_v2_0p95", "comparator": "local_bn_baseline", "done": 158, "total": 189, "failed": 0, "last_update": "2026-10-03T08:45:19.975403+00:00", "eta_minutes": 17.243937415035468}
{"part": "training", "dataset": "paysim", "defense": "baseline", "comparator": "local_bn_baseline", "done": 159, "total": 189, "failed": 0, "last_update": "2026-10-03T08:46:26.017740+00:00", "eta_minutes": 16.790407704107416}
{"part": "training", "dataset": "baf", "defense": "dna_v2_0p95", "comparator": "local_bn_baseline", "done": 160, "total": 189, "failed": 0, "last_update": "2026-10-03T08:46:53.110512+00:00", "eta_minutes": 16.211128146648406}
{"part": "training", "dataset": "paysim", "defense": "dna_v2_0p95", "comparator": "local_bn_baseline", "done": 161, "total": 189, "failed": 0, "last_update": "2026-10-03T08:47:00.099366+00:00", "eta_minutes": 15.575163115625797}
{"part": "training", "dataset": "paysim", "defense": "dna_v2_0p95", "comparator": "local_bn_baseline", "done": 162, "total": 189, "failed": 0, "last_update": "2026-10-03T08:47:18.747757+00:00", "eta_minutes": 14.977999077240623}
{"part": "training", "dataset": "paysim", "defense": "baseline", "comparator": "local_bn_baseline", "done": 163, "total": 189, "failed": 0, "last_update": "2026-10-03T08:48:22.468107+00:00", "eta_minutes": 14.504171824016453}
{"part": "training", "dataset": "baf", "defense": "dna_v1_conservative", "comparator": "local_bn_baseline", "done": 164, "total": 189, "failed": 0, "last_update": "2026-10-03T08:49:17.167116+00:00", "eta_minutes": 14.000251589994122}
{"part": "training", "dataset": "ieee_cis", "defense": "baseline", "comparator": "local_bn_baseline", "done": 165, "total": 189, "failed": 0, "last_update": "2026-10-03T08:49:19.828472+00:00", "eta_minutes": 13.365237289197518}
{"part": "training", "dataset": "paysim", "defense": "dna_v1_conservative", "comparator": "local_bn_baseline", "done": 166, "total": 189, "failed": 0, "last_update": "2026-10-03T08:49:20.944415+00:00", "eta_minutes": 12.733770629440444}
{"part": "training", "dataset": "paysim", "defense": "dna_v1_conservative", "comparator": "local_bn_baseline", "done": 167, "total": 189, "failed": 0, "last_update": "2026-10-03T08:50:20.547309+00:00", "eta_minutes": 12.23805816506673}
{"part": "training", "dataset": "baf", "defense": "dna_v2_0p95", "comparator": "local_bn_baseline", "done": 168, "total": 189, "failed": 0, "last_update": "2026-10-03T08:51:28.421425+00:00", "eta_minutes": 11.753652776777745}
{"part": "training", "dataset": "baf", "defense": "dna_v1_conservative", "comparator": "local_bn_baseline", "done": 169, "total": 189, "failed": 0, "last_update": "2026-10-03T08:51:40.988344+00:00", "eta_minutes": 11.152505427892862}
{"part": "training", "dataset": "ieee_cis", "defense": "dna_v2_0p95", "comparator": "local_bn_baseline", "done": 170, "total": 189, "failed": 0, "last_update": "2026-10-03T08:51:42.423500+00:00", "eta_minutes": 10.535230663383707}
{"part": "training", "dataset": "paysim", "defense": "dna_v1_conservative", "comparator": "local_bn_baseline", "done": 171, "total": 189, "failed": 0, "last_update": "2026-10-03T08:52:20.541451+00:00", "eta_minutes": 9.989251506537721}
{"part": "training", "dataset": "baf", "defense": "dna_v1_conservative", "comparator": "local_bn_baseline", "done": 172, "total": 189, "failed": 0, "last_update": "2026-10-03T08:53:35.055924+00:00", "eta_minutes": 9.502189261160156}
{"part": "training", "dataset": "paysim", "defense": "dna_v1_conservative", "comparator": "local_bn_baseline", "done": 173, "total": 189, "failed": 0, "last_update": "2026-10-03T08:53:41.808128+00:00", "eta_minutes": 8.901949958948272}
{"part": "training", "dataset": "baf", "defense": "dna_v1_conservative", "comparator": "local_bn_baseline", "done": 174, "total": 189, "failed": 0, "last_update": "2026-10-03T08:54:04.920569+00:00", "eta_minutes": 8.330822527066044}
{"part": "training", "dataset": "baf", "defense": "baseline", "comparator": "local_bn_baseline", "done": 175, "total": 189, "failed": 0, "last_update": "2026-10-03T08:54:25.001432+00:00", "eta_minutes": 7.757777789115906}
{"part": "training", "dataset": "baf", "defense": "dna_v1_conservative", "comparator": "local_bn_baseline", "done": 176, "total": 189, "failed": 0, "last_update": "2026-10-03T08:55:43.361691+00:00", "eta_minutes": 7.25918719806906}
{"part": "training", "dataset": "ieee_cis", "defense": "dna_v1_conservative", "comparator": "local_bn_baseline", "done": 177, "total": 189, "failed": 0, "last_update": "2026-10-03T08:56:13.342350+00:00", "eta_minutes": 6.696807072256918}
{"part": "training", "dataset": "paysim", "defense": "dna_v1_conservative", "comparator": "local_bn_baseline", "done": 178, "total": 189, "failed": 0, "last_update": "2026-10-03T08:56:19.637432+00:00", "eta_minutes": 6.110736213663544}
{"part": "training", "dataset": "baf", "defense": "dna_v1_conservative", "comparator": "local_bn_baseline", "done": 179, "total": 189, "failed": 0, "last_update": "2026-10-03T08:56:33.102657+00:00", "eta_minutes": 5.536717473683633}
{"part": "training", "dataset": "baf", "defense": "baseline", "comparator": "local_bn_baseline", "done": 180, "total": 189, "failed": 0, "last_update": "2026-10-03T08:57:49.785188+00:00", "eta_minutes": 5.019264248212179}
{"part": "training", "dataset": "baf", "defense": "dna_v1_conservative", "comparator": "local_bn_baseline", "done": 181, "total": 189, "failed": 0, "last_update": "2026-10-03T08:58:21.700611+00:00", "eta_minutes": 4.460429113082465}
{"part": "training", "dataset": "ieee_cis", "defense": "baseline", "comparator": "local_bn_baseline", "done": 182, "total": 189, "failed": 0, "last_update": "2026-10-03T08:58:54.927187+00:00", "eta_minutes": 3.9027301902954394}
{"part": "training", "dataset": "ieee_cis", "defense": "dna_v2_0p95", "comparator": "local_bn_baseline", "done": 183, "total": 189, "failed": 0, "last_update": "2026-10-03T08:58:55.885553+00:00", "eta_minutes": 3.3274412234624227}
{"part": "training", "dataset": "baf", "defense": "baseline", "comparator": "local_bn_baseline", "done": 184, "total": 189, "failed": 0, "last_update": "2026-10-03T08:59:55.733667+00:00", "eta_minutes": 2.7849028880397477}
{"part": "training", "dataset": "ieee_cis", "defense": "dna_v2_0p95", "comparator": "local_bn_baseline", "done": 185, "total": 189, "failed": 0, "last_update": "2026-10-03T09:00:43.906645+00:00", "eta_minutes": 2.2332391188166167}
{"part": "training", "dataset": "ieee_cis", "defense": "baseline", "comparator": "local_bn_baseline", "done": 186, "total": 189, "failed": 0, "last_update": "2026-10-03T09:01:15.753930+00:00", "eta_minutes": 1.6744854407925762}
{"part": "training", "dataset": "baf", "defense": "baseline", "comparator": "local_bn_baseline", "done": 187, "total": 189, "failed": 0, "last_update": "2026-10-03T09:01:16.563638+00:00", "eta_minutes": 1.1104983151277756}
{"part": "training", "dataset": "ieee_cis", "defense": "baseline", "comparator": "local_bn_baseline", "done": 188, "total": 189, "failed": 0, "last_update": "2026-10-03T09:02:11.412470+00:00", "eta_minutes": 0.5571581896949322}
{"part": "training", "dataset": "ieee_cis", "defense": "baseline", "comparator": "local_bn_baseline", "done": 189, "total": 189, "failed": 0, "last_update": "2026-10-03T09:02:56.548862+00:00", "eta_minutes": 0.0}
{"part": "analysis_and_checks", "dataset": "all", "defense": "all", "comparator": "local_bn_baseline", "done": 189, "total": 189, "failed": 0, "last_update": "2026-10-03T09:02:56.998383+00:00", "eta_minutes": null}
{"part": "awaiting_final_supervisor_exit_audit", "dataset": "all", "defense": "all", "comparator": "local_bn_baseline", "done": 189, "total": 189, "failed": 0, "last_update": "2026-10-03T09:04:06.102902+00:00", "eta_minutes": null}
{"part": "complete", "dataset": "all", "defense": "all", "comparator": "local_bn_baseline", "done": 189, "total": 189, "failed": 0, "last_update": "2026-10-03T09:06:07.921267+00:00", "eta_minutes": null}
