{"date":"2026-10-03","part":"protocol_and_implementation","done":0,"total":264,"failed":0,"status":"PREFLIGHT_PENDING","mechanism":"client-side independent noise before each upload"}
{"part": "preflight_PASS", "dataset": "all", "defense": "all", "comparator": "client_side_DP_vs_local_BN_baseline", "done": 0, "total": 264, "failed": 0, "last_update": "2026-10-03T13:27:51.294385+00:00", "eta_minutes": null}
{"part": "frozen", "dataset": "all", "defense": "all", "comparator": "client_side_DP_vs_local_BN_baseline", "done": 0, "total": 264, "failed": 0, "last_update": "2026-10-03T13:28:55.091663+00:00", "eta_minutes": null}
{"part": "local_dp_utility", "dataset": "all", "defense": "all", "comparator": "client_side_DP_vs_local_BN_baseline", "done": 0, "total": 264, "failed": 0, "last_update": "2026-10-03T13:30:13.613784+00:00", "eta_minutes": 0.0035541534423828127}
{"part": "local_dp_utility", "dataset": "baf", "defense": "local_dp_per_tensor_eps3", "comparator": "client_side_DP_vs_local_BN_baseline", "done": 1, "total": 264, "failed": 0, "last_update": "2026-10-03T13:32:23.180309+00:00", "eta_minutes": 567.9368085304897}
{"part": "local_dp_utility", "dataset": "paysim", "defense": "local_dp_per_tensor_eps1", "comparator": "client_side_DP_vs_local_BN_baseline", "done": 2, "total": 264, "failed": 0, "last_update": "2026-10-03T13:32:33.231062+00:00", "eta_minutes": 304.8328181942304}
{"part": "local_dp_utility", "dataset": "ieee_cis", "defense": "local_dp_global_eps1", "comparator": "client_side_DP_vs_local_BN_baseline", "done": 3, "total": 264, "failed": 0, "last_update": "2026-10-03T13:32:57.893329+00:00", "eta_minutes": 238.2065088391304}
{"part": "local_dp_utility", "dataset": "cifar10", "defense": "local_dp_global_eps1", "comparator": "client_side_DP_vs_local_BN_baseline", "done": 4, "total": 264, "failed": 0, "last_update": "2026-10-03T13:33:36.614008+00:00", "eta_minutes": 219.91778556505838}
{"part": "local_dp_utility", "dataset": "baf", "defense": "local_dp_global_eps3", "comparator": "client_side_DP_vs_local_BN_baseline", "done": 5, "total": 264, "failed": 0, "last_update": "2026-10-03T13:34:49.162182+00:00", "eta_minutes": 237.89081452925998}
{"part": "local_dp_utility", "dataset": "baf", "defense": "local_dp_per_tensor_eps10", "comparator": "client_side_DP_vs_local_BN_baseline", "done": 6, "total": 264, "failed": 0, "last_update": "2026-10-03T13:34:59.699182+00:00", "eta_minutes": 205.0284445285797}
{"part": "local_dp_utility", "dataset": "paysim", "defense": "local_dp_per_tensor_eps3", "comparator": "client_side_DP_vs_local_BN_baseline", "done": 7, "total": 264, "failed": 0, "last_update": "2026-10-03T13:35:28.984167+00:00", "eta_minutes": 192.97713399330775}
{"part": "local_dp_utility", "dataset": "baf", "defense": "local_dp_per_tensor_eps3", "comparator": "client_side_DP_vs_local_BN_baseline", "done": 8, "total": 264, "failed": 0, "last_update": "2026-10-03T13:36:21.194078+00:00", "eta_minutes": 196.04322764078776}
{"part": "local_dp_utility", "dataset": "paysim", "defense": "local_dp_global_eps1", "comparator": "client_side_DP_vs_local_BN_baseline", "done": 9, "total": 264, "failed": 0, "last_update": "2026-10-03T13:37:48.236626+00:00", "eta_minutes": 214.68338637219534}
{"part": "local_dp_utility", "dataset": "ieee_cis", "defense": "local_dp_global_eps10", "comparator": "client_side_DP_vs_local_BN_baseline", "done": 10, "total": 264, "failed": 0, "last_update": "2026-10-03T13:38:06.977626+00:00", "eta_minutes": 200.39103517134984}
{"part": "local_dp_utility", "dataset": "cifar10", "defense": "local_dp_per_tensor_eps3", "comparator": "client_side_DP_vs_local_BN_baseline", "done": 11, "total": 264, "failed": 0, "last_update": "2026-10-03T13:38:31.776272+00:00", "eta_minutes": 190.96259597142537}
{"part": "local_dp_utility", "dataset": "cifar10", "defense": "local_dp_global_eps10", "comparator": "client_side_DP_vs_local_BN_baseline", "done": 12, "total": 264, "failed": 0, "last_update": "2026-10-03T13:40:01.614642+00:00", "eta_minutes": 205.80058312416077}
{"part": "local_dp_utility", "dataset": "ieee_cis", "defense": "local_dp_global_eps1", "comparator": "client_side_DP_vs_local_BN_baseline", "done": 13, "total": 264, "failed": 0, "last_update": "2026-10-03T13:40:40.399588+00:00", "eta_minutes": 201.696717385451}
{"part": "local_dp_utility", "dataset": "ieee_cis", "defense": "local_dp_per_tensor_eps10", "comparator": "client_side_DP_vs_local_BN_baseline", "done": 14, "total": 264, "failed": 0, "last_update": "2026-10-03T13:40:58.164783+00:00", "eta_minutes": 191.83087994654974}
{"part": "local_dp_utility", "dataset": "baf", "defense": "local_dp_per_tensor_eps10", "comparator": "client_side_DP_vs_local_BN_baseline", "done": 15, "total": 264, "failed": 0, "last_update": "2026-10-03T13:41:05.138066+00:00", "eta_minutes": 180.25527403672538}
{"part": "local_dp_utility", "dataset": "baf", "defense": "local_dp_global_eps10", "comparator": "client_side_DP_vs_local_BN_baseline", "done": 16, "total": 264, "failed": 0, "last_update": "2026-10-03T13:42:16.952954+00:00", "eta_minutes": 186.86282764474552}
{"part": "local_dp_utility", "dataset": "paysim", "defense": "local_dp_per_tensor_eps1", "comparator": "client_side_DP_vs_local_BN_baseline", "done": 17, "total": 264, "failed": 0, "last_update": "2026-10-03T13:43:05.889516+00:00", "eta_minutes": 187.01206260685828}
{"part": "local_dp_utility", "dataset": "paysim", "defense": "local_dp_global_eps3", "comparator": "client_side_DP_vs_local_BN_baseline", "done": 18, "total": 264, "failed": 0, "last_update": "2026-10-03T13:43:06.246505+00:00", "eta_minutes": 175.98874820603262}
{"part": "local_dp_utility", "dataset": "cifar10", "defense": "local_dp_per_tensor_eps3", "comparator": "client_side_DP_vs_local_BN_baseline", "done": 19, "total": 264, "failed": 0, "last_update": "2026-10-03T13:44:32.015272+00:00", "eta_minutes": 184.48119495103234}
{"part": "local_dp_utility", "dataset": "cifar10", "defense": "local_dp_per_tensor_eps10", "comparator": "client_side_DP_vs_local_BN_baseline", "done": 20, "total": 264, "failed": 0, "last_update": "2026-10-03T13:45:46.829898+00:00", "eta_minutes": 189.75410743395486}
{"part": "local_dp_utility", "dataset": "cifar10", "defense": "local_dp_per_tensor_eps1", "comparator": "client_side_DP_vs_local_BN_baseline", "done": 21, "total": 264, "failed": 0, "last_update": "2026-10-03T13:46:33.089119+00:00", "eta_minutes": 188.8989703672273}
{"part": "local_dp_utility", "dataset": "cifar10", "defense": "local_dp_per_tensor_eps1", "comparator": "client_side_DP_vs_local_BN_baseline", "done": 22, "total": 264, "failed": 0, "last_update": "2026-10-03T13:46:33.185231+00:00", "eta_minutes": 179.5882457693418}
{"part": "local_dp_utility", "dataset": "paysim", "defense": "local_dp_per_tensor_eps1", "comparator": "client_side_DP_vs_local_BN_baseline", "done": 23, "total": 264, "failed": 0, "last_update": "2026-10-03T13:47:01.553652+00:00", "eta_minutes": 176.02442235670227}
{"part": "local_dp_utility", "dataset": "baf", "defense": "local_dp_per_tensor_eps3", "comparator": "client_side_DP_vs_local_BN_baseline", "done": 24, "total": 264, "failed": 0, "last_update": "2026-10-03T13:48:07.384730+00:00", "eta_minutes": 178.961953997612}
{"part": "local_dp_utility", "dataset": "baf", "defense": "local_dp_global_eps1", "comparator": "client_side_DP_vs_local_BN_baseline", "done": 25, "total": 264, "failed": 0, "last_update": "2026-10-03T13:49:19.589867+00:00", "eta_minutes": 182.59231029891967}
{"part": "local_dp_utility", "dataset": "baf", "defense": "local_dp_global_eps1", "comparator": "client_side_DP_vs_local_BN_baseline", "done": 26, "total": 264, "failed": 0, "last_update": "2026-10-03T13:49:46.382329+00:00", "eta_minutes": 178.92250384184032}
{"part": "local_dp_utility", "dataset": "cifar10", "defense": "local_dp_per_tensor_eps3", "comparator": "client_side_DP_vs_local_BN_baseline", "done": 27, "total": 264, "failed": 0, "last_update": "2026-10-03T13:50:17.908818+00:00", "eta_minutes": 176.1840211802059}
{"part": "local_dp_utility", "dataset": "baf", "defense": "local_dp_per_tensor_eps3", "comparator": "client_side_DP_vs_local_BN_baseline", "done": 28, "total": 264, "failed": 0, "last_update": "2026-10-03T13:51:28.267115+00:00", "eta_minutes": 179.0585572923933}
{"part": "local_dp_utility", "dataset": "cifar10", "defense": "local_dp_per_tensor_eps3", "comparator": "client_side_DP_vs_local_BN_baseline", "done": 29, "total": 264, "failed": 0, "last_update": "2026-10-03T13:51:43.219010+00:00", "eta_minutes": 174.1709297237725}
{"part": "local_dp_utility", "dataset": "paysim", "defense": "local_dp_global_eps1", "comparator": "client_side_DP_vs_local_BN_baseline", "done": 30, "total": 264, "failed": 0, "last_update": "2026-10-03T13:52:21.427385+00:00", "eta_minutes": 172.6158687400818}
{"part": "local_dp_utility", "dataset": "cifar10", "defense": "local_dp_global_eps3", "comparator": "client_side_DP_vs_local_BN_baseline", "done": 31, "total": 264, "failed": 0, "last_update": "2026-10-03T13:53:13.155813+00:00", "eta_minutes": 172.81369883450128}
{"part": "local_dp_utility", "dataset": "paysim", "defense": "local_dp_global_eps10", "comparator": "client_side_DP_vs_local_BN_baseline", "done": 32, "total": 264, "failed": 0, "last_update": "2026-10-03T13:53:47.944223+00:00", "eta_minutes": 170.89835899472237}
{"part": "local_dp_utility", "dataset": "baf", "defense": "local_dp_global_eps3", "comparator": "client_side_DP_vs_local_BN_baseline", "done": 33, "total": 264, "failed": 0, "last_update": "2026-10-03T13:53:57.552334+00:00", "eta_minutes": 166.12625854412715}
{"part": "local_dp_utility", "dataset": "ieee_cis", "defense": "local_dp_per_tensor_eps3", "comparator": "client_side_DP_vs_local_BN_baseline", "done": 34, "total": 264, "failed": 0, "last_update": "2026-10-03T13:55:10.188069+00:00", "eta_minutes": 168.73149666248585}
{"part": "local_dp_utility", "dataset": "ieee_cis", "defense": "local_dp_global_eps1", "comparator": "client_side_DP_vs_local_BN_baseline", "done": 35, "total": 264, "failed": 0, "last_update": "2026-10-03T13:56:00.476676+00:00", "eta_minutes": 168.68180336271013}
{"part": "local_dp_utility", "dataset": "ieee_cis", "defense": "local_dp_global_eps3", "comparator": "client_side_DP_vs_local_BN_baseline", "done": 36, "total": 264, "failed": 0, "last_update": "2026-10-03T13:56:37.872139+00:00", "eta_minutes": 167.22735618485345}
{"part": "local_dp_utility", "dataset": "ieee_cis", "defense": "local_dp_per_tensor_eps10", "comparator": "client_side_DP_vs_local_BN_baseline", "done": 37, "total": 264, "failed": 0, "last_update": "2026-10-03T13:56:45.994360+00:00", "eta_minutes": 162.82458285039607}
{"part": "local_dp_utility", "dataset": "paysim", "defense": "local_dp_global_eps10", "comparator": "client_side_DP_vs_local_BN_baseline", "done": 38, "total": 264, "failed": 0, "last_update": "2026-10-03T13:58:25.934385+00:00", "eta_minutes": 167.74764843468083}
{"part": "local_dp_utility", "dataset": "cifar10", "defense": "local_dp_per_tensor_eps3", "comparator": "client_side_DP_vs_local_BN_baseline", "done": 39, "total": 264, "failed": 0, "last_update": "2026-10-03T13:58:38.242036+00:00", "eta_minutes": 163.90664036457355}
{"part": "local_dp_utility", "dataset": "baf", "defense": "local_dp_per_tensor_eps10", "comparator": "client_side_DP_vs_local_BN_baseline", "done": 40, "total": 264, "failed": 0, "last_update": "2026-10-03T13:58:47.561405+00:00", "eta_minutes": 159.96852000554404}
{"part": "local_dp_utility", "dataset": "cifar10", "defense": "local_dp_per_tensor_eps3", "comparator": "client_side_DP_vs_local_BN_baseline", "done": 41, "total": 264, "failed": 0, "last_update": "2026-10-03T14:00:12.378656+00:00", "eta_minutes": 163.0588400827191}
{"part": "local_dp_utility", "dataset": "baf", "defense": "local_dp_per_tensor_eps3", "comparator": "client_side_DP_vs_local_BN_baseline", "done": 42, "total": 264, "failed": 0, "last_update": "2026-10-03T14:00:34.729148+00:00", "eta_minutes": 160.43166267304193}
{"part": "local_dp_utility", "dataset": "ieee_cis", "defense": "local_dp_global_eps10", "comparator": "client_side_DP_vs_local_BN_baseline", "done": 43, "total": 264, "failed": 0, "last_update": "2026-10-03T14:01:18.438134+00:00", "eta_minutes": 159.73889899900718}
{"part": "local_dp_utility", "dataset": "cifar10", "defense": "local_dp_per_tensor_eps1", "comparator": "client_side_DP_vs_local_BN_baseline", "done": 44, "total": 264, "failed": 0, "last_update": "2026-10-03T14:02:08.280823+00:00", "eta_minutes": 159.5556535522143}
{"part": "local_dp_utility", "dataset": "paysim", "defense": "local_dp_per_tensor_eps1", "comparator": "client_side_DP_vs_local_BN_baseline", "done": 45, "total": 264, "failed": 0, "last_update": "2026-10-03T14:02:13.193545+00:00", "eta_minutes": 155.69931011385387}
{"part": "local_dp_utility", "dataset": "ieee_cis", "defense": "local_dp_per_tensor_eps1", "comparator": "client_side_DP_vs_local_BN_baseline", "done": 46, "total": 264, "failed": 0, "last_update": "2026-10-03T14:03:48.267784+00:00", "eta_minutes": 159.12853169493053}
{"part": "local_dp_utility", "dataset": "cifar10", "defense": "local_dp_per_tensor_eps10", "comparator": "client_side_DP_vs_local_BN_baseline", "done": 47, "total": 264, "failed": 0, "last_update": "2026-10-03T14:04:02.876498+00:00", "eta_minutes": 156.15254753456048}
{"part": "local_dp_utility", "dataset": "ieee_cis", "defense": "local_dp_per_tensor_eps10", "comparator": "client_side_DP_vs_local_BN_baseline", "done": 48, "total": 264, "failed": 0, "last_update": "2026-10-03T14:04:43.466863+00:00", "eta_minutes": 155.239041441679}
{"part": "local_dp_utility", "dataset": "cifar10", "defense": "local_dp_per_tensor_eps10", "comparator": "client_side_DP_vs_local_BN_baseline", "done": 49, "total": 264, "failed": 0, "last_update": "2026-10-03T14:05:41.696878+00:00", "eta_minutes": 155.6251832311656}
{"part": "local_dp_utility", "dataset": "baf", "defense": "local_dp_global_eps1", "comparator": "client_side_DP_vs_local_BN_baseline", "done": 50, "total": 264, "failed": 0, "last_update": "2026-10-03T14:06:20.184214+00:00", "eta_minutes": 154.54874829657874}
{"part": "local_dp_utility", "dataset": "ieee_cis", "defense": "local_dp_per_tensor_eps1", "comparator": "client_side_DP_vs_local_BN_baseline", "done": 51, "total": 264, "failed": 0, "last_update": "2026-10-03T14:06:49.432897+00:00", "eta_minutes": 152.84628812191534}
{"part": "local_dp_utility", "dataset": "paysim", "defense": "local_dp_global_eps1", "comparator": "client_side_DP_vs_local_BN_baseline", "done": 52, "total": 264, "failed": 0, "last_update": "2026-10-03T14:07:41.193924+00:00", "eta_minutes": 152.72024118869732}
{"part": "local_dp_utility", "dataset": "cifar10", "defense": "local_dp_global_eps3", "comparator": "client_side_DP_vs_local_BN_baseline", "done": 53, "total": 264, "failed": 0, "last_update": "2026-10-03T14:08:11.161447+00:00", "eta_minutes": 151.12035437822342}
{"part": "local_dp_utility", "dataset": "cifar10", "defense": "local_dp_per_tensor_eps10", "comparator": "client_side_DP_vs_local_BN_baseline", "done": 54, "total": 264, "failed": 0, "last_update": "2026-10-03T14:09:44.542614+00:00", "eta_minutes": 153.67136534275832}
{"part": "local_dp_utility", "dataset": "baf", "defense": "local_dp_global_eps10", "comparator": "client_side_DP_vs_local_BN_baseline", "done": 55, "total": 264, "failed": 0, "last_update": "2026-10-03T14:09:51.600172+00:00", "eta_minutes": 150.60585572957993}
{"part": "local_dp_utility", "dataset": "cifar10", "defense": "local_dp_global_eps10", "comparator": "client_side_DP_vs_local_BN_baseline", "done": 56, "total": 264, "failed": 0, "last_update": "2026-10-03T14:10:11.561466+00:00", "eta_minutes": 148.44442734604792}
{"part": "local_dp_utility", "dataset": "baf", "defense": "local_dp_global_eps10", "comparator": "client_side_DP_vs_local_BN_baseline", "done": 57, "total": 264, "failed": 0, "last_update": "2026-10-03T14:10:18.266254+00:00", "eta_minutes": 145.54480366079432}
{"part": "local_dp_utility", "dataset": "ieee_cis", "defense": "local_dp_global_eps10", "comparator": "client_side_DP_vs_local_BN_baseline", "done": 58, "total": 264, "failed": 0, "last_update": "2026-10-03T14:12:13.094172+00:00", "eta_minutes": 149.14169978766606}
{"part": "local_dp_utility", "dataset": "ieee_cis", "defense": "local_dp_per_tensor_eps3", "comparator": "client_side_DP_vs_local_BN_baseline", "done": 59, "total": 264, "failed": 0, "last_update": "2026-10-03T14:12:19.693348+00:00", "eta_minutes": 146.28431531938455}
{"part": "local_dp_utility", "dataset": "baf", "defense": "local_dp_per_tensor_eps1", "comparator": "client_side_DP_vs_local_BN_baseline", "done": 60, "total": 264, "failed": 0, "last_update": "2026-10-03T14:12:52.359877+00:00", "eta_minutes": 144.99565765778226}
{"part": "local_dp_utility", "dataset": "cifar10", "defense": "local_dp_global_eps1", "comparator": "client_side_DP_vs_local_BN_baseline", "done": 61, "total": 264, "failed": 0, "last_update": "2026-10-03T14:13:42.350890+00:00", "eta_minutes": 144.6922920789875}
{"part": "local_dp_utility", "dataset": "paysim", "defense": "local_dp_per_tensor_eps3", "comparator": "client_side_DP_vs_local_BN_baseline", "done": 62, "total": 264, "failed": 0, "last_update": "2026-10-03T14:14:48.340729+00:00", "eta_minutes": 145.24059075655478}
{"part": "local_dp_utility", "dataset": "baf", "defense": "local_dp_per_tensor_eps3", "comparator": "client_side_DP_vs_local_BN_baseline", "done": 63, "total": 264, "failed": 0, "last_update": "2026-10-03T14:14:49.541602+00:00", "eta_minutes": 142.29144280164962}
{"part": "local_dp_utility", "dataset": "baf", "defense": "local_dp_per_tensor_eps10", "comparator": "client_side_DP_vs_local_BN_baseline", "done": 64, "total": 264, "failed": 0, "last_update": "2026-10-03T14:15:57.794433+00:00", "eta_minutes": 142.92611754188934}
{"part": "local_dp_utility", "dataset": "cifar10", "defense": "local_dp_global_eps1", "comparator": "client_side_DP_vs_local_BN_baseline", "done": 65, "total": 264, "failed": 0, "last_update": "2026-10-03T14:16:23.246650+00:00", "eta_minutes": 141.32233356860968}
{"part": "local_dp_utility", "dataset": "paysim", "defense": "local_dp_global_eps10", "comparator": "client_side_DP_vs_local_BN_baseline", "done": 66, "total": 264, "failed": 0, "last_update": "2026-10-03T14:17:15.014353+00:00", "eta_minutes": 141.07006888389589}
{"part": "local_dp_utility", "dataset": "ieee_cis", "defense": "local_dp_global_eps10", "comparator": "client_side_DP_vs_local_BN_baseline", "done": 67, "total": 264, "failed": 0, "last_update": "2026-10-03T14:17:34.570329+00:00", "eta_minutes": 139.22104440713994}
{"part": "local_dp_utility", "dataset": "paysim", "defense": "local_dp_global_eps1", "comparator": "client_side_DP_vs_local_BN_baseline", "done": 68, "total": 264, "failed": 0, "last_update": "2026-10-03T14:18:29.913423+00:00", "eta_minutes": 139.13600186506906}
{"part": "local_dp_utility", "dataset": "ieee_cis", "defense": "local_dp_global_eps3", "comparator": "client_side_DP_vs_local_BN_baseline", "done": 69, "total": 264, "failed": 0, "last_update": "2026-10-03T14:18:45.353931+00:00", "eta_minutes": 137.14721691262898}
{"part": "local_dp_utility", "dataset": "baf", "defense": "local_dp_per_tensor_eps1", "comparator": "client_side_DP_vs_local_BN_baseline", "done": 70, "total": 264, "failed": 0, "last_update": "2026-10-03T14:19:26.338799+00:00", "eta_minutes": 136.3878117217336}
{"part": "local_dp_utility", "dataset": "ieee_cis", "defense": "local_dp_per_tensor_eps3", "comparator": "client_side_DP_vs_local_BN_baseline", "done": 71, "total": 264, "failed": 0, "last_update": "2026-10-03T14:20:23.563549+00:00", "eta_minutes": 136.36630529030947}
{"part": "local_dp_utility", "dataset": "paysim", "defense": "local_dp_per_tensor_eps3", "comparator": "client_side_DP_vs_local_BN_baseline", "done": 72, "total": 264, "failed": 0, "last_update": "2026-10-03T14:20:52.784948+00:00", "eta_minutes": 135.07430985768636}
{"part": "local_dp_utility", "dataset": "baf", "defense": "local_dp_global_eps1", "comparator": "client_side_DP_vs_local_BN_baseline", "done": 73, "total": 264, "failed": 0, "last_update": "2026-10-03T14:21:13.958901+00:00", "eta_minutes": 133.4534407554152}
{"part": "local_dp_utility", "dataset": "ieee_cis", "defense": "local_dp_per_tensor_eps1", "comparator": "client_side_DP_vs_local_BN_baseline", "done": 74, "total": 264, "failed": 0, "last_update": "2026-10-03T14:22:12.221484+00:00", "eta_minutes": 133.4539676791913}
{"part": "local_dp_utility", "dataset": "paysim", "defense": "local_dp_per_tensor_eps10", "comparator": "client_side_DP_vs_local_BN_baseline", "done": 75, "total": 264, "failed": 0, "last_update": "2026-10-03T14:22:45.305122+00:00", "eta_minutes": 132.37107008457184}
{"part": "local_dp_utility", "dataset": "paysim", "defense": "local_dp_per_tensor_eps3", "comparator": "client_side_DP_vs_local_BN_baseline", "done": 76, "total": 264, "failed": 0, "last_update": "2026-10-03T14:22:58.226093+00:00", "eta_minutes": 130.4708916158007}
{"part": "local_dp_utility", "dataset": "baf", "defense": "local_dp_per_tensor_eps10", "comparator": "client_side_DP_vs_local_BN_baseline", "done": 77, "total": 264, "failed": 0, "last_update": "2026-10-03T14:23:44.475956+00:00", "eta_minutes": 129.96350151868094}
{"part": "local_dp_utility", "dataset": "paysim", "defense": "local_dp_per_tensor_eps10", "comparator": "client_side_DP_vs_local_BN_baseline", "done": 78, "total": 264, "failed": 0, "last_update": "2026-10-03T14:24:51.723568+00:00", "eta_minutes": 130.28388030926388}
{"part": "local_dp_utility", "dataset": "paysim", "defense": "local_dp_global_eps1", "comparator": "client_side_DP_vs_local_BN_baseline", "done": 79, "total": 264, "failed": 0, "last_update": "2026-10-03T14:25:04.693138+00:00", "eta_minutes": 128.44933120988088}
{"part": "local_dp_utility", "dataset": "cifar10", "defense": "local_dp_per_tensor_eps10", "comparator": "client_side_DP_vs_local_BN_baseline", "done": 80, "total": 264, "failed": 0, "last_update": "2026-10-03T14:25:36.890934+00:00", "eta_minutes": 127.3923217201233}
{"part": "local_dp_utility", "dataset": "baf", "defense": "local_dp_global_eps3", "comparator": "client_side_DP_vs_local_BN_baseline", "done": 81, "total": 264, "failed": 0, "last_update": "2026-10-03T14:26:54.311070+00:00", "eta_minutes": 128.05097760050384}
{"part": "local_dp_utility", "dataset": "paysim", "defense": "local_dp_global_eps3", "comparator": "client_side_DP_vs_local_BN_baseline", "done": 82, "total": 264, "failed": 0, "last_update": "2026-10-03T14:27:03.114023+00:00", "eta_minutes": 126.12381917916663}
{"part": "local_dp_utility", "dataset": "cifar10", "defense": "local_dp_global_eps10", "comparator": "client_side_DP_vs_local_BN_baseline", "done": 83, "total": 264, "failed": 0, "last_update": "2026-10-03T14:27:05.087043+00:00", "eta_minutes": 123.99132653053508}
{"part": "local_dp_utility", "dataset": "baf", "defense": "local_dp_per_tensor_eps1", "comparator": "client_side_DP_vs_local_BN_baseline", "done": 84, "total": 264, "failed": 0, "last_update": "2026-10-03T14:27:42.707122+00:00", "eta_minutes": 123.1819338117327}
{"part": "local_dp_utility", "dataset": "baf", "defense": "local_dp_global_eps10", "comparator": "client_side_DP_vs_local_BN_baseline", "done": 85, "total": 264, "failed": 0, "last_update": "2026-10-03T14:29:10.922833+00:00", "eta_minutes": 124.15264010032018}
{"part": "local_dp_utility", "dataset": "paysim", "defense": "local_dp_global_eps10", "comparator": "client_side_DP_vs_local_BN_baseline", "done": 86, "total": 264, "failed": 0, "last_update": "2026-10-03T14:29:11.836637+00:00", "eta_minutes": 122.05500228210937}
{"part": "local_dp_utility", "dataset": "baf", "defense": "local_dp_global_eps1", "comparator": "client_side_DP_vs_local_BN_baseline", "done": 87, "total": 264, "failed": 0, "last_update": "2026-10-03T14:29:46.661425+00:00", "eta_minutes": 121.1550910881196}
{"part": "local_dp_utility", "dataset": "cifar10", "defense": "local_dp_per_tensor_eps1", "comparator": "client_side_DP_vs_local_BN_baseline", "done": 88, "total": 264, "failed": 0, "last_update": "2026-10-03T14:30:24.204857+00:00", "eta_minutes": 120.35306262969969}
{"part": "local_dp_utility", "dataset": "paysim", "defense": "local_dp_global_eps3", "comparator": "client_side_DP_vs_local_BN_baseline", "done": 89, "total": 264, "failed": 0, "last_update": "2026-10-03T14:31:21.249030+00:00", "eta_minutes": 120.19406544135305}
{"part": "local_dp_utility", "dataset": "baf", "defense": "local_dp_per_tensor_eps1", "comparator": "client_side_DP_vs_local_BN_baseline", "done": 90, "total": 264, "failed": 0, "last_update": "2026-10-03T14:31:27.721050+00:00", "eta_minutes": 118.38792592075137}
{"part": "local_dp_utility", "dataset": "ieee_cis", "defense": "local_dp_per_tensor_eps3", "comparator": "client_side_DP_vs_local_BN_baseline", "done": 91, "total": 264, "failed": 0, "last_update": "2026-10-03T14:32:38.037279+00:00", "eta_minutes": 118.64201545553766}
{"part": "local_dp_utility", "dataset": "ieee_cis", "defense": "local_dp_global_eps3", "comparator": "client_side_DP_vs_local_BN_baseline", "done": 92, "total": 264, "failed": 0, "last_update": "2026-10-03T14:33:14.241940+00:00", "eta_minutes": 117.80220681048822}
{"part": "local_dp_utility", "dataset": "paysim", "defense": "local_dp_global_eps3", "comparator": "client_side_DP_vs_local_BN_baseline", "done": 93, "total": 264, "failed": 0, "last_update": "2026-10-03T14:33:23.241514+00:00", "eta_minutes": 116.13377593294267}
{"part": "local_dp_utility", "dataset": "paysim", "defense": "local_dp_per_tensor_eps1", "comparator": "client_side_DP_vs_local_BN_baseline", "done": 94, "total": 264, "failed": 0, "last_update": "2026-10-03T14:33:50.728123+00:00", "eta_minutes": 115.0548890566995}
{"part": "local_dp_utility", "dataset": "ieee_cis", "defense": "local_dp_per_tensor_eps3", "comparator": "client_side_DP_vs_local_BN_baseline", "done": 95, "total": 264, "failed": 0, "last_update": "2026-10-03T14:35:22.174749+00:00", "eta_minutes": 115.88542800125323}
{"part": "local_dp_utility", "dataset": "baf", "defense": "local_dp_global_eps1", "comparator": "client_side_DP_vs_local_BN_baseline", "done": 96, "total": 264, "failed": 0, "last_update": "2026-10-03T14:35:32.099688+00:00", "eta_minutes": 114.28919575909774}
{"part": "local_dp_utility", "dataset": "ieee_cis", "defense": "local_dp_global_eps10", "comparator": "client_side_DP_vs_local_BN_baseline", "done": 97, "total": 264, "failed": 0, "last_update": "2026-10-03T14:35:39.576808+00:00", "eta_minutes": 112.65222681904167}
{"part": "local_dp_utility", "dataset": "baf", "defense": "local_dp_global_eps1", "comparator": "client_side_DP_vs_local_BN_baseline", "done": 98, "total": 264, "failed": 0, "last_update": "2026-10-03T14:35:57.956863+00:00", "eta_minutes": 111.35392605739386}
{"part": "local_dp_utility", "dataset": "baf", "defense": "local_dp_global_eps1", "comparator": "client_side_DP_vs_local_BN_baseline", "done": 99, "total": 264, "failed": 0, "last_update": "2026-10-03T14:37:28.529483+00:00", "eta_minutes": 112.08101405037775}
{"part": "local_dp_utility", "dataset": "paysim", "defense": "local_dp_global_eps10", "comparator": "client_side_DP_vs_local_BN_baseline", "done": 100, "total": 264, "failed": 0, "last_update": "2026-10-03T14:37:31.815797+00:00", "eta_minutes": 110.37754374186198}
{"part": "local_dp_utility", "dataset": "ieee_cis", "defense": "local_dp_global_eps10", "comparator": "client_side_DP_vs_local_BN_baseline", "done": 101, "total": 264, "failed": 0, "last_update": "2026-10-03T14:38:09.060039+00:00", "eta_minutes": 109.62011074398218}
{"part": "local_dp_utility", "dataset": "cifar10", "defense": "local_dp_global_eps3", "comparator": "client_side_DP_vs_local_BN_baseline", "done": 102, "total": 264, "failed": 0, "last_update": "2026-10-03T14:38:31.000018+00:00", "eta_minutes": 108.46024524955189}
{"part": "local_dp_utility", "dataset": "baf", "defense": "local_dp_per_tensor_eps10", "comparator": "client_side_DP_vs_local_BN_baseline", "done": 103, "total": 264, "failed": 0, "last_update": "2026-10-03T14:39:47.843102+00:00", "eta_minutes": 108.74612463303755}
{"part": "local_dp_utility", "dataset": "cifar10", "defense": "local_dp_global_eps10", "comparator": "client_side_DP_vs_local_BN_baseline", "done": 104, "total": 264, "failed": 0, "last_update": "2026-10-03T14:40:40.444841+00:00", "eta_minutes": 108.38030419594202}
{"part": "local_dp_utility", "dataset": "ieee_cis", "defense": "local_dp_per_tensor_eps10", "comparator": "client_side_DP_vs_local_BN_baseline", "done": 105, "total": 264, "failed": 0, "last_update": "2026-10-03T14:41:00.028525+00:00", "eta_minutes": 107.17144006524767}
{"part": "local_dp_utility", "dataset": "cifar10", "defense": "local_dp_per_tensor_eps1", "comparator": "client_side_DP_vs_local_BN_baseline", "done": 106, "total": 264, "failed": 0, "last_update": "2026-10-03T14:41:20.970130+00:00", "eta_minutes": 106.012960735432}
{"part": "local_dp_utility", "dataset": "paysim", "defense": "local_dp_global_eps3", "comparator": "client_side_DP_vs_local_BN_baseline", "done": 107, "total": 264, "failed": 0, "last_update": "2026-10-03T14:41:38.770557+00:00", "eta_minutes": 104.79279439939516}
{"part": "local_dp_utility", "dataset": "ieee_cis", "defense": "local_dp_per_tensor_eps1", "comparator": "client_side_DP_vs_local_BN_baseline", "done": 108, "total": 264, "failed": 0, "last_update": "2026-10-03T14:42:52.602831+00:00", "eta_minutes": 104.93864465289647}
{"part": "local_dp_utility", "dataset": "ieee_cis", "defense": "local_dp_global_eps3", "comparator": "client_side_DP_vs_local_BN_baseline", "done": 109, "total": 264, "failed": 0, "last_update": "2026-10-03T14:43:34.148936+00:00", "eta_minutes": 104.29404683926055}
{"part": "local_dp_utility", "dataset": "cifar10", "defense": "local_dp_per_tensor_eps10", "comparator": "client_side_DP_vs_local_BN_baseline", "done": 110, "total": 264, "failed": 0, "last_update": "2026-10-03T14:44:09.753300+00:00", "eta_minutes": 103.50994086265564}
{"part": "local_dp_utility", "dataset": "cifar10", "defense": "local_dp_per_tensor_eps3", "comparator": "client_side_DP_vs_local_BN_baseline", "done": 111, "total": 264, "failed": 0, "last_update": "2026-10-03T14:44:51.582455+00:00", "eta_minutes": 102.87227181131775}
{"part": "local_dp_utility", "dataset": "baf", "defense": "local_dp_global_eps1", "comparator": "client_side_DP_vs_local_BN_baseline", "done": 112, "total": 264, "failed": 0, "last_update": "2026-10-03T14:44:51.824102+00:00", "eta_minutes": 101.29287070376533}
{"part": "local_dp_utility", "dataset": "ieee_cis", "defense": "local_dp_global_eps3", "comparator": "client_side_DP_vs_local_BN_baseline", "done": 113, "total": 264, "failed": 0, "last_update": "2026-10-03T14:45:47.366939+00:00", "eta_minutes": 100.97298646490131}
{"part": "local_dp_utility", "dataset": "paysim", "defense": "local_dp_global_eps1", "comparator": "client_side_DP_vs_local_BN_baseline", "done": 114, "total": 264, "failed": 0, "last_update": "2026-10-03T14:46:04.707878+00:00", "eta_minutes": 99.80471273786144}
{"part": "local_dp_utility", "dataset": "baf", "defense": "local_dp_per_tensor_eps10", "comparator": "client_side_DP_vs_local_BN_baseline", "done": 115, "total": 264, "failed": 0, "last_update": "2026-10-03T14:47:07.076570+00:00", "eta_minutes": 99.62406891304515}
{"part": "local_dp_utility", "dataset": "baf", "defense": "local_dp_per_tensor_eps1", "comparator": "client_side_DP_vs_local_BN_baseline", "done": 116, "total": 264, "failed": 0, "last_update": "2026-10-03T14:47:07.577233+00:00", "eta_minutes": 98.11303305118935}
{"part": "local_dp_utility", "dataset": "paysim", "defense": "local_dp_per_tensor_eps1", "comparator": "client_side_DP_vs_local_BN_baseline", "done": 117, "total": 264, "failed": 0, "last_update": "2026-10-03T14:47:43.355252+00:00", "eta_minutes": 97.36639808120891}
{"part": "local_dp_utility", "dataset": "cifar10", "defense": "local_dp_global_eps3", "comparator": "client_side_DP_vs_local_BN_baseline", "done": 118, "total": 264, "failed": 0, "last_update": "2026-10-03T14:49:23.933778+00:00", "eta_minutes": 97.95859280413828}
{"part": "local_dp_utility", "dataset": "ieee_cis", "defense": "local_dp_global_eps1", "comparator": "client_side_DP_vs_local_BN_baseline", "done": 119, "total": 264, "failed": 0, "last_update": "2026-10-03T14:49:30.766383+00:00", "eta_minutes": 96.60885768294}
{"part": "local_dp_utility", "dataset": "ieee_cis", "defense": "local_dp_per_tensor_eps10", "comparator": "client_side_DP_vs_local_BN_baseline", "done": 120, "total": 264, "failed": 0, "last_update": "2026-10-03T14:50:14.276288+00:00", "eta_minutes": 96.01326623439789}
{"part": "local_dp_utility", "dataset": "cifar10", "defense": "local_dp_per_tensor_eps3", "comparator": "client_side_DP_vs_local_BN_baseline", "done": 121, "total": 264, "failed": 0, "last_update": "2026-10-03T14:50:33.817340+00:00", "eta_minutes": 94.94341929211761}
{"part": "local_dp_utility", "dataset": "baf", "defense": "local_dp_global_eps10", "comparator": "client_side_DP_vs_local_BN_baseline", "done": 122, "total": 264, "failed": 0, "last_update": "2026-10-03T14:51:54.389899+00:00", "eta_minutes": 95.06971626008144}
{"part": "local_dp_utility", "dataset": "cifar10", "defense": "local_dp_global_eps3", "comparator": "client_side_DP_vs_local_BN_baseline", "done": 123, "total": 264, "failed": 0, "last_update": "2026-10-03T14:52:50.583176+00:00", "eta_minutes": 94.70634121613776}
{"part": "local_dp_utility", "dataset": "ieee_cis", "defense": "local_dp_global_eps10", "comparator": "client_side_DP_vs_local_BN_baseline", "done": 124, "total": 264, "failed": 0, "last_update": "2026-10-03T14:52:53.407021+00:00", "eta_minutes": 93.32945785343006}
{"part": "local_dp_utility", "dataset": "paysim", "defense": "local_dp_per_tensor_eps10", "comparator": "client_side_DP_vs_local_BN_baseline", "done": 125, "total": 264, "failed": 0, "last_update": "2026-10-03T14:53:51.154891+00:00", "eta_minutes": 92.99177681913376}
{"part": "local_dp_utility", "dataset": "cifar10", "defense": "local_dp_per_tensor_eps10", "comparator": "client_side_DP_vs_local_BN_baseline", "done": 126, "total": 264, "failed": 0, "last_update": "2026-10-03T14:53:52.207321+00:00", "eta_minutes": 91.609261850516}
{"part": "local_dp_utility", "dataset": "ieee_cis", "defense": "local_dp_per_tensor_eps10", "comparator": "client_side_DP_vs_local_BN_baseline", "done": 127, "total": 264, "failed": 0, "last_update": "2026-10-03T14:55:30.837425+00:00", "eta_minutes": 92.0025917810092}
{"part": "local_dp_utility", "dataset": "cifar10", "defense": "local_dp_per_tensor_eps10", "comparator": "client_side_DP_vs_local_BN_baseline", "done": 128, "total": 264, "failed": 0, "last_update": "2026-10-03T14:56:06.550041+00:00", "eta_minutes": 91.24992719069124}
{"part": "local_dp_utility", "dataset": "ieee_cis", "defense": "local_dp_per_tensor_eps1", "comparator": "client_side_DP_vs_local_BN_baseline", "done": 129, "total": 264, "failed": 0, "last_update": "2026-10-03T14:56:09.419306+00:00", "eta_minutes": 89.92685457163078}
{"part": "local_dp_utility", "dataset": "ieee_cis", "defense": "local_dp_per_tensor_eps10", "comparator": "client_side_DP_vs_local_BN_baseline", "done": 130, "total": 264, "failed": 0, "last_update": "2026-10-03T14:56:11.646612+00:00", "eta_minutes": 88.61237271852983}
{"part": "local_dp_utility", "dataset": "paysim", "defense": "local_dp_global_eps3", "comparator": "client_side_DP_vs_local_BN_baseline", "done": 131, "total": 264, "failed": 0, "last_update": "2026-10-03T14:57:45.365955+00:00", "eta_minutes": 88.86554024671476}
{"part": "local_dp_utility", "dataset": "paysim", "defense": "local_dp_global_eps1", "comparator": "client_side_DP_vs_local_BN_baseline", "done": 132, "total": 264, "failed": 0, "last_update": "2026-10-03T14:58:09.056970+00:00", "eta_minutes": 87.92406656344731}
{"part": "local_dp_utility", "dataset": "cifar10", "defense": "local_dp_per_tensor_eps3", "comparator": "client_side_DP_vs_local_BN_baseline", "done": 133, "total": 264, "failed": 0, "last_update": "2026-10-03T14:59:23.223928+00:00", "eta_minutes": 87.81942790713825}
{"part": "local_dp_utility", "dataset": "cifar10", "defense": "local_dp_global_eps1", "comparator": "client_side_DP_vs_local_BN_baseline", "done": 134, "total": 264, "failed": 0, "last_update": "2026-10-03T14:59:23.678826+00:00", "eta_minutes": 86.50603987506373}
{"part": "local_dp_utility", "dataset": "paysim", "defense": "local_dp_per_tensor_eps3", "comparator": "client_side_DP_vs_local_BN_baseline", "done": 135, "total": 264, "failed": 0, "last_update": "2026-10-03T14:59:43.559255+00:00", "eta_minutes": 85.52136664734947}
{"part": "local_dp_utility", "dataset": "baf", "defense": "local_dp_per_tensor_eps3", "comparator": "client_side_DP_vs_local_BN_baseline", "done": 136, "total": 264, "failed": 0, "last_update": "2026-10-03T15:00:12.077374+00:00", "eta_minutes": 84.6817944582771}
{"part": "local_dp_utility", "dataset": "ieee_cis", "defense": "local_dp_global_eps3", "comparator": "client_side_DP_vs_local_BN_baseline", "done": 137, "total": 264, "failed": 0, "last_update": "2026-10-03T15:01:42.963471+00:00", "eta_minutes": 84.81113294980823}
{"part": "local_dp_utility", "dataset": "paysim", "defense": "local_dp_per_tensor_eps3", "comparator": "client_side_DP_vs_local_BN_baseline", "done": 138, "total": 264, "failed": 0, "last_update": "2026-10-03T15:01:59.295674+00:00", "eta_minutes": 83.78212801321693}
{"part": "local_dp_utility", "dataset": "ieee_cis", "defense": "local_dp_per_tensor_eps3", "comparator": "client_side_DP_vs_local_BN_baseline", "done": 139, "total": 264, "failed": 0, "last_update": "2026-10-03T15:02:02.308329+00:00", "eta_minutes": 82.56437878886001}
{"part": "local_dp_utility", "dataset": "ieee_cis", "defense": "local_dp_per_tensor_eps3", "comparator": "client_side_DP_vs_local_BN_baseline", "done": 140, "total": 264, "failed": 0, "last_update": "2026-10-03T15:02:49.968725+00:00", "eta_minutes": 82.02239435672759}
{"part": "local_dp_utility", "dataset": "paysim", "defense": "local_dp_per_tensor_eps1", "comparator": "client_side_DP_vs_local_BN_baseline", "done": 141, "total": 264, "failed": 0, "last_update": "2026-10-03T15:03:56.449249+00:00", "eta_minutes": 81.75045644729695}
{"part": "local_dp_utility", "dataset": "ieee_cis", "defense": "local_dp_global_eps1", "comparator": "client_side_DP_vs_local_BN_baseline", "done": 142, "total": 264, "failed": 0, "last_update": "2026-10-03T15:04:03.049368+00:00", "eta_minutes": 80.6093004463984}
{"part": "local_dp_utility", "dataset": "ieee_cis", "defense": "local_dp_per_tensor_eps1", "comparator": "client_side_DP_vs_local_BN_baseline", "done": 143, "total": 264, "failed": 0, "last_update": "2026-10-03T15:04:40.772733+00:00", "eta_minutes": 79.92148376458731}
{"part": "local_dp_utility", "dataset": "baf", "defense": "local_dp_per_tensor_eps3", "comparator": "client_side_DP_vs_local_BN_baseline", "done": 144, "total": 264, "failed": 0, "last_update": "2026-10-03T15:05:16.006416+00:00", "eta_minutes": 79.19990837242868}
{"part": "local_dp_utility", "dataset": "baf", "defense": "local_dp_per_tensor_eps1", "comparator": "client_side_DP_vs_local_BN_baseline", "done": 145, "total": 264, "failed": 0, "last_update": "2026-10-03T15:06:07.838145+00:00", "eta_minutes": 78.7072171725898}
{"part": "local_dp_utility", "dataset": "baf", "defense": "local_dp_per_tensor_eps1", "comparator": "client_side_DP_vs_local_BN_baseline", "done": 146, "total": 264, "failed": 0, "last_update": "2026-10-03T15:06:45.121373+00:00", "eta_minutes": 78.01346926961315}
{"part": "local_dp_utility", "dataset": "cifar10", "defense": "local_dp_global_eps1", "comparator": "client_side_DP_vs_local_BN_baseline", "done": 147, "total": 264, "failed": 0, "last_update": "2026-10-03T15:07:14.492497+00:00", "eta_minutes": 77.21574872123952}
{"part": "local_dp_utility", "dataset": "paysim", "defense": "local_dp_global_eps1", "comparator": "client_side_DP_vs_local_BN_baseline", "done": 148, "total": 264, "failed": 0, "last_update": "2026-10-03T15:07:14.989737+00:00", "eta_minutes": 76.0450117391509}
{"part": "local_dp_utility", "dataset": "ieee_cis", "defense": "local_dp_global_eps10", "comparator": "client_side_DP_vs_local_BN_baseline", "done": 149, "total": 264, "failed": 0, "last_update": "2026-10-03T15:08:44.951479+00:00", "eta_minutes": 76.0407078111465}
{"part": "local_dp_utility", "dataset": "paysim", "defense": "local_dp_global_eps10", "comparator": "client_side_DP_vs_local_BN_baseline", "done": 150, "total": 264, "failed": 0, "last_update": "2026-10-03T15:09:10.477346+00:00", "eta_minutes": 75.20028200626373}
{"part": "local_dp_utility", "dataset": "ieee_cis", "defense": "local_dp_per_tensor_eps1", "comparator": "client_side_DP_vs_local_BN_baseline", "done": 151, "total": 264, "failed": 0, "last_update": "2026-10-03T15:09:20.373615+00:00", "eta_minutes": 74.17041413541925}
{"part": "local_dp_utility", "dataset": "paysim", "defense": "local_dp_global_eps1", "comparator": "client_side_DP_vs_local_BN_baseline", "done": 152, "total": 264, "failed": 0, "last_update": "2026-10-03T15:09:27.966750+00:00", "eta_minutes": 73.12364273698707}
{"part": "local_dp_utility", "dataset": "paysim", "defense": "local_dp_per_tensor_eps3", "comparator": "client_side_DP_vs_local_BN_baseline", "done": 153, "total": 264, "failed": 0, "last_update": "2026-10-03T15:10:43.221196+00:00", "eta_minutes": 72.90702750659456}
{"part": "local_dp_utility", "dataset": "paysim", "defense": "local_dp_per_tensor_eps1", "comparator": "client_side_DP_vs_local_BN_baseline", "done": 154, "total": 264, "failed": 0, "last_update": "2026-10-03T15:11:08.163678+00:00", "eta_minutes": 72.07798453172047}
{"part": "local_dp_utility", "dataset": "baf", "defense": "local_dp_per_tensor_eps10", "comparator": "client_side_DP_vs_local_BN_baseline", "done": 155, "total": 264, "failed": 0, "last_update": "2026-10-03T15:11:32.762536+00:00", "eta_minutes": 71.25024751970844}
{"part": "local_dp_utility", "dataset": "ieee_cis", "defense": "local_dp_per_tensor_eps3", "comparator": "client_side_DP_vs_local_BN_baseline", "done": 156, "total": 264, "failed": 0, "last_update": "2026-10-03T15:11:38.524240+00:00", "eta_minutes": 70.2105145591956}
{"part": "local_dp_utility", "dataset": "ieee_cis", "defense": "local_dp_global_eps1", "comparator": "client_side_DP_vs_local_BN_baseline", "done": 157, "total": 264, "failed": 0, "last_update": "2026-10-03T15:13:02.784637+00:00", "eta_minutes": 70.0744551688749}
{"part": "local_dp_utility", "dataset": "cifar10", "defense": "local_dp_global_eps3", "comparator": "client_side_DP_vs_local_BN_baseline", "done": 158, "total": 264, "failed": 0, "last_update": "2026-10-03T15:14:23.596703+00:00", "eta_minutes": 69.88378429699547}
{"part": "local_dp_utility", "dataset": "cifar10", "defense": "local_dp_per_tensor_eps10", "comparator": "client_side_DP_vs_local_BN_baseline", "done": 159, "total": 264, "failed": 0, "last_update": "2026-10-03T15:14:51.605113+00:00", "eta_minutes": 69.09739773378432}
{"part": "local_dp_utility", "dataset": "cifar10", "defense": "local_dp_per_tensor_eps1", "comparator": "client_side_DP_vs_local_BN_baseline", "done": 160, "total": 264, "failed": 0, "last_update": "2026-10-03T15:14:53.572257+00:00", "eta_minutes": 68.03289220790069}
{"part": "local_dp_utility", "dataset": "cifar10", "defense": "local_dp_global_eps1", "comparator": "client_side_DP_vs_local_BN_baseline", "done": 161, "total": 264, "failed": 0, "last_update": "2026-10-03T15:16:16.820999+00:00", "eta_minutes": 67.84787021258356}
{"part": "local_dp_utility", "dataset": "baf", "defense": "local_dp_global_eps1", "comparator": "client_side_DP_vs_local_BN_baseline", "done": 162, "total": 264, "failed": 0, "last_update": "2026-10-03T15:16:44.172033+00:00", "eta_minutes": 67.06142221306577}
{"part": "local_dp_utility", "dataset": "paysim", "defense": "local_dp_global_eps1", "comparator": "client_side_DP_vs_local_BN_baseline", "done": 163, "total": 264, "failed": 0, "last_update": "2026-10-03T15:16:48.932488+00:00", "eta_minutes": 66.04573319804204}
{"part": "local_dp_utility", "dataset": "baf", "defense": "local_dp_per_tensor_eps10", "comparator": "client_side_DP_vs_local_BN_baseline", "done": 164, "total": 264, "failed": 0, "last_update": "2026-10-03T15:17:13.914742+00:00", "eta_minutes": 65.24696917553258}
{"part": "local_dp_utility", "dataset": "baf", "defense": "local_dp_global_eps3", "comparator": "client_side_DP_vs_local_BN_baseline", "done": 165, "total": 264, "failed": 0, "last_update": "2026-10-03T15:18:17.967081+00:00", "eta_minutes": 64.84354041814804}
{"part": "local_dp_utility", "dataset": "baf", "defense": "local_dp_per_tensor_eps10", "comparator": "client_side_DP_vs_local_BN_baseline", "done": 166, "total": 264, "failed": 0, "last_update": "2026-10-03T15:18:44.687322+00:00", "eta_minutes": 64.06478773068233}
{"part": "local_dp_utility", "dataset": "paysim", "defense": "local_dp_per_tensor_eps10", "comparator": "client_side_DP_vs_local_BN_baseline", "done": 167, "total": 264, "failed": 0, "last_update": "2026-10-03T15:19:00.291476+00:00", "eta_minutes": 63.182416604616925}
{"part": "local_dp_utility", "dataset": "baf", "defense": "local_dp_per_tensor_eps10", "comparator": "client_side_DP_vs_local_BN_baseline", "done": 168, "total": 264, "failed": 0, "last_update": "2026-10-03T15:19:17.297524+00:00", "eta_minutes": 62.32080521583557}
{"part": "local_dp_utility", "dataset": "ieee_cis", "defense": "local_dp_per_tensor_eps3", "comparator": "client_side_DP_vs_local_BN_baseline", "done": 169, "total": 264, "failed": 0, "last_update": "2026-10-03T15:20:50.842797+00:00", "eta_minutes": 62.183119613273135}
{"part": "local_dp_utility", "dataset": "paysim", "defense": "local_dp_global_eps1", "comparator": "client_side_DP_vs_local_BN_baseline", "done": 170, "total": 264, "failed": 0, "last_update": "2026-10-03T15:20:58.030577+00:00", "eta_minutes": 61.23286808645024}
{"part": "local_dp_utility", "dataset": "paysim", "defense": "local_dp_per_tensor_eps10", "comparator": "client_side_DP_vs_local_BN_baseline", "done": 171, "total": 264, "failed": 0, "last_update": "2026-10-03T15:21:12.043897+00:00", "eta_minutes": 60.3541984052686}
{"part": "local_dp_utility", "dataset": "baf", "defense": "local_dp_global_eps3", "comparator": "client_side_DP_vs_local_BN_baseline", "done": 172, "total": 264, "failed": 0, "last_update": "2026-10-03T15:21:19.305220+00:00", "eta_minutes": 59.422837843081744}
{"part": "local_dp_utility", "dataset": "paysim", "defense": "local_dp_global_eps3", "comparator": "client_side_DP_vs_local_BN_baseline", "done": 173, "total": 264, "failed": 0, "last_update": "2026-10-03T15:23:19.224330+00:00", "eta_minutes": 59.4885003085311}
{"part": "local_dp_utility", "dataset": "ieee_cis", "defense": "local_dp_global_eps10", "comparator": "client_side_DP_vs_local_BN_baseline", "done": 174, "total": 264, "failed": 0, "last_update": "2026-10-03T15:23:30.249154+00:00", "eta_minutes": 58.59169117952216}
{"part": "local_dp_utility", "dataset": "cifar10", "defense": "local_dp_per_tensor_eps10", "comparator": "client_side_DP_vs_local_BN_baseline", "done": 175, "total": 264, "failed": 0, "last_update": "2026-10-03T15:24:07.096040+00:00", "eta_minutes": 57.92190407180786}
{"part": "local_dp_utility", "dataset": "cifar10", "defense": "local_dp_global_eps10", "comparator": "client_side_DP_vs_local_BN_baseline", "done": 176, "total": 264, "failed": 0, "last_update": "2026-10-03T15:24:17.240827+00:00", "eta_minutes": 57.030232081810624}
{"part": "local_dp_utility", "dataset": "ieee_cis", "defense": "local_dp_per_tensor_eps10", "comparator": "client_side_DP_vs_local_BN_baseline", "done": 177, "total": 264, "failed": 0, "last_update": "2026-10-03T15:25:53.677659+00:00", "eta_minutes": 56.85363723329231}
{"part": "local_dp_utility", "dataset": "ieee_cis", "defense": "local_dp_global_eps3", "comparator": "client_side_DP_vs_local_BN_baseline", "done": 178, "total": 264, "failed": 0, "last_update": "2026-10-03T15:26:32.914857+00:00", "eta_minutes": 56.200370950555985}
{"part": "local_dp_utility", "dataset": "cifar10", "defense": "local_dp_per_tensor_eps3", "comparator": "client_side_DP_vs_local_BN_baseline", "done": 179, "total": 264, "failed": 0, "last_update": "2026-10-03T15:26:37.448946+00:00", "eta_minutes": 55.27244481960488}
{"part": "local_dp_utility", "dataset": "ieee_cis", "defense": "local_dp_per_tensor_eps1", "comparator": "client_side_DP_vs_local_BN_baseline", "done": 180, "total": 264, "failed": 0, "last_update": "2026-10-03T15:26:43.021859+00:00", "eta_minutes": 54.36206908888287}
{"part": "local_dp_utility", "dataset": "paysim", "defense": "local_dp_global_eps3", "comparator": "client_side_DP_vs_local_BN_baseline", "done": 181, "total": 264, "failed": 0, "last_update": "2026-10-03T15:28:51.561663+00:00", "eta_minutes": 54.40052862878663}
{"part": "local_dp_utility", "dataset": "baf", "defense": "local_dp_global_eps10", "comparator": "client_side_DP_vs_local_BN_baseline", "done": 182, "total": 264, "failed": 0, "last_update": "2026-10-03T15:29:02.471734+00:00", "eta_minutes": 53.531723272363784}
{"part": "local_dp_utility", "dataset": "cifar10", "defense": "local_dp_global_eps10", "comparator": "client_side_DP_vs_local_BN_baseline", "done": 183, "total": 264, "failed": 0, "last_update": "2026-10-03T15:29:15.086995+00:00", "eta_minutes": 52.68300504801703}
{"part": "local_dp_utility", "dataset": "cifar10", "defense": "local_dp_global_eps3", "comparator": "client_side_DP_vs_local_BN_baseline", "done": 184, "total": 264, "failed": 0, "last_update": "2026-10-03T15:30:02.110171+00:00", "eta_minutes": 52.090559384097226}
{"part": "local_dp_utility", "dataset": "paysim", "defense": "local_dp_per_tensor_eps1", "comparator": "client_side_DP_vs_local_BN_baseline", "done": 185, "total": 264, "failed": 0, "last_update": "2026-10-03T15:30:46.233692+00:00", "eta_minutes": 51.47540870522594}
{"part": "local_dp_utility", "dataset": "ieee_cis", "defense": "local_dp_global_eps3", "comparator": "client_side_DP_vs_local_BN_baseline", "done": 186, "total": 264, "failed": 0, "last_update": "2026-10-03T15:31:29.063982+00:00", "eta_minutes": 50.84992639223734}
{"part": "local_dp_utility", "dataset": "cifar10", "defense": "local_dp_global_eps10", "comparator": "client_side_DP_vs_local_BN_baseline", "done": 187, "total": 264, "failed": 0, "last_update": "2026-10-03T15:32:17.541409+00:00", "eta_minutes": 50.2622539581037}
{"part": "local_dp_utility", "dataset": "cifar10", "defense": "local_dp_global_eps3", "comparator": "client_side_DP_vs_local_BN_baseline", "done": 188, "total": 264, "failed": 0, "last_update": "2026-10-03T15:33:18.113354+00:00", "eta_minutes": 49.753725935888625}
{"part": "local_dp_utility", "dataset": "baf", "defense": "local_dp_global_eps1", "comparator": "client_side_DP_vs_local_BN_baseline", "done": 189, "total": 264, "failed": 0, "last_update": "2026-10-03T15:33:30.578256+00:00", "eta_minutes": 48.92172804900578}
{"part": "local_dp_utility", "dataset": "cifar10", "defense": "local_dp_global_eps10", "comparator": "client_side_DP_vs_local_BN_baseline", "done": 190, "total": 264, "failed": 0, "last_update": "2026-10-03T15:34:00.400361+00:00", "eta_minutes": 48.208970749294544}
{"part": "local_dp_utility", "dataset": "paysim", "defense": "local_dp_global_eps3", "comparator": "client_side_DP_vs_local_BN_baseline", "done": 191, "total": 264, "failed": 0, "last_update": "2026-10-03T15:35:18.263032+00:00", "eta_minutes": 47.804489770880124}
{"part": "local_dp_utility", "dataset": "cifar10", "defense": "local_dp_global_eps1", "comparator": "client_side_DP_vs_local_BN_baseline", "done": 192, "total": 264, "failed": 0, "last_update": "2026-10-03T15:35:32.799595+00:00", "eta_minutes": 46.99491636753082}
{"part": "local_dp_utility", "dataset": "ieee_cis", "defense": "local_dp_global_eps3", "comparator": "client_side_DP_vs_local_BN_baseline", "done": 193, "total": 264, "failed": 0, "last_update": "2026-10-03T15:35:51.191531+00:00", "eta_minutes": 46.214859878728625}
{"part": "local_dp_utility", "dataset": "baf", "defense": "local_dp_global_eps3", "comparator": "client_side_DP_vs_local_BN_baseline", "done": 194, "total": 264, "failed": 0, "last_update": "2026-10-03T15:36:09.570076+00:00", "eta_minutes": 45.43960455275074}
{"part": "local_dp_utility", "dataset": "baf", "defense": "local_dp_per_tensor_eps1", "comparator": "client_side_DP_vs_local_BN_baseline", "done": 195, "total": 264, "failed": 0, "last_update": "2026-10-03T15:37:38.659349+00:00", "eta_minutes": 45.08617089876762}
{"part": "local_dp_utility", "dataset": "baf", "defense": "local_dp_global_eps3", "comparator": "client_side_DP_vs_local_BN_baseline", "done": 196, "total": 264, "failed": 0, "last_update": "2026-10-03T15:37:56.351834+00:00", "eta_minutes": 44.3083539338339}
{"part": "local_dp_utility", "dataset": "cifar10", "defense": "local_dp_per_tensor_eps1", "comparator": "client_side_DP_vs_local_BN_baseline", "done": 197, "total": 264, "failed": 0, "last_update": "2026-10-03T15:38:36.244609+00:00", "eta_minutes": 43.66127914228617}
{"part": "local_dp_utility", "dataset": "ieee_cis", "defense": "local_dp_global_eps3", "comparator": "client_side_DP_vs_local_BN_baseline", "done": 198, "total": 264, "failed": 0, "last_update": "2026-10-03T15:38:48.902330+00:00", "eta_minutes": 42.862718632486136}
{"part": "local_dp_utility", "dataset": "paysim", "defense": "local_dp_per_tensor_eps10", "comparator": "client_side_DP_vs_local_BN_baseline", "done": 199, "total": 264, "failed": 0, "last_update": "2026-10-03T15:39:56.825825+00:00", "eta_minutes": 42.37092401813622}
{"part": "local_dp_utility", "dataset": "ieee_cis", "defense": "local_dp_per_tensor_eps3", "comparator": "client_side_DP_vs_local_BN_baseline", "done": 200, "total": 264, "failed": 0, "last_update": "2026-10-03T15:40:17.889259+00:00", "eta_minutes": 41.622806830088294}
{"part": "local_dp_utility", "dataset": "baf", "defense": "local_dp_per_tensor_eps1", "comparator": "client_side_DP_vs_local_BN_baseline", "done": 201, "total": 264, "failed": 0, "last_update": "2026-10-03T15:40:55.238647+00:00", "eta_minutes": 40.96371619630216}
{"part": "local_dp_utility", "dataset": "cifar10", "defense": "local_dp_global_eps10", "comparator": "client_side_DP_vs_local_BN_baseline", "done": 202, "total": 264, "failed": 0, "last_update": "2026-10-03T15:41:52.241063+00:00", "eta_minutes": 40.40552321145243}
{"part": "local_dp_utility", "dataset": "paysim", "defense": "local_dp_per_tensor_eps10", "comparator": "client_side_DP_vs_local_BN_baseline", "done": 203, "total": 264, "failed": 0, "last_update": "2026-10-03T15:42:35.619318+00:00", "eta_minutes": 39.77523701506099}
{"part": "local_dp_utility", "dataset": "ieee_cis", "defense": "local_dp_global_eps10", "comparator": "client_side_DP_vs_local_BN_baseline", "done": 204, "total": 264, "failed": 0, "last_update": "2026-10-03T15:42:36.648654+00:00", "eta_minutes": 38.936449396844004}
{"part": "local_dp_utility", "dataset": "ieee_cis", "defense": "local_dp_global_eps10", "comparator": "client_side_DP_vs_local_BN_baseline", "done": 205, "total": 264, "failed": 0, "last_update": "2026-10-03T15:43:14.748262+00:00", "eta_minutes": 38.28349446060212}
{"part": "local_dp_utility", "dataset": "ieee_cis", "defense": "local_dp_per_tensor_eps3", "comparator": "client_side_DP_vs_local_BN_baseline", "done": 206, "total": 264, "failed": 0, "last_update": "2026-10-03T15:44:13.955818+00:00", "eta_minutes": 37.7297641491427}
{"part": "local_dp_utility", "dataset": "baf", "defense": "local_dp_per_tensor_eps3", "comparator": "client_side_DP_vs_local_BN_baseline", "done": 207, "total": 264, "failed": 0, "last_update": "2026-10-03T15:44:39.364642+00:00", "eta_minutes": 37.01673469825643}
{"part": "local_dp_utility", "dataset": "baf", "defense": "local_dp_per_tensor_eps3", "comparator": "client_side_DP_vs_local_BN_baseline", "done": 208, "total": 264, "failed": 0, "last_update": "2026-10-03T15:44:42.826928+00:00", "eta_minutes": 36.20801132229658}
{"part": "local_dp_utility", "dataset": "ieee_cis", "defense": "local_dp_global_eps3", "comparator": "client_side_DP_vs_local_BN_baseline", "done": 209, "total": 264, "failed": 0, "last_update": "2026-10-03T15:45:34.664988+00:00", "eta_minutes": 35.618648964062075}
{"part": "local_dp_utility", "dataset": "paysim", "defense": "local_dp_global_eps10", "comparator": "client_side_DP_vs_local_BN_baseline", "done": 210, "total": 264, "failed": 0, "last_update": "2026-10-03T15:46:36.176984+00:00", "eta_minutes": 35.068131453650345}
{"part": "local_dp_utility", "dataset": "ieee_cis", "defense": "local_dp_per_tensor_eps1", "comparator": "client_side_DP_vs_local_BN_baseline", "done": 211, "total": 264, "failed": 0, "last_update": "2026-10-03T15:46:51.446130+00:00", "eta_minutes": 34.319522682467905}
{"part": "local_dp_utility", "dataset": "paysim", "defense": "local_dp_per_tensor_eps3", "comparator": "client_side_DP_vs_local_BN_baseline", "done": 212, "total": 264, "failed": 0, "last_update": "2026-10-03T15:46:57.029012+00:00", "eta_minutes": 33.535977500339726}
{"part": "local_dp_utility", "dataset": "ieee_cis", "defense": "local_dp_per_tensor_eps10", "comparator": "client_side_DP_vs_local_BN_baseline", "done": 213, "total": 264, "failed": 0, "last_update": "2026-10-03T15:48:08.966844+00:00", "eta_minutes": 33.023712294370355}
{"part": "local_dp_utility", "dataset": "paysim", "defense": "local_dp_per_tensor_eps1", "comparator": "client_side_DP_vs_local_BN_baseline", "done": 214, "total": 264, "failed": 0, "last_update": "2026-10-03T15:48:49.704792+00:00", "eta_minutes": 32.38353510883367}
{"part": "local_dp_utility", "dataset": "paysim", "defense": "local_dp_per_tensor_eps1", "comparator": "client_side_DP_vs_local_BN_baseline", "done": 215, "total": 264, "failed": 0, "last_update": "2026-10-03T15:49:06.859902+00:00", "eta_minutes": 31.65341855910397}
{"part": "local_dp_utility", "dataset": "cifar10", "defense": "local_dp_per_tensor_eps1", "comparator": "client_side_DP_vs_local_BN_baseline", "done": 216, "total": 264, "failed": 0, "last_update": "2026-10-03T15:50:09.182944+00:00", "eta_minutes": 31.094703584247167}
{"part": "local_dp_utility", "dataset": "paysim", "defense": "local_dp_global_eps3", "comparator": "client_side_DP_vs_local_BN_baseline", "done": 217, "total": 264, "failed": 0, "last_update": "2026-10-03T15:50:45.791343+00:00", "eta_minutes": 30.438739109020997}
{"part": "local_dp_utility", "dataset": "cifar10", "defense": "local_dp_global_eps3", "comparator": "client_side_DP_vs_local_BN_baseline", "done": 218, "total": 264, "failed": 0, "last_update": "2026-10-03T15:51:19.574510+00:00", "eta_minutes": 29.773259216674607}
{"part": "local_dp_utility", "dataset": "ieee_cis", "defense": "local_dp_per_tensor_eps1", "comparator": "client_side_DP_vs_local_BN_baseline", "done": 219, "total": 264, "failed": 0, "last_update": "2026-10-03T15:51:36.643365+00:00", "eta_minutes": 29.05147393109047}
{"part": "local_dp_utility", "dataset": "baf", "defense": "local_dp_per_tensor_eps1", "comparator": "client_side_DP_vs_local_BN_baseline", "done": 220, "total": 264, "failed": 0, "last_update": "2026-10-03T15:52:10.226203+00:00", "eta_minutes": 28.38871075630188}
{"part": "local_dp_utility", "dataset": "paysim", "defense": "local_dp_per_tensor_eps10", "comparator": "client_side_DP_vs_local_BN_baseline", "done": 221, "total": 264, "failed": 0, "last_update": "2026-10-03T15:53:29.970129+00:00", "eta_minutes": 27.876572745346195}
{"part": "local_dp_utility", "dataset": "baf", "defense": "local_dp_global_eps3", "comparator": "client_side_DP_vs_local_BN_baseline", "done": 222, "total": 264, "failed": 0, "last_update": "2026-10-03T15:53:37.223421+00:00", "eta_minutes": 27.128501402472587}
{"part": "local_dp_utility", "dataset": "cifar10", "defense": "local_dp_per_tensor_eps1", "comparator": "client_side_DP_vs_local_BN_baseline", "done": 223, "total": 264, "failed": 0, "last_update": "2026-10-03T15:53:59.681700+00:00", "eta_minutes": 26.432647061330144}
{"part": "local_dp_utility", "dataset": "cifar10", "defense": "local_dp_global_eps1", "comparator": "client_side_DP_vs_local_BN_baseline", "done": 224, "total": 264, "failed": 0, "last_update": "2026-10-03T15:55:23.856616+00:00", "eta_minutes": 25.923344168634642}
{"part": "local_dp_utility", "dataset": "baf", "defense": "local_dp_global_eps3", "comparator": "client_side_DP_vs_local_BN_baseline", "done": 225, "total": 264, "failed": 0, "last_update": "2026-10-03T15:55:38.790817+00:00", "eta_minutes": 25.20606931760576}
{"part": "local_dp_utility", "dataset": "paysim", "defense": "local_dp_global_eps10", "comparator": "client_side_DP_vs_local_BN_baseline", "done": 226, "total": 264, "failed": 0, "last_update": "2026-10-03T15:55:57.784957+00:00", "eta_minutes": 24.50431660083191}
{"part": "local_dp_utility", "dataset": "cifar10", "defense": "local_dp_global_eps1", "comparator": "client_side_DP_vs_local_BN_baseline", "done": 227, "total": 264, "failed": 0, "last_update": "2026-10-03T15:56:45.798332+00:00", "eta_minutes": 23.884791348631687}
{"part": "local_dp_utility", "dataset": "ieee_cis", "defense": "local_dp_per_tensor_eps10", "comparator": "client_side_DP_vs_local_BN_baseline", "done": 228, "total": 264, "failed": 0, "last_update": "2026-10-03T15:57:44.640776+00:00", "eta_minutes": 23.292178283867084}
{"part": "local_dp_utility", "dataset": "baf", "defense": "local_dp_global_eps10", "comparator": "client_side_DP_vs_local_BN_baseline", "done": 229, "total": 264, "failed": 0, "last_update": "2026-10-03T15:58:03.341654+00:00", "eta_minutes": 22.593923012068522}
{"part": "local_dp_utility", "dataset": "baf", "defense": "local_dp_global_eps10", "comparator": "client_side_DP_vs_local_BN_baseline", "done": 230, "total": 264, "failed": 0, "last_update": "2026-10-03T15:58:21.857309+00:00", "eta_minutes": 21.898572858727494}
{"part": "local_dp_utility", "dataset": "cifar10", "defense": "local_dp_per_tensor_eps3", "comparator": "client_side_DP_vs_local_BN_baseline", "done": 231, "total": 264, "failed": 0, "last_update": "2026-10-03T16:00:03.551413+00:00", "eta_minutes": 21.40461532785779}
{"part": "local_dp_utility", "dataset": "paysim", "defense": "local_dp_global_eps10", "comparator": "client_side_DP_vs_local_BN_baseline", "done": 232, "total": 264, "failed": 0, "last_update": "2026-10-03T16:00:37.488551+00:00", "eta_minutes": 20.744541546942173}
{"part": "local_dp_utility", "dataset": "ieee_cis", "defense": "local_dp_per_tensor_eps1", "comparator": "client_side_DP_vs_local_BN_baseline", "done": 233, "total": 264, "failed": 0, "last_update": "2026-10-03T16:00:38.634144+00:00", "eta_minutes": 20.012564821202357}
{"part": "local_dp_utility", "dataset": "cifar10", "defense": "local_dp_per_tensor_eps1", "comparator": "client_side_DP_vs_local_BN_baseline", "done": 234, "total": 264, "failed": 0, "last_update": "2026-10-03T16:01:01.944966+00:00", "eta_minutes": 19.334042713682877}
{"part": "local_dp_utility", "dataset": "paysim", "defense": "local_dp_global_eps10", "comparator": "client_side_DP_vs_local_BN_baseline", "done": 235, "total": 264, "failed": 0, "last_update": "2026-10-03T16:02:35.275546+00:00", "eta_minutes": 18.802001028044003}
{"part": "local_dp_utility", "dataset": "paysim", "defense": "local_dp_per_tensor_eps3", "comparator": "client_side_DP_vs_local_BN_baseline", "done": 236, "total": 264, "failed": 0, "last_update": "2026-10-03T16:02:52.743908+00:00", "eta_minutes": 18.111275853949078}
{"part": "local_dp_utility", "dataset": "cifar10", "defense": "local_dp_per_tensor_eps10", "comparator": "client_side_DP_vs_local_BN_baseline", "done": 237, "total": 264, "failed": 0, "last_update": "2026-10-03T16:03:17.815006+00:00", "eta_minutes": 17.438358272932753}
{"part": "local_dp_utility", "dataset": "cifar10", "defense": "local_dp_global_eps1", "comparator": "client_side_DP_vs_local_BN_baseline", "done": 238, "total": 264, "failed": 0, "last_update": "2026-10-03T16:04:15.539447+00:00", "eta_minutes": 16.82703698810075}
{"part": "local_dp_utility", "dataset": "baf", "defense": "local_dp_per_tensor_eps1", "comparator": "client_side_DP_vs_local_BN_baseline", "done": 239, "total": 264, "failed": 0, "last_update": "2026-10-03T16:04:54.399281+00:00", "eta_minutes": 16.179892444045308}
{"part": "local_dp_utility", "dataset": "paysim", "defense": "local_dp_global_eps10", "comparator": "client_side_DP_vs_local_BN_baseline", "done": 240, "total": 264, "failed": 0, "last_update": "2026-10-03T16:05:12.000864+00:00", "eta_minutes": 15.497313144604364}
{"part": "local_dp_utility", "dataset": "baf", "defense": "local_dp_global_eps10", "comparator": "client_side_DP_vs_local_BN_baseline", "done": 241, "total": 264, "failed": 0, "last_update": "2026-10-03T16:05:12.239392+00:00", "eta_minutes": 14.79034630441072}
{"part": "local_dp_utility", "dataset": "paysim", "defense": "local_dp_per_tensor_eps10", "comparator": "client_side_DP_vs_local_BN_baseline", "done": 242, "total": 264, "failed": 0, "last_update": "2026-10-03T16:06:24.567023+00:00", "eta_minutes": 14.198415222673704}
{"part": "local_dp_utility", "dataset": "baf", "defense": "local_dp_global_eps10", "comparator": "client_side_DP_vs_local_BN_baseline", "done": 243, "total": 264, "failed": 0, "last_update": "2026-10-03T16:07:09.053402+00:00", "eta_minutes": 13.56133394810398}
{"part": "local_dp_utility", "dataset": "ieee_cis", "defense": "local_dp_global_eps1", "comparator": "client_side_DP_vs_local_BN_baseline", "done": 244, "total": 264, "failed": 0, "last_update": "2026-10-03T16:07:24.159815+00:00", "eta_minutes": 12.883260709014746}
{"part": "local_dp_utility", "dataset": "cifar10", "defense": "local_dp_per_tensor_eps1", "comparator": "client_side_DP_vs_local_BN_baseline", "done": 245, "total": 264, "failed": 0, "last_update": "2026-10-03T16:08:25.155863+00:00", "eta_minutes": 12.26798060066846}
{"part": "local_dp_utility", "dataset": "paysim", "defense": "local_dp_global_eps3", "comparator": "client_side_DP_vs_local_BN_baseline", "done": 246, "total": 264, "failed": 0, "last_update": "2026-10-03T16:09:19.611316+00:00", "eta_minutes": 11.641461389820751}
{"part": "local_dp_utility", "dataset": "cifar10", "defense": "local_dp_global_eps3", "comparator": "client_side_DP_vs_local_BN_baseline", "done": 247, "total": 264, "failed": 0, "last_update": "2026-10-03T16:09:39.992533+00:00", "eta_minutes": 10.973579789704157}
{"part": "local_dp_utility", "dataset": "ieee_cis", "defense": "local_dp_per_tensor_eps10", "comparator": "client_side_DP_vs_local_BN_baseline", "done": 248, "total": 264, "failed": 0, "last_update": "2026-10-03T16:09:42.831673+00:00", "eta_minutes": 10.289482469712535}
{"part": "local_dp_utility", "dataset": "baf", "defense": "local_dp_global_eps3", "comparator": "client_side_DP_vs_local_BN_baseline", "done": 249, "total": 264, "failed": 0, "last_update": "2026-10-03T16:10:47.127234+00:00", "eta_minutes": 9.672203070188623}
{"part": "local_dp_utility", "dataset": "baf", "defense": "local_dp_global_eps3", "comparator": "client_side_DP_vs_local_BN_baseline", "done": 250, "total": 264, "failed": 0, "last_update": "2026-10-03T16:11:22.759398+00:00", "eta_minutes": 9.02453666044871}
{"part": "local_dp_utility", "dataset": "ieee_cis", "defense": "local_dp_global_eps1", "comparator": "client_side_DP_vs_local_BN_baseline", "done": 251, "total": 264, "failed": 0, "last_update": "2026-10-03T16:11:57.254025+00:00", "eta_minutes": 8.376316974283373}
{"part": "local_dp_utility", "dataset": "baf", "defense": "local_dp_global_eps10", "comparator": "client_side_DP_vs_local_BN_baseline", "done": 252, "total": 264, "failed": 0, "last_update": "2026-10-03T16:12:49.780824+00:00", "eta_minutes": 7.742990355453795}
{"part": "local_dp_utility", "dataset": "cifar10", "defense": "local_dp_global_eps10", "comparator": "client_side_DP_vs_local_BN_baseline", "done": 253, "total": 264, "failed": 0, "last_update": "2026-10-03T16:12:59.347275+00:00", "eta_minutes": 7.076619057897208}
{"part": "local_dp_utility", "dataset": "paysim", "defense": "local_dp_per_tensor_eps3", "comparator": "client_side_DP_vs_local_BN_baseline", "done": 254, "total": 264, "failed": 0, "last_update": "2026-10-03T16:13:22.180198+00:00", "eta_minutes": 6.422944371312309}
{"part": "local_dp_utility", "dataset": "ieee_cis", "defense": "local_dp_global_eps1", "comparator": "client_side_DP_vs_local_BN_baseline", "done": 255, "total": 264, "failed": 0, "last_update": "2026-10-03T16:14:33.641543+00:00", "eta_minutes": 5.800016804021948}
{"part": "local_dp_utility", "dataset": "paysim", "defense": "local_dp_per_tensor_eps3", "comparator": "client_side_DP_vs_local_BN_baseline", "done": 256, "total": 264, "failed": 0, "last_update": "2026-10-03T16:14:57.281545+00:00", "eta_minutes": 5.147744022930662}
{"part": "local_dp_utility", "dataset": "ieee_cis", "defense": "local_dp_global_eps1", "comparator": "client_side_DP_vs_local_BN_baseline", "done": 257, "total": 264, "failed": 0, "last_update": "2026-10-03T16:15:56.910141+00:00", "eta_minutes": 4.513818426787776}
{"part": "local_dp_utility", "dataset": "cifar10", "defense": "local_dp_global_eps1", "comparator": "client_side_DP_vs_local_BN_baseline", "done": 258, "total": 264, "failed": 0, "last_update": "2026-10-03T16:16:06.377705+00:00", "eta_minutes": 3.8576607475909146}
{"part": "local_dp_utility", "dataset": "paysim", "defense": "local_dp_per_tensor_eps10", "comparator": "client_side_DP_vs_local_BN_baseline", "done": 259, "total": 264, "failed": 0, "last_update": "2026-10-03T16:16:53.009785+00:00", "eta_minutes": 3.217309140253865}
{"part": "local_dp_utility", "dataset": "cifar10", "defense": "local_dp_global_eps3", "comparator": "client_side_DP_vs_local_BN_baseline", "done": 260, "total": 264, "failed": 0, "last_update": "2026-10-03T16:17:46.549503+00:00", "eta_minutes": 2.5776760322619707}
{"part": "local_dp_utility", "dataset": "paysim", "defense": "local_dp_per_tensor_eps10", "comparator": "client_side_DP_vs_local_BN_baseline", "done": 261, "total": 264, "failed": 0, "last_update": "2026-10-03T16:18:10.750652+00:00", "eta_minutes": 1.9304861442339374}
{"part": "local_dp_utility", "dataset": "baf", "defense": "local_dp_per_tensor_eps3", "comparator": "client_side_DP_vs_local_BN_baseline", "done": 262, "total": 264, "failed": 0, "last_update": "2026-10-03T16:18:26.561726+00:00", "eta_minutes": 1.2840901718491513}
{"part": "local_dp_utility", "dataset": "ieee_cis", "defense": "local_dp_global_eps1", "comparator": "client_side_DP_vs_local_BN_baseline", "done": 263, "total": 264, "failed": 0, "last_update": "2026-10-03T16:19:22.786147+00:00", "eta_minutes": 0.6431668676048782}
{"part": "local_dp_utility", "dataset": "cifar10", "defense": "local_dp_global_eps10", "comparator": "client_side_DP_vs_local_BN_baseline", "done": 264, "total": 264, "failed": 0, "last_update": "2026-10-03T16:20:48.000370+00:00", "eta_minutes": 0.0}
{"part": "analysis", "dataset": "all", "defense": "all", "comparator": "client_side_DP_vs_local_BN_baseline", "done": 264, "total": 264, "failed": 0, "last_update": "2026-10-03T16:20:48.002029+00:00", "eta_minutes": null}
{"part": "ready_for_post_exit_audit", "dataset": "all", "defense": "all", "comparator": "client_side_DP_vs_local_BN_baseline", "done": 264, "total": 264, "failed": 0, "last_update": "2026-10-03T16:22:01.225743+00:00", "eta_minutes": null}
{"part": "complete", "dataset": "all", "defense": "all", "comparator": "client_side_DP_vs_local_BN_baseline", "done": 264, "total": 264, "failed": 0, "last_update": "2026-10-03T16:27:06.354610+00:00", "eta_minutes": null}
