{
  "target_file": "paysim_priority15_strong_dp_stage1_n8_targets.pt",
  "groups": [
    2
  ],
  "defense": "clipping_noise_mc",
  "diagnostic": "bounded simple-defense attack; attacker-visible masks/thresholds/factors for retention and clipping; unknown realization for Gaussian noise",
  "target_relative_l2_delta": 0.1,
  "clip_norm": 100.0,
  "noise_multiplier": 0.5678974412358136,
  "defense_seed": 314159265,
  "restarts": 8,
  "iterations": 600,
  "attack_lr": 0.1,
  "nonnegative_lambda": 0.001,
  "clip_factor": 0.95,
  "mc_noise_samples": 100,
  "topk_temperature": null,
  "selection_formula": "argmin_c L_balanced(T_visible_clipping_noise_mc(delta(c)), defended_update; reference=defended_update)",
  "group_summary": [
    {
      "group_id": 2,
      "n_baseline_restarts": 8,
      "objective_best_restart": 2,
      "objective_best_objective": 1.0320576429367065,
      "objective_best_fraud_mse": 4025.3584698940513,
      "objective_best_non_fraud_mse": 7.190509785838738,
      "prior_fraud_mse_mean": 3967.8329363788043,
      "zero_objective_best_fraud_mse": 6345.3570400547815,
      "objective_minus_prior_fraud_mse": 57.525533515246934,
      "objective_minus_zero_fraud_mse": -2319.99857016073,
      "max_balance_residual_raw": 0.29275822173804045,
      "mean_defense_relative_l2_delta": 67266.12783777896,
      "mean_defense_keep_ratio": 1.0
    }
  ],
  "target_gate": {
    "prior": {
      "n": 1,
      "wins": 0,
      "mean_difference": 57.525533515246934,
      "median_difference": 57.525533515246934,
      "one_sided_sign_p": 1.0,
      "gate": false
    },
    "zero": {
      "n": 1,
      "wins": 1,
      "mean_difference": -2319.99857016073,
      "median_difference": -2319.99857016073,
      "one_sided_sign_p": 0.5,
      "gate": false
    },
    "gate": false
  },
  "mean_defense_relative_l2_delta": 67266.12783777896,
  "mean_defense_keep_ratio": 1.0,
  "dataset_sha256": "16910f90577b0d981bf8ff289714510bb89bc71bff7d3f220f024e287e4eea6b"
}
