{
  "target_file": "paysim_priority15_strong_dp_stage1_n8_targets.pt",
  "groups": [
    5
  ],
  "defense": "clipping_noise_mc",
  "diagnostic": "bounded simple-defense attack; attacker-visible masks/thresholds/factors for retention and clipping; unknown realization for Gaussian noise",
  "target_relative_l2_delta": 0.1,
  "clip_norm": 100.0,
  "noise_multiplier": 0.5678974412358136,
  "defense_seed": 314159265,
  "restarts": 8,
  "iterations": 600,
  "attack_lr": 0.1,
  "nonnegative_lambda": 0.001,
  "clip_factor": 0.95,
  "mc_noise_samples": 100,
  "topk_temperature": null,
  "selection_formula": "argmin_c L_balanced(T_visible_clipping_noise_mc(delta(c)), defended_update; reference=defended_update)",
  "group_summary": [
    {
      "group_id": 5,
      "n_baseline_restarts": 8,
      "objective_best_restart": 0,
      "objective_best_objective": 1.1728659868240356,
      "objective_best_fraud_mse": 80799.50705475405,
      "objective_best_non_fraud_mse": 68.77316185949313,
      "prior_fraud_mse_mean": 81361.78546605245,
      "zero_objective_best_fraud_mse": 79055.86114287195,
      "objective_minus_prior_fraud_mse": -562.2784112983936,
      "objective_minus_zero_fraud_mse": 1743.6459118821076,
      "max_balance_residual_raw": 0.3266325807198882,
      "mean_defense_relative_l2_delta": 63617.18032862559,
      "mean_defense_keep_ratio": 1.0
    }
  ],
  "target_gate": {
    "prior": {
      "n": 1,
      "wins": 1,
      "mean_difference": -562.2784112983936,
      "median_difference": -562.2784112983936,
      "one_sided_sign_p": 0.5,
      "gate": false
    },
    "zero": {
      "n": 1,
      "wins": 0,
      "mean_difference": 1743.6459118821076,
      "median_difference": 1743.6459118821076,
      "one_sided_sign_p": 1.0,
      "gate": false
    },
    "gate": false
  },
  "mean_defense_relative_l2_delta": 63617.18032862559,
  "mean_defense_keep_ratio": 1.0,
  "dataset_sha256": "16910f90577b0d981bf8ff289714510bb89bc71bff7d3f220f024e287e4eea6b"
}
