{
  "target_file": "paysim_priority15_strong_dp_stage1_n8_targets.pt",
  "groups": [
    2
  ],
  "defense": "clipping_noise_mc",
  "diagnostic": "bounded simple-defense attack; attacker-visible masks/thresholds/factors for retention and clipping; unknown realization for Gaussian noise",
  "target_relative_l2_delta": 0.1,
  "clip_norm": 100.0,
  "noise_multiplier": 4.900556183310786,
  "defense_seed": 314159265,
  "restarts": 8,
  "iterations": 600,
  "attack_lr": 0.1,
  "nonnegative_lambda": 0.001,
  "clip_factor": 0.95,
  "mc_noise_samples": 100,
  "topk_temperature": null,
  "selection_formula": "argmin_c L_balanced(T_visible_clipping_noise_mc(delta(c)), defended_update; reference=defended_update)",
  "group_summary": [
    {
      "group_id": 2,
      "n_baseline_restarts": 8,
      "objective_best_restart": 2,
      "objective_best_objective": 1.0320684909820557,
      "objective_best_fraud_mse": 3894.496183516617,
      "objective_best_non_fraud_mse": 21.42706188247537,
      "prior_fraud_mse_mean": 3967.8329363788043,
      "zero_objective_best_fraud_mse": 4591.860610089155,
      "objective_minus_prior_fraud_mse": -73.3367528621875,
      "objective_minus_zero_fraud_mse": -697.3644265725379,
      "max_balance_residual_raw": 0.2317850487306714,
      "mean_defense_relative_l2_delta": 580459.4600974901,
      "mean_defense_keep_ratio": 1.0
    }
  ],
  "target_gate": {
    "prior": {
      "n": 1,
      "wins": 1,
      "mean_difference": -73.3367528621875,
      "median_difference": -73.3367528621875,
      "one_sided_sign_p": 0.5,
      "gate": false
    },
    "zero": {
      "n": 1,
      "wins": 1,
      "mean_difference": -697.3644265725379,
      "median_difference": -697.3644265725379,
      "one_sided_sign_p": 0.5,
      "gate": false
    },
    "gate": false
  },
  "mean_defense_relative_l2_delta": 580459.4600974901,
  "mean_defense_keep_ratio": 1.0,
  "dataset_sha256": "16910f90577b0d981bf8ff289714510bb89bc71bff7d3f220f024e287e4eea6b"
}
