{"stage": "0-1_data_preparation", "dataset": "all", "method": "all", "done": 0, "total": 3, "failed": 0, "started_at": "2026-10-01T20:11:15.904315+00:00", "last_update": "2026-10-01T20:11:15.904322+00:00", "eta_minutes": null}
{"stage": "0-1_data_preparation", "dataset": "all", "method": "all", "done": 3, "total": 3, "failed": 0, "started_at": "2026-10-01T20:13:42.781372+00:00", "last_update": "2026-10-01T20:13:42.781380+00:00", "eta_minutes": 0.0}
{"stage": "0-1_data_preparation", "dataset": "paysim", "method": "none", "done": 1, "total": 3, "failed": 0, "started_at": "2026-10-01T20:14:17.028617+00:00", "last_update": "2026-10-01T20:14:17.355548+00:00", "eta_minutes": 0.010897397994995117}
{"stage": "0-1_data_preparation", "dataset": "ieee_cis", "method": "none", "done": 2, "total": 3, "failed": 0, "started_at": "2026-10-01T20:14:17.028617+00:00", "last_update": "2026-10-01T20:14:18.221416+00:00", "eta_minutes": 0.009939960638682048}
{"stage": "0-1_data_preparation", "dataset": "baf", "method": "none", "done": 3, "total": 3, "failed": 0, "started_at": "2026-10-01T20:14:17.028617+00:00", "last_update": "2026-10-01T20:14:18.392458+00:00", "eta_minutes": 0.0}
{"stage": "2_quality_attempt_1", "dataset": "all", "method": "all", "done": 0, "total": 3, "failed": 0, "started_at": "2026-10-01T20:14:18.420397+00:00", "last_update": "2026-10-01T20:14:18.420401+00:00", "eta_minutes": null}
{"stage": "2_quality_attempt_1", "dataset": "paysim", "method": "baseline", "done": 1, "total": 3, "failed": 0, "started_at": "2026-10-01T20:14:18.420397+00:00", "last_update": "2026-10-01T20:15:58.391198+00:00", "eta_minutes": 3.332359870274862}
{"stage": "2_quality_attempt_1", "dataset": "baf", "method": "baseline", "done": 2, "total": 3, "failed": 0, "started_at": "2026-10-01T20:14:18.420397+00:00", "last_update": "2026-10-01T20:16:03.435826+00:00", "eta_minutes": 0.8751285413901011}
{"stage": "2_quality_attempt_1", "dataset": "ieee_cis", "method": "baseline", "done": 3, "total": 3, "failed": 0, "started_at": "2026-10-01T20:14:18.420397+00:00", "last_update": "2026-10-01T20:16:11.964377+00:00", "eta_minutes": 0.0}
{"stage": "4_RQ2", "dataset": "all", "method": "all", "done": 0, "total": 189, "failed": 0, "started_at": "2026-10-01T20:16:12.318807+00:00", "last_update": "2026-10-01T20:16:12.318823+00:00", "eta_minutes": null}
{"stage": "4_RQ2", "dataset": "baf", "method": "baseline", "done": 1, "total": 189, "failed": 0, "started_at": "2026-10-01T20:16:12.318807+00:00", "last_update": "2026-10-01T20:17:57.647378+00:00", "eta_minutes": 330.0295062859853}
{"stage": "4_RQ2", "dataset": "paysim", "method": "baseline", "done": 2, "total": 189, "failed": 0, "started_at": "2026-10-01T20:16:12.318807+00:00", "last_update": "2026-10-01T20:18:08.596345+00:00", "eta_minutes": 181.19915679097176}
{"stage": "4_RQ2", "dataset": "baf", "method": "baseline", "done": 3, "total": 189, "failed": 0, "started_at": "2026-10-01T20:16:12.318807+00:00", "last_update": "2026-10-01T20:18:13.773303+00:00", "eta_minutes": 125.50297491550445}
{"stage": "4_RQ2", "dataset": "baf", "method": "dna_v1_conservative", "done": 3, "total": 189, "failed": 1, "started_at": "2026-10-01T20:16:12.318807+00:00", "last_update": "2026-10-01T20:18:19.540380+00:00", "eta_minutes": 131.46228679815928}
{"stage": "4_RQ2_draining_after_numerical_failure", "dataset": "baf", "method": "baseline", "done": 5, "total": 189, "failed": 1, "started_at": "2026-10-01T20:16:12.318807+00:00", "last_update": "2026-10-01T20:23:08.931848+00:00", "eta_minutes": 255.523091506958}
{"stage": "4_RQ2_draining_after_numerical_failure", "dataset": "baf", "method": "baseline", "done": 5, "total": 189, "failed": 1, "started_at": "2026-10-01T20:16:12.318807+00:00", "last_update": "2026-10-01T20:23:08.933595+00:00", "eta_minutes": 255.5237404759725}
{"stage": "4_RQ2_draining_after_numerical_failure", "dataset": "baf", "method": "baseline", "done": 5, "total": 189, "failed": 1, "started_at": "2026-10-01T20:16:12.318807+00:00", "last_update": "2026-10-01T20:23:08.934016+00:00", "eta_minutes": 255.5239968172709}
{"stage": "4_RQ2_draining_after_numerical_failure", "dataset": "ieee_cis", "method": "baseline", "done": 5, "total": 189, "failed": 1, "started_at": "2026-10-01T20:16:12.318807+00:00", "last_update": "2026-10-01T20:23:08.934350+00:00", "eta_minutes": 255.52420153935748}
{"stage": "4_RQ2_draining_after_numerical_failure", "dataset": "paysim", "method": "baseline", "done": 5, "total": 189, "failed": 1, "started_at": "2026-10-01T20:16:12.318807+00:00", "last_update": "2026-10-01T20:23:08.934743+00:00", "eta_minutes": 255.52444208780923}
{"stage": "4_RQ2_draining_after_numerical_failure", "dataset": "ieee_cis", "method": "dna_v1_conservative", "done": 6, "total": 189, "failed": 1, "started_at": "2026-10-01T20:16:12.318807+00:00", "last_update": "2026-10-01T20:23:29.143236+00:00", "eta_minutes": 222.05242621302605}
{"stage": "4_RQ2_draining_after_numerical_failure", "dataset": "paysim", "method": "baseline", "done": 7, "total": 189, "failed": 1, "started_at": "2026-10-01T20:16:12.318807+00:00", "last_update": "2026-10-01T20:24:18.668251+00:00", "eta_minutes": 210.75143055121106}
{"stage": "4_RQ2_draining_after_numerical_failure", "dataset": "paysim", "method": "baseline", "done": 8, "total": 189, "failed": 1, "started_at": "2026-10-01T20:16:12.318807+00:00", "last_update": "2026-10-01T20:24:46.953869+00:00", "eta_minutes": 194.06030965596437}
{"stage": "4_RQ2_draining_after_numerical_failure", "dataset": "paysim", "method": "baseline", "done": 9, "total": 189, "failed": 1, "started_at": "2026-10-01T20:16:12.318807+00:00", "last_update": "2026-10-01T20:26:36.137296+00:00", "eta_minutes": 207.93950033187866}
{"stage": "4_RQ2_draining_after_numerical_failure", "dataset": "baf", "method": "baseline", "done": 10, "total": 189, "failed": 1, "started_at": "2026-10-01T20:16:12.318807+00:00", "last_update": "2026-10-01T20:27:16.551220+00:00", "eta_minutes": 198.1626728816827}
{"stage": "4_RQ2_draining_after_numerical_failure", "dataset": "baf", "method": "dna_v1_conservative", "done": 11, "total": 189, "failed": 1, "started_at": "2026-10-01T20:16:12.318807+00:00", "last_update": "2026-10-01T20:28:46.551974+00:00", "eta_minutes": 203.41440310333712}
{"stage": "4_RQ2_draining_after_numerical_failure", "dataset": "paysim", "method": "baseline", "done": 12, "total": 189, "failed": 1, "started_at": "2026-10-01T20:16:12.318807+00:00", "last_update": "2026-10-01T20:28:57.684592+00:00", "eta_minutes": 188.15242510636648}
{"stage": "4_RQ2_draining_after_numerical_failure", "dataset": "baf", "method": "baseline", "done": 13, "total": 189, "failed": 1, "started_at": "2026-10-01T20:16:12.318807+00:00", "last_update": "2026-10-01T20:29:18.920217+00:00", "eta_minutes": 177.489552292457}
{"stage": "4_RQ2_draining_after_numerical_failure", "dataset": "ieee_cis", "method": "baseline", "done": 14, "total": 189, "failed": 1, "started_at": "2026-10-01T20:16:12.318807+00:00", "last_update": "2026-10-01T20:30:55.032876+00:00", "eta_minutes": 183.89876693487167}
{"stage": "4_RQ2_draining_after_numerical_failure", "dataset": "ieee_cis", "method": "baseline", "done": 15, "total": 189, "failed": 1, "started_at": "2026-10-01T20:16:12.318807+00:00", "last_update": "2026-10-01T20:34:37.508375+00:00", "eta_minutes": 213.66998532136282}
{"stage": "4_RQ2_draining_after_numerical_failure", "dataset": "baf", "method": "baseline", "done": 16, "total": 189, "failed": 1, "started_at": "2026-10-01T20:16:12.318807+00:00", "last_update": "2026-10-01T20:35:06.848933+00:00", "eta_minutes": 204.4517851593594}
{"stage": "4_RQ2_draining_after_numerical_failure", "dataset": "ieee_cis", "method": "dna_v1_conservative", "done": 17, "total": 189, "failed": 1, "started_at": "2026-10-01T20:16:12.318807+00:00", "last_update": "2026-10-01T20:36:44.903177+00:00", "eta_minutes": 207.84756230373011}
{"stage": "4_RQ2_draining_after_numerical_failure", "dataset": "baf", "method": "baseline", "done": 18, "total": 189, "failed": 1, "started_at": "2026-10-01T20:16:12.318807+00:00", "last_update": "2026-10-01T20:38:03.776184+00:00", "eta_minutes": 207.6474197924137}
{"stage": "4_RQ2_draining_after_numerical_failure", "dataset": "ieee_cis", "method": "baseline", "done": 19, "total": 189, "failed": 1, "started_at": "2026-10-01T20:16:12.318807+00:00", "last_update": "2026-10-01T20:38:42.227463+00:00", "eta_minutes": 201.30217057780212}
{"stage": "4_RQ2_draining_after_numerical_failure", "dataset": "paysim", "method": "baseline", "done": 20, "total": 189, "failed": 1, "started_at": "2026-10-01T20:16:12.318807+00:00", "last_update": "2026-10-01T20:40:02.148175+00:00", "eta_minutes": 201.36763795693716}
{"stage": "4_RQ2_draining_after_numerical_failure", "dataset": "ieee_cis", "method": "baseline", "done": 21, "total": 189, "failed": 1, "started_at": "2026-10-01T20:16:12.318807+00:00", "last_update": "2026-10-01T20:40:38.570451+00:00", "eta_minutes": 195.5002208073934}
{"stage": "4_RQ2_draining_after_numerical_failure", "dataset": "baf", "method": "baseline", "done": 22, "total": 189, "failed": 1, "started_at": "2026-10-01T20:16:12.318807+00:00", "last_update": "2026-10-01T20:41:06.891231+00:00", "eta_minutes": 189.086058715618}
{"stage": "4_RQ2_draining_after_numerical_failure", "dataset": "ieee_cis", "method": "baseline", "done": 23, "total": 189, "failed": 1, "started_at": "2026-10-01T20:16:12.318807+00:00", "last_update": "2026-10-01T20:43:59.919491+00:00", "eta_minutes": 200.59544616574829}
{"stage": "4_RQ2_draining_after_numerical_failure", "dataset": "ieee_cis", "method": "baseline", "done": 24, "total": 189, "failed": 1, "started_at": "2026-10-01T20:16:12.318807+00:00", "last_update": "2026-10-01T20:44:24.192916+00:00", "eta_minutes": 193.86057624965906}
{"stage": "4_RQ2_draining_after_numerical_failure", "dataset": "ieee_cis", "method": "dna_v1_conservative", "done": 25, "total": 189, "failed": 1, "started_at": "2026-10-01T20:16:12.318807+00:00", "last_update": "2026-10-01T20:45:45.099472+00:00", "eta_minutes": 193.82402090263366}
{"stage": "4_RQ2_draining_after_numerical_failure", "dataset": "baf", "method": "baseline", "done": 26, "total": 189, "failed": 1, "started_at": "2026-10-01T20:16:12.318807+00:00", "last_update": "2026-10-01T20:46:03.258413+00:00", "eta_minutes": 187.13022962716911}
{"stage": "4_RQ2_draining_after_numerical_failure", "dataset": "baf", "method": "baseline", "done": 27, "total": 189, "failed": 1, "started_at": "2026-10-01T20:16:12.318807+00:00", "last_update": "2026-10-01T20:47:57.207949+00:00", "eta_minutes": 190.48891952037812}
{"stage": "4_RQ2_draining_after_numerical_failure", "dataset": "paysim", "method": "dna_v1_conservative", "done": 28, "total": 189, "failed": 1, "started_at": "2026-10-01T20:16:12.318807+00:00", "last_update": "2026-10-01T20:49:45.126101+00:00", "eta_minutes": 192.89403390785057}
{"stage": "4_RQ2_draining_after_numerical_failure", "dataset": "ieee_cis", "method": "baseline", "done": 29, "total": 189, "failed": 1, "started_at": "2026-10-01T20:16:12.318807+00:00", "last_update": "2026-10-01T20:51:04.808878+00:00", "eta_minutes": 192.41288147849596}
{"stage": "4_RQ2_draining_after_numerical_failure", "dataset": "ieee_cis", "method": "dna_v1_conservative", "done": 30, "total": 189, "failed": 1, "started_at": "2026-10-01T20:16:12.318807+00:00", "last_update": "2026-10-01T20:52:35.640077+00:00", "eta_minutes": 192.86004642128947}
{"stage": "4_RQ2_draining_after_numerical_failure", "dataset": "paysim", "method": "baseline", "done": 31, "total": 189, "failed": 1, "started_at": "2026-10-01T20:16:12.318807+00:00", "last_update": "2026-10-01T20:53:06.940824+00:00", "eta_minutes": 188.123807013163}
{"stage": "4_RQ2_draining_after_numerical_failure", "dataset": "paysim", "method": "baseline", "done": 32, "total": 189, "failed": 1, "started_at": "2026-10-01T20:16:12.318807+00:00", "last_update": "2026-10-01T20:53:32.156800+00:00", "eta_minutes": 183.153420205911}
{"stage": "4_RQ2_draining_after_numerical_failure", "dataset": "ieee_cis", "method": "dna_v1_conservative", "done": 33, "total": 189, "failed": 1, "started_at": "2026-10-01T20:16:12.318807+00:00", "last_update": "2026-10-01T20:55:49.363832+00:00", "eta_minutes": 187.28233649513942}
{"stage": "4_RQ2_draining_after_numerical_failure", "dataset": "paysim", "method": "baseline", "done": 34, "total": 189, "failed": 1, "started_at": "2026-10-01T20:16:12.318807+00:00", "last_update": "2026-10-01T20:57:27.440863+00:00", "eta_minutes": 188.06074544787407}
{"stage": "4_RQ2_draining_after_numerical_failure", "dataset": "paysim", "method": "baseline", "done": 35, "total": 189, "failed": 1, "started_at": "2026-10-01T20:16:12.318807+00:00", "last_update": "2026-10-01T20:59:07.718401+00:00", "eta_minutes": 188.8626376326879}
{"stage": "4_RQ2_draining_after_numerical_failure", "dataset": "ieee_cis", "method": "baseline", "done": 36, "total": 189, "failed": 1, "started_at": "2026-10-01T20:16:12.318807+00:00", "last_update": "2026-10-01T20:59:45.190813+00:00", "eta_minutes": 185.07843454778194}
{"stage": "4_RQ2_draining_after_numerical_failure", "dataset": "baf", "method": "baseline", "done": 37, "total": 189, "failed": 1, "started_at": "2026-10-01T20:16:12.318807+00:00", "last_update": "2026-10-01T20:59:57.340325+00:00", "eta_minutes": 179.73120414373037}
{"stage": "4_RQ2_draining_after_numerical_failure", "dataset": "baf", "method": "baseline", "done": 38, "total": 189, "failed": 1, "started_at": "2026-10-01T20:16:12.318807+00:00", "last_update": "2026-10-01T21:02:06.952859+00:00", "eta_minutes": 182.43409817448835}
{"stage": "4_RQ2_draining_after_numerical_failure", "dataset": "paysim", "method": "dna_v1_conservative", "done": 39, "total": 189, "failed": 1, "started_at": "2026-10-01T20:16:12.318807+00:00", "last_update": "2026-10-01T21:03:28.938289+00:00", "eta_minutes": 181.8345828851064}
{"stage": "4_RQ2_draining_after_numerical_failure", "dataset": "ieee_cis", "method": "dna_v1_conservative", "done": 40, "total": 189, "failed": 1, "started_at": "2026-10-01T20:16:12.318807+00:00", "last_update": "2026-10-01T21:03:40.068646+00:00", "eta_minutes": 176.7978031452497}
{"stage": "4_RQ2_draining_after_numerical_failure", "dataset": "paysim", "method": "dna_v2_0p95", "done": 41, "total": 189, "failed": 1, "started_at": "2026-10-01T20:16:12.318807+00:00", "last_update": "2026-10-01T21:04:11.444870+00:00", "eta_minutes": 173.21571532691397}
{"stage": "4_RQ2_draining_after_numerical_failure", "dataset": "baf", "method": "baseline", "done": 42, "total": 189, "failed": 1, "started_at": "2026-10-01T20:16:12.318807+00:00", "last_update": "2026-10-01T21:06:17.037033+00:00", "eta_minutes": 175.27523061235746}
{"stage": "4_RQ2_draining_after_numerical_failure", "dataset": "ieee_cis", "method": "baseline", "done": 43, "total": 189, "failed": 1, "started_at": "2026-10-01T20:16:12.318807+00:00", "last_update": "2026-10-01T21:09:27.394302+00:00", "eta_minutes": 180.80659834599314}
{"stage": "4_RQ2_draining_after_numerical_failure", "dataset": "baf", "method": "baseline", "done": 44, "total": 189, "failed": 1, "started_at": "2026-10-01T20:16:12.318807+00:00", "last_update": "2026-10-01T21:10:54.483206+00:00", "eta_minutes": 180.27039367186302}
{"stage": "4_RQ2_draining_after_numerical_failure", "dataset": "baf", "method": "baseline", "done": 45, "total": 189, "failed": 1, "started_at": "2026-10-01T20:16:12.318807+00:00", "last_update": "2026-10-01T21:11:18.801202+00:00", "eta_minutes": 176.34572826385497}
{"stage": "4_RQ2_draining_after_numerical_failure", "dataset": "paysim", "method": "dna_v2_0p95", "done": 46, "total": 189, "failed": 1, "started_at": "2026-10-01T20:16:12.318807+00:00", "last_update": "2026-10-01T21:13:04.159681+00:00", "eta_minutes": 176.77291542689005}
{"stage": "4_RQ2_draining_after_numerical_failure", "dataset": "ieee_cis", "method": "baseline", "done": 47, "total": 189, "failed": 1, "started_at": "2026-10-01T20:16:12.318807+00:00", "last_update": "2026-10-01T21:13:23.399857+00:00", "eta_minutes": 172.77074846798646}
{"stage": "4_RQ2_draining_after_numerical_failure", "dataset": "baf", "method": "baseline", "done": 48, "total": 189, "failed": 1, "started_at": "2026-10-01T20:16:12.318807+00:00", "last_update": "2026-10-01T21:14:20.104130+00:00", "eta_minutes": 170.75615698248149}
{"stage": "4_RQ2_draining_after_numerical_failure", "dataset": "paysim", "method": "dna_v1_conservative", "done": 49, "total": 189, "failed": 1, "started_at": "2026-10-01T20:16:12.318807+00:00", "last_update": "2026-10-01T21:14:52.552468+00:00", "eta_minutes": 167.63017490931918}
{"stage": "4_RQ2_draining_after_numerical_failure", "dataset": "paysim", "method": "baseline", "done": 50, "total": 189, "failed": 1, "started_at": "2026-10-01T20:16:12.318807+00:00", "last_update": "2026-10-01T21:16:19.675847+00:00", "eta_minutes": 167.1408767025471}
{"stage": "4_RQ2_draining_after_numerical_failure", "dataset": "paysim", "method": "dna_v1_conservative", "done": 51, "total": 189, "failed": 1, "started_at": "2026-10-01T20:16:12.318807+00:00", "last_update": "2026-10-01T21:16:42.981470+00:00", "eta_minutes": 163.73576778851304}
{"stage": "4_RQ2_draining_after_numerical_failure", "dataset": "paysim", "method": "dna_v2_0p95", "done": 52, "total": 189, "failed": 1, "started_at": "2026-10-01T20:16:12.318807+00:00", "last_update": "2026-10-01T21:17:32.632772+00:00", "eta_minutes": 161.6035304004565}
{"stage": "4_RQ2_draining_after_numerical_failure", "dataset": "paysim", "method": "baseline", "done": 53, "total": 189, "failed": 1, "started_at": "2026-10-01T20:16:12.318807+00:00", "last_update": "2026-10-01T21:18:27.330927+00:00", "eta_minutes": 159.73636783503886}
{"stage": "4_RQ2_draining_after_numerical_failure", "dataset": "paysim", "method": "baseline", "done": 54, "total": 189, "failed": 1, "started_at": "2026-10-01T20:16:12.318807+00:00", "last_update": "2026-10-01T21:20:33.987125+00:00", "eta_minutes": 160.90284717082977}
{"stage": "4_RQ2_draining_after_numerical_failure", "dataset": "ieee_cis", "method": "dna_v1_conservative", "done": 55, "total": 189, "failed": 1, "started_at": "2026-10-01T20:16:12.318807+00:00", "last_update": "2026-10-01T21:24:35.101466+00:00", "eta_minutes": 166.59784236228828}
{"stage": "4_RQ2_draining_after_numerical_failure", "dataset": "ieee_cis", "method": "dna_v1_conservative", "done": 56, "total": 189, "failed": 1, "started_at": "2026-10-01T20:16:12.318807+00:00", "last_update": "2026-10-01T21:25:23.730525+00:00", "eta_minutes": 164.32671435226996}
{"stage": "4_RQ2_draining_after_numerical_failure", "dataset": "ieee_cis", "method": "baseline", "done": 57, "total": 189, "failed": 1, "started_at": "2026-10-01T20:16:12.318807+00:00", "last_update": "2026-10-01T21:26:10.343136+00:00", "eta_minutes": 162.02900961993035}
{"stage": "4_RQ2_draining_after_numerical_failure", "dataset": "ieee_cis", "method": "baseline", "done": 58, "total": 189, "failed": 1, "started_at": "2026-10-01T20:16:12.318807+00:00", "last_update": "2026-10-01T21:26:54.944002+00:00", "eta_minutes": 159.7080179285044}
{"stage": "4_RQ2_draining_after_numerical_failure", "dataset": "paysim", "method": "baseline", "done": 59, "total": 189, "failed": 1, "started_at": "2026-10-01T20:16:12.318807+00:00", "last_update": "2026-10-01T21:27:27.413178+00:00", "eta_minutes": 156.9949915011724}
{"stage": "4_RQ2_draining_after_numerical_failure", "dataset": "ieee_cis", "method": "baseline", "done": 60, "total": 189, "failed": 1, "started_at": "2026-10-01T20:16:12.318807+00:00", "last_update": "2026-10-01T21:28:14.021833+00:00", "eta_minutes": 154.86102557023366}
{"stage": "4_RQ2_draining_after_numerical_failure", "dataset": "ieee_cis", "method": "baseline", "done": 61, "total": 189, "failed": 1, "started_at": "2026-10-01T20:16:12.318807+00:00", "last_update": "2026-10-01T21:28:54.556194+00:00", "eta_minutes": 152.55912215436092}
{"stage": "4_RQ2_draining_after_numerical_failure", "dataset": "paysim", "method": "dna_v1_conservative", "done": 62, "total": 189, "failed": 1, "started_at": "2026-10-01T20:16:12.318807+00:00", "last_update": "2026-10-01T21:30:00.454293+00:00", "eta_minutes": 151.1755936161164}
{"stage": "4_RQ2_draining_after_numerical_failure", "dataset": "paysim", "method": "baseline", "done": 63, "total": 189, "failed": 1, "started_at": "2026-10-01T20:16:12.318807+00:00", "last_update": "2026-10-01T21:31:06.322746+00:00", "eta_minutes": 149.80013176600139}
{"stage": "4_RQ2_draining_after_numerical_failure", "dataset": "paysim", "method": "baseline", "done": 64, "total": 189, "failed": 1, "started_at": "2026-10-01T20:16:12.318807+00:00", "last_update": "2026-10-01T21:31:45.842501+00:00", "eta_minutes": 147.57564153987914}
{"stage": "4_RQ2_draining_after_numerical_failure", "dataset": "paysim", "method": "dna_v1_conservative", "done": 65, "total": 189, "failed": 1, "started_at": "2026-10-01T20:16:12.318807+00:00", "last_update": "2026-10-01T21:33:33.265130+00:00", "eta_minutes": 147.55829367001851}
{"stage": "4_RQ2_draining_after_numerical_failure", "dataset": "ieee_cis", "method": "dna_v1_conservative", "done": 66, "total": 189, "failed": 1, "started_at": "2026-10-01T20:16:12.318807+00:00", "last_update": "2026-10-01T21:33:37.312565+00:00", "eta_minutes": 144.2763216477452}
{"stage": "4_RQ2_draining_after_numerical_failure", "dataset": "ieee_cis", "method": "baseline", "done": 67, "total": 189, "failed": 1, "started_at": "2026-10-01T20:16:12.318807+00:00", "last_update": "2026-10-01T21:33:47.428083+00:00", "eta_minutes": 141.27446092052838}
{"stage": "4_RQ2_draining_after_numerical_failure", "dataset": "paysim", "method": "baseline", "done": 68, "total": 189, "failed": 1, "started_at": "2026-10-01T20:16:12.318807+00:00", "last_update": "2026-10-01T21:35:24.753791+00:00", "eta_minutes": 140.94231241345406}
{"stage": "4_RQ2_draining_after_numerical_failure", "dataset": "baf", "method": "baseline", "done": 69, "total": 189, "failed": 1, "started_at": "2026-10-01T20:16:12.318807+00:00", "last_update": "2026-10-01T21:35:53.137870+00:00", "eta_minutes": 138.5744659451471}
{"stage": "4_RQ2_draining_after_numerical_failure", "dataset": "paysim", "method": "baseline", "done": 70, "total": 189, "failed": 1, "started_at": "2026-10-01T20:16:12.318807+00:00", "last_update": "2026-10-01T21:37:43.644208+00:00", "eta_minutes": 138.58755334099132}
{"stage": "4_RQ2_draining_after_numerical_failure", "dataset": "ieee_cis", "method": "dna_v1_conservative", "done": 71, "total": 189, "failed": 1, "started_at": "2026-10-01T20:16:12.318807+00:00", "last_update": "2026-10-01T21:37:54.801590+00:00", "eta_minutes": 135.79647184582385}
{"stage": "4_RQ2_draining_after_numerical_failure", "dataset": "ieee_cis", "method": "baseline", "done": 72, "total": 189, "failed": 1, "started_at": "2026-10-01T20:16:12.318807+00:00", "last_update": "2026-10-01T21:38:08.982201+00:00", "eta_minutes": 133.1596338644624}
{"stage": "4_RQ2_draining_after_numerical_failure", "dataset": "paysim", "method": "dna_v1_conservative", "done": 73, "total": 189, "failed": 1, "started_at": "2026-10-01T20:16:12.318807+00:00", "last_update": "2026-10-01T21:38:55.661721+00:00", "eta_minutes": 131.44926465700752}
{"stage": "4_RQ2_draining_after_numerical_failure", "dataset": "baf", "method": "baseline", "done": 74, "total": 189, "failed": 1, "started_at": "2026-10-01T20:16:12.318807+00:00", "last_update": "2026-10-01T21:39:52.436703+00:00", "eta_minutes": 130.02557645214569}
{"stage": "4_RQ2_draining_after_numerical_failure", "dataset": "paysim", "method": "dna_v1_conservative", "done": 75, "total": 189, "failed": 1, "started_at": "2026-10-01T20:16:12.318807+00:00", "last_update": "2026-10-01T21:39:57.503272+00:00", "eta_minutes": 127.3046734196345}
{"stage": "4_RQ2_draining_after_numerical_failure", "dataset": "baf", "method": "baseline", "done": 76, "total": 189, "failed": 1, "started_at": "2026-10-01T20:16:12.318807+00:00", "last_update": "2026-10-01T21:40:46.207035+00:00", "eta_minutes": 125.73451118343753}
{"stage": "4_RQ2_draining_after_numerical_failure", "dataset": "paysim", "method": "dna_v1_conservative", "done": 77, "total": 189, "failed": 1, "started_at": "2026-10-01T20:16:12.318807+00:00", "last_update": "2026-10-01T21:41:58.214417+00:00", "eta_minutes": 124.74898477612119}
{"stage": "4_RQ2_draining_after_numerical_failure", "dataset": "paysim", "method": "baseline", "done": 78, "total": 189, "failed": 1, "started_at": "2026-10-01T20:16:12.318807+00:00", "last_update": "2026-10-01T21:42:08.377598+00:00", "eta_minutes": 122.29113827821536}
{"stage": "4_RQ2_draining_after_numerical_failure", "dataset": "paysim", "method": "baseline", "done": 79, "total": 189, "failed": 1, "started_at": "2026-10-01T20:16:12.318807+00:00", "last_update": "2026-10-01T21:44:06.932913+00:00", "eta_minutes": 122.40665672147325}
{"stage": "4_RQ2_draining_after_numerical_failure", "dataset": "ieee_cis", "method": "baseline", "done": 80, "total": 189, "failed": 1, "started_at": "2026-10-01T20:16:12.318807+00:00", "last_update": "2026-10-01T21:46:20.890553+00:00", "eta_minutes": 122.8196503440539}
{"stage": "4_RQ2_draining_after_numerical_failure", "dataset": "baf", "method": "baseline", "done": 81, "total": 189, "failed": 1, "started_at": "2026-10-01T20:16:12.318807+00:00", "last_update": "2026-10-01T21:46:21.904531+00:00", "eta_minutes": 120.21301640404596}
{"stage": "4_RQ2_draining_after_numerical_failure", "dataset": "paysim", "method": "baseline", "done": 82, "total": 189, "failed": 1, "started_at": "2026-10-01T20:16:12.318807+00:00", "last_update": "2026-10-01T21:48:21.559967+00:00", "eta_minutes": 120.249757156091}
{"stage": "4_RQ2_draining_after_numerical_failure", "dataset": "baf", "method": "dna_v1_conservative", "done": 83, "total": 189, "failed": 1, "started_at": "2026-10-01T20:16:12.318807+00:00", "last_update": "2026-10-01T21:48:37.805879+00:00", "eta_minutes": 118.03647209257487}
{"stage": "4_RQ2_draining_after_numerical_failure", "dataset": "baf", "method": "dna_v1_conservative", "done": 84, "total": 189, "failed": 1, "started_at": "2026-10-01T20:16:12.318807+00:00", "last_update": "2026-10-01T21:52:12.815579+00:00", "eta_minutes": 120.01034973065059}
{"stage": "4_RQ2_draining_after_numerical_failure", "dataset": "baf", "method": "baseline", "done": 85, "total": 189, "failed": 1, "started_at": "2026-10-01T20:16:12.318807+00:00", "last_update": "2026-10-01T21:52:58.450901+00:00", "eta_minutes": 118.39955679426006}
{"stage": "4_RQ2_draining_after_numerical_failure", "dataset": "ieee_cis", "method": "baseline", "done": 86, "total": 189, "failed": 1, "started_at": "2026-10-01T20:16:12.318807+00:00", "last_update": "2026-10-01T21:54:15.543391+00:00", "eta_minutes": 117.436459959385}
{"stage": "4_RQ2_draining_after_numerical_failure", "dataset": "ieee_cis", "method": "baseline", "done": 87, "total": 189, "failed": 1, "started_at": "2026-10-01T20:16:12.318807+00:00", "last_update": "2026-10-01T21:55:15.377502+00:00", "eta_minutes": 116.12873331787942}
{"stage": "4_RQ2_draining_after_numerical_failure", "dataset": "ieee_cis", "method": "baseline", "done": 88, "total": 189, "failed": 1, "started_at": "2026-10-01T20:16:12.318807+00:00", "last_update": "2026-10-01T21:56:14.195704+00:00", "eta_minutes": 114.80863023070674}
