{
  "target_file": "paysim_priority15_rq1_v2_stage1_n8_targets.pt",
  "groups": [
    6
  ],
  "defense": "clipping_noise_mc",
  "diagnostic": "bounded simple-defense attack; attacker-visible masks/thresholds/factors for retention and clipping; unknown realization for Gaussian noise",
  "target_relative_l2_delta": 0.1,
  "clip_norm": 100.0,
  "noise_multiplier": 0.00105,
  "defense_seed": 314159265,
  "restarts": 4,
  "iterations": 600,
  "attack_lr": 0.1,
  "nonnegative_lambda": 0.001,
  "clip_factor": 0.95,
  "mc_noise_samples": 100,
  "topk_temperature": null,
  "selection_formula": "argmin_c L_balanced(T_visible_clipping_noise_mc(delta(c)), defended_update; reference=defended_update)",
  "group_summary": [
    {
      "group_id": 6,
      "n_baseline_restarts": 4,
      "objective_best_restart": 0,
      "objective_best_objective": 1.1569734811782837,
      "objective_best_fraud_mse": 192.5609687408193,
      "objective_best_non_fraud_mse": 60.597479715925544,
      "prior_fraud_mse_mean": 101.95170815527246,
      "zero_objective_best_fraud_mse": 49.04812309662235,
      "objective_minus_prior_fraud_mse": 90.60926058554685,
      "objective_minus_zero_fraud_mse": 143.51284564419694,
      "max_balance_residual_raw": 0.4114907826296985,
      "mean_defense_relative_l2_delta": 117.14157172530994,
      "mean_defense_keep_ratio": 1.0
    }
  ],
  "target_gate": {
    "prior": {
      "n": 1,
      "wins": 0,
      "mean_difference": 90.60926058554685,
      "median_difference": 90.60926058554685,
      "one_sided_sign_p": 1.0,
      "gate": false
    },
    "zero": {
      "n": 1,
      "wins": 0,
      "mean_difference": 143.51284564419694,
      "median_difference": 143.51284564419694,
      "one_sided_sign_p": 1.0,
      "gate": false
    },
    "gate": false
  },
  "mean_defense_relative_l2_delta": 117.14157172530994,
  "mean_defense_keep_ratio": 1.0,
  "dataset_sha256": "16910f90577b0d981bf8ff289714510bb89bc71bff7d3f220f024e287e4eea6b"
}
