{
  "run": "/Users/rhys24z/Documents/UNIVERSITY/Capstone/FL-DNA/artifacts/priority15_selection_objective_replay/rq1_v2_stage1_n8_run_20260921/raw/group_4_run",
  "target_file": "paysim_priority15_rq1_v2_stage1_n8_targets.pt",
  "groups": [
    4
  ],
  "restarts": 4,
  "initialization": "standard",
  "nonnegative_lambda": 0.001,
  "parameterization": "balance_diff_orig = oldbalanceOrg - newbalanceOrig and balance_diff_dest = newbalanceDest - oldbalanceDest are enforced during optimization",
  "frozen_attack": {
    "attack_lr": 0.1,
    "iterations": 600,
    "restarts": 3,
    "protocol_sha256": "2cbc3f4c93a5d053809ddca2403b42e091929b4b3dc5ee46138951544340499f",
    "selected_before_evaluation": true
  },
  "group_summary": [
    {
      "group_id": 4,
      "n_baseline_restarts": 4,
      "objective_best_restart": 1,
      "fraud_mse_best_restart": 2,
      "objective_best_fraud_mse": 321.51119547518374,
      "fraud_best_fraud_mse": 16.88112821827139,
      "extra_fraud_mse_from_objective_selection": 304.63006725691235,
      "objective_best_objective": 0.7771446704864502,
      "fraud_best_objective": 0.9897940158843994,
      "objective_margin_wrong_minus_fraud_best": -0.21264934539794922,
      "prior_fraud_mse_mean": 18.637637340270967,
      "zero_objective_best_fraud_mse": 46.749052952607585,
      "objective_minus_prior_fraud_mse": 302.8735581349128,
      "objective_minus_zero_fraud_mse": 274.76214252257614,
      "fraud_best_minus_prior_fraud_mse": -1.7565091219995779,
      "fraud_best_minus_zero_fraud_mse": -29.867924734336196,
      "max_balance_residual_raw": 0.25096811540424824
    }
  ],
  "target_gate": {
    "objective_selection": {
      "prior": {
        "n": 1,
        "wins": 0,
        "mean_difference": 302.8735581349128,
        "median_difference": 302.8735581349128,
        "one_sided_sign_p": 1.0,
        "gate": false
      },
      "zero": {
        "n": 1,
        "wins": 0,
        "mean_difference": 274.76214252257614,
        "median_difference": 274.76214252257614,
        "one_sided_sign_p": 1.0,
        "gate": false
      },
      "gate": false
    },
    "fraud_mse_oracle_selection_diagnostic_only": {
      "prior": {
        "n": 1,
        "wins": 1,
        "mean_difference": -1.7565091219995779,
        "median_difference": -1.7565091219995779,
        "one_sided_sign_p": 0.5,
        "gate": false
      },
      "zero": {
        "n": 1,
        "wins": 1,
        "mean_difference": -29.867924734336196,
        "median_difference": -29.867924734336196,
        "one_sided_sign_p": 0.5,
        "gate": false
      },
      "gate": false
    }
  },
  "wrong_groups_only_gate": {
    "objective_selection": {
      "prior": {
        "n": 1,
        "wins": 0,
        "mean_difference": 302.8735581349128,
        "median_difference": 302.8735581349128,
        "one_sided_sign_p": 1.0,
        "gate": false
      },
      "zero": {
        "n": 1,
        "wins": 0,
        "mean_difference": 274.76214252257614,
        "median_difference": 274.76214252257614,
        "one_sided_sign_p": 1.0,
        "gate": false
      },
      "gate": false
    },
    "fraud_mse_oracle_selection_diagnostic_only": {
      "prior": {
        "n": 1,
        "wins": 1,
        "mean_difference": -1.7565091219995779,
        "median_difference": -1.7565091219995779,
        "one_sided_sign_p": 0.5,
        "gate": false
      },
      "zero": {
        "n": 1,
        "wins": 1,
        "mean_difference": -29.867924734336196,
        "median_difference": -29.867924734336196,
        "one_sided_sign_p": 0.5,
        "gate": false
      },
      "gate": false
    }
  },
  "dataset_sha256": "16910f90577b0d981bf8ff289714510bb89bc71bff7d3f220f024e287e4eea6b",
  "interpretation": "Diagnostic/development target run; do not use as an independent final gate."
}
