{"stage": "FROZEN", "utility_done": 0, "utility_total": 198, "failed": 0, "at": 1791229384.959491}
{"stage": "seed_search", "utility_done": 0, "utility_total": 198, "failed": 0, "at": 1791229414.599882}
{"stage": "seed_search", "utility_done": 0, "utility_total": 198, "failed": 0, "at": 1791229425.307818, "candidates_done": 16384, "candidates_total": 1048576}
{"stage": "seed_search", "utility_done": 0, "utility_total": 198, "failed": 0, "at": 1791229434.062399, "candidates_done": 32768, "candidates_total": 1048576}
{"stage": "seed_search", "utility_done": 0, "utility_total": 198, "failed": 0, "at": 1791229442.772594, "candidates_done": 49152, "candidates_total": 1048576}
{"stage": "seed_search", "utility_done": 0, "utility_total": 198, "failed": 0, "at": 1791229451.628582, "candidates_done": 65536, "candidates_total": 1048576}
{"stage": "seed_search", "utility_done": 0, "utility_total": 198, "failed": 0, "at": 1791229460.5412679, "candidates_done": 81920, "candidates_total": 1048576}
{"stage": "seed_search", "utility_done": 0, "utility_total": 198, "failed": 0, "at": 1791229469.453488, "candidates_done": 98304, "candidates_total": 1048576}
{"stage": "seed_search", "utility_done": 0, "utility_total": 198, "failed": 0, "at": 1791229478.6044958, "candidates_done": 114688, "candidates_total": 1048576}
{"stage": "seed_search", "utility_done": 0, "utility_total": 198, "failed": 0, "at": 1791229487.51686, "candidates_done": 131072, "candidates_total": 1048576}
{"stage": "seed_search", "utility_done": 0, "utility_total": 198, "failed": 0, "at": 1791229496.512432, "candidates_done": 147456, "candidates_total": 1048576}
{"stage": "seed_search", "utility_done": 0, "utility_total": 198, "failed": 0, "at": 1791229505.321703, "candidates_done": 163840, "candidates_total": 1048576}
{"stage": "seed_search", "utility_done": 0, "utility_total": 198, "failed": 0, "at": 1791229514.079051, "candidates_done": 180224, "candidates_total": 1048576}
{"stage": "seed_search", "utility_done": 0, "utility_total": 198, "failed": 0, "at": 1791229522.851573, "candidates_done": 196608, "candidates_total": 1048576}
{"stage": "seed_search", "utility_done": 0, "utility_total": 198, "failed": 0, "at": 1791229531.654881, "candidates_done": 212992, "candidates_total": 1048576}
{"stage": "seed_search", "utility_done": 0, "utility_total": 198, "failed": 0, "at": 1791229540.425341, "candidates_done": 229376, "candidates_total": 1048576}
{"stage": "seed_search", "utility_done": 0, "utility_total": 198, "failed": 0, "at": 1791229549.1555579, "candidates_done": 245760, "candidates_total": 1048576}
{"stage": "seed_search", "utility_done": 0, "utility_total": 198, "failed": 0, "at": 1791229557.899606, "candidates_done": 262144, "candidates_total": 1048576}
{"stage": "seed_search", "utility_done": 0, "utility_total": 198, "failed": 0, "at": 1791229566.622795, "candidates_done": 278528, "candidates_total": 1048576}
{"stage": "seed_search", "utility_done": 0, "utility_total": 198, "failed": 0, "at": 1791229575.355347, "candidates_done": 294912, "candidates_total": 1048576}
{"stage": "seed_search", "utility_done": 0, "utility_total": 198, "failed": 0, "at": 1791229584.112753, "candidates_done": 311296, "candidates_total": 1048576}
{"stage": "seed_search", "utility_done": 0, "utility_total": 198, "failed": 0, "at": 1791229592.867111, "candidates_done": 327680, "candidates_total": 1048576}
{"stage": "seed_search", "utility_done": 0, "utility_total": 198, "failed": 0, "at": 1791229601.613097, "candidates_done": 344064, "candidates_total": 1048576}
{"stage": "seed_search", "utility_done": 0, "utility_total": 198, "failed": 0, "at": 1791229610.356517, "candidates_done": 360448, "candidates_total": 1048576}
{"stage": "seed_search", "utility_done": 0, "utility_total": 198, "failed": 0, "at": 1791229619.0868611, "candidates_done": 376832, "candidates_total": 1048576}
{"stage": "seed_search", "utility_done": 0, "utility_total": 198, "failed": 0, "at": 1791229627.818143, "candidates_done": 393216, "candidates_total": 1048576}
{"stage": "seed_search", "utility_done": 0, "utility_total": 198, "failed": 0, "at": 1791229636.90502, "candidates_done": 409600, "candidates_total": 1048576}
{"stage": "seed_search", "utility_done": 0, "utility_total": 198, "failed": 0, "at": 1791229645.668921, "candidates_done": 425984, "candidates_total": 1048576}
{"stage": "seed_search", "utility_done": 0, "utility_total": 198, "failed": 0, "at": 1791229654.406612, "candidates_done": 442368, "candidates_total": 1048576}
{"stage": "seed_search", "utility_done": 0, "utility_total": 198, "failed": 0, "at": 1791229663.166263, "candidates_done": 458752, "candidates_total": 1048576}
{"stage": "seed_search", "utility_done": 0, "utility_total": 198, "failed": 0, "at": 1791229671.955555, "candidates_done": 475136, "candidates_total": 1048576}
{"stage": "seed_search", "utility_done": 0, "utility_total": 198, "failed": 0, "at": 1791229680.842407, "candidates_done": 491520, "candidates_total": 1048576}
{"stage": "seed_search", "utility_done": 0, "utility_total": 198, "failed": 0, "at": 1791229689.663588, "candidates_done": 507904, "candidates_total": 1048576}
{"stage": "seed_search", "utility_done": 0, "utility_total": 198, "failed": 0, "at": 1791229698.393951, "candidates_done": 524288, "candidates_total": 1048576}
{"stage": "seed_search", "utility_done": 0, "utility_total": 198, "failed": 0, "at": 1791229707.147626, "candidates_done": 540672, "candidates_total": 1048576}
{"stage": "seed_search", "utility_done": 0, "utility_total": 198, "failed": 0, "at": 1791229715.872631, "candidates_done": 557056, "candidates_total": 1048576}
{"stage": "seed_search", "utility_done": 0, "utility_total": 198, "failed": 0, "at": 1791229724.6511402, "candidates_done": 573440, "candidates_total": 1048576}
{"stage": "seed_search", "utility_done": 0, "utility_total": 198, "failed": 0, "at": 1791229733.408881, "candidates_done": 589824, "candidates_total": 1048576}
{"stage": "seed_search", "utility_done": 0, "utility_total": 198, "failed": 0, "at": 1791229742.120279, "candidates_done": 606208, "candidates_total": 1048576}
{"stage": "seed_search", "utility_done": 0, "utility_total": 198, "failed": 0, "at": 1791229750.849401, "candidates_done": 622592, "candidates_total": 1048576}
{"stage": "seed_search", "utility_done": 0, "utility_total": 198, "failed": 0, "at": 1791229759.614555, "candidates_done": 638976, "candidates_total": 1048576}
{"stage": "seed_search", "utility_done": 0, "utility_total": 198, "failed": 0, "at": 1791229768.367838, "candidates_done": 655360, "candidates_total": 1048576}
{"stage": "seed_search", "utility_done": 0, "utility_total": 198, "failed": 0, "at": 1791229777.122925, "candidates_done": 671744, "candidates_total": 1048576}
{"stage": "seed_search", "utility_done": 0, "utility_total": 198, "failed": 0, "at": 1791229785.8634439, "candidates_done": 688128, "candidates_total": 1048576}
{"stage": "seed_search", "utility_done": 0, "utility_total": 198, "failed": 0, "at": 1791229794.5958211, "candidates_done": 704512, "candidates_total": 1048576}
{"stage": "seed_search", "utility_done": 0, "utility_total": 198, "failed": 0, "at": 1791229803.315126, "candidates_done": 720896, "candidates_total": 1048576}
{"stage": "seed_search", "utility_done": 0, "utility_total": 198, "failed": 0, "at": 1791229812.042026, "candidates_done": 737280, "candidates_total": 1048576}
{"stage": "seed_search", "utility_done": 0, "utility_total": 198, "failed": 0, "at": 1791229820.859288, "candidates_done": 753664, "candidates_total": 1048576}
{"stage": "seed_search", "utility_done": 0, "utility_total": 198, "failed": 0, "at": 1791229829.6074612, "candidates_done": 770048, "candidates_total": 1048576}
{"stage": "seed_search", "utility_done": 0, "utility_total": 198, "failed": 0, "at": 1791229838.400627, "candidates_done": 786432, "candidates_total": 1048576}
{"stage": "seed_search", "utility_done": 0, "utility_total": 198, "failed": 0, "at": 1791229847.1445088, "candidates_done": 802816, "candidates_total": 1048576}
{"stage": "seed_search", "utility_done": 0, "utility_total": 198, "failed": 0, "at": 1791229855.900364, "candidates_done": 819200, "candidates_total": 1048576}
{"stage": "seed_search", "utility_done": 0, "utility_total": 198, "failed": 0, "at": 1791229864.644, "candidates_done": 835584, "candidates_total": 1048576}
{"stage": "seed_search", "utility_done": 0, "utility_total": 198, "failed": 0, "at": 1791229873.389733, "candidates_done": 851968, "candidates_total": 1048576}
{"stage": "seed_search", "utility_done": 0, "utility_total": 198, "failed": 0, "at": 1791229882.1687171, "candidates_done": 868352, "candidates_total": 1048576}
{"stage": "seed_search", "utility_done": 0, "utility_total": 198, "failed": 0, "at": 1791229890.902869, "candidates_done": 884736, "candidates_total": 1048576}
{"stage": "seed_search", "utility_done": 0, "utility_total": 198, "failed": 0, "at": 1791229899.6596758, "candidates_done": 901120, "candidates_total": 1048576}
{"stage": "seed_search", "utility_done": 0, "utility_total": 198, "failed": 0, "at": 1791229908.389729, "candidates_done": 917504, "candidates_total": 1048576}
{"stage": "seed_search", "utility_done": 0, "utility_total": 198, "failed": 0, "at": 1791229917.1773398, "candidates_done": 933888, "candidates_total": 1048576}
{"stage": "seed_search", "utility_done": 0, "utility_total": 198, "failed": 0, "at": 1791229925.9396899, "candidates_done": 950272, "candidates_total": 1048576}
{"stage": "seed_search", "utility_done": 0, "utility_total": 198, "failed": 0, "at": 1791229934.654542, "candidates_done": 966656, "candidates_total": 1048576}
{"stage": "seed_search", "utility_done": 0, "utility_total": 198, "failed": 0, "at": 1791229943.420484, "candidates_done": 983040, "candidates_total": 1048576}
{"stage": "seed_search", "utility_done": 0, "utility_total": 198, "failed": 0, "at": 1791229952.164274, "candidates_done": 999424, "candidates_total": 1048576}
{"stage": "seed_search", "utility_done": 0, "utility_total": 198, "failed": 0, "at": 1791229960.884286, "candidates_done": 1015808, "candidates_total": 1048576}
{"stage": "seed_search", "utility_done": 0, "utility_total": 198, "failed": 0, "at": 1791229969.62466, "candidates_done": 1032192, "candidates_total": 1048576}
{"stage": "seed_search", "utility_done": 0, "utility_total": 198, "failed": 0, "at": 1791229978.37171, "candidates_done": 1048576, "candidates_total": 1048576}
{"stage": "utility", "utility_done": 0, "utility_total": 198, "failed": 0, "at": 1791229978.382314}
{"stage": "utility", "utility_done": 1, "utility_total": 198, "failed": 0, "at": 1791230098.1997938, "last_job": "jobs/paysim/K20/baseline/343006.json", "eta_seconds": 23604.124738693237}
{"stage": "utility", "utility_done": 2, "utility_total": 198, "failed": 0, "at": 1791230117.146358, "last_job": "jobs/paysim/K10/dna_v1_conservative/343010.json", "eta_seconds": 13598.91816329956}
{"stage": "utility", "utility_done": 3, "utility_total": 198, "failed": 0, "at": 1791230126.936001, "last_job": "jobs/baf/K10/dna_v1_conservative/343008.json", "eta_seconds": 9656.018532514572}
{"stage": "utility", "utility_done": 4, "utility_total": 198, "failed": 0, "at": 1791230140.008838, "last_job": "jobs/ieee_cis/K20/baseline/343006.json", "eta_seconds": 7838.908197879791}
{"stage": "utility", "utility_done": 5, "utility_total": 198, "failed": 0, "at": 1791230224.7187681, "last_job": "jobs/baf/K20/dna_v2_0p95/343005.json", "eta_seconds": 9508.604229402543}
{"stage": "utility", "utility_done": 6, "utility_total": 198, "failed": 0, "at": 1791230276.8158379, "last_job": "jobs/baf/K10/baseline/343005.json", "eta_seconds": 9549.8871383667}
{"stage": "utility", "utility_done": 7, "utility_total": 198, "failed": 0, "at": 1791230284.484343, "last_job": "jobs/baf/K20/dna_v1_conservative/343009.json", "eta_seconds": 8352.224705559867}
{"stage": "utility", "utility_done": 8, "utility_total": 198, "failed": 0, "at": 1791230344.768538, "last_job": "jobs/paysim/K20/baseline/343004.json", "eta_seconds": 8701.68348878622}
{"stage": "utility", "utility_done": 9, "utility_total": 198, "failed": 0, "at": 1791230346.459529, "last_job": "jobs/ieee_cis/K20/dna_v1_conservative/343002.json", "eta_seconds": 7729.630906820297}
{"stage": "utility", "utility_done": 10, "utility_total": 198, "failed": 0, "at": 1791230428.5987232, "last_job": "jobs/paysim/K20/dna_v2_0p95/343008.json", "eta_seconds": 8464.076310157776}
{"stage": "utility", "utility_done": 11, "utility_total": 198, "failed": 0, "at": 1791230442.954835, "last_job": "jobs/ieee_cis/K10/dna_v2_0p95/343000.json", "eta_seconds": 7897.740338563919}
{"stage": "utility", "utility_done": 12, "utility_total": 198, "failed": 0, "at": 1791230509.82194, "last_job": "jobs/ieee_cis/K20/dna_v2_0p95/343007.json", "eta_seconds": 8237.321057796478}
{"stage": "utility", "utility_done": 13, "utility_total": 198, "failed": 0, "at": 1791230543.125678, "last_job": "jobs/ieee_cis/K10/dna_v1_conservative/343002.json", "eta_seconds": 8036.7384401651525}
{"stage": "utility", "utility_done": 14, "utility_total": 198, "failed": 0, "at": 1791230568.625609, "last_job": "jobs/baf/K10/baseline/343003.json", "eta_seconds": 7757.488986151559}
{"stage": "utility", "utility_done": 15, "utility_total": 198, "failed": 0, "at": 1791230591.87417, "last_job": "jobs/baf/K10/dna_v1_conservative/343010.json", "eta_seconds": 7484.605987691879}
{"stage": "utility", "utility_done": 16, "utility_total": 198, "failed": 0, "at": 1791230646.338303, "last_job": "jobs/ieee_cis/K10/baseline/343007.json", "eta_seconds": 7598.004450440407}
{"stage": "utility", "utility_done": 17, "utility_total": 198, "failed": 0, "at": 1791230690.590055, "last_job": "jobs/baf/K20/dna_v2_0p95/343009.json", "eta_seconds": 7582.922409380183}
{"stage": "utility", "utility_done": 18, "utility_total": 198, "failed": 0, "at": 1791230710.529836, "last_job": "jobs/baf/K20/baseline/343006.json", "eta_seconds": 7321.47970199585}
{"stage": "utility", "utility_done": 19, "utility_total": 198, "failed": 0, "at": 1791230758.57312, "last_job": "jobs/ieee_cis/K10/dna_v2_0p95/343008.json", "eta_seconds": 7350.222856709832}
{"stage": "utility", "utility_done": 20, "utility_total": 198, "failed": 0, "at": 1791230826.5755599, "last_job": "jobs/ieee_cis/K10/dna_v1_conservative/343003.json", "eta_seconds": 7548.923852157593}
{"stage": "utility", "utility_done": 21, "utility_total": 198, "failed": 0, "at": 1791230840.878954, "last_job": "jobs/baf/K20/dna_v2_0p95/343006.json", "eta_seconds": 7269.618264538901}
{"stage": "utility", "utility_done": 22, "utility_total": 198, "failed": 0, "at": 1791230844.6343622, "last_job": "jobs/paysim/K10/baseline/343007.json", "eta_seconds": 6930.019945144653}
{"stage": "utility", "utility_done": 23, "utility_total": 198, "failed": 0, "at": 1791230919.5400162, "last_job": "jobs/ieee_cis/K20/baseline/343005.json", "eta_seconds": 7160.985811119494}
{"stage": "utility", "utility_done": 24, "utility_total": 198, "failed": 0, "at": 1791230983.815279, "last_job": "jobs/paysim/K10/dna_v1_conservative/343001.json", "eta_seconds": 7289.392253100872}
{"stage": "utility", "utility_done": 25, "utility_total": 198, "failed": 0, "at": 1791230997.573907, "last_job": "jobs/ieee_cis/K20/baseline/343000.json", "eta_seconds": 7052.808868722916}
{"stage": "utility", "utility_done": 26, "utility_total": 198, "failed": 0, "at": 1791231041.7207522, "last_job": "jobs/ieee_cis/K20/dna_v1_conservative/343006.json", "eta_seconds": 7034.395709111141}
{"stage": "utility", "utility_done": 27, "utility_total": 198, "failed": 0, "at": 1791231068.024391, "last_job": "jobs/paysim/K20/dna_v1_conservative/343006.json", "eta_seconds": 6901.069320201874}
{"stage": "utility", "utility_done": 28, "utility_total": 198, "failed": 0, "at": 1791231118.388099, "last_job": "jobs/paysim/K10/dna_v1_conservative/343007.json", "eta_seconds": 6921.466246587889}
{"stage": "utility", "utility_done": 29, "utility_total": 198, "failed": 0, "at": 1791231134.575567, "last_job": "jobs/baf/K20/baseline/343008.json", "eta_seconds": 6737.81845905863}
{"stage": "utility", "utility_done": 30, "utility_total": 198, "failed": 0, "at": 1791231250.530551, "last_job": "jobs/paysim/K20/baseline/343000.json", "eta_seconds": 7124.032614517212}
{"stage": "utility", "utility_done": 31, "utility_total": 198, "failed": 0, "at": 1791231253.652151, "last_job": "jobs/ieee_cis/K20/dna_v1_conservative/343007.json", "eta_seconds": 6870.004427686815}
{"stage": "utility", "utility_done": 32, "utility_total": 198, "failed": 0, "at": 1791231254.782202, "last_job": "jobs/ieee_cis/K10/dna_v1_conservative/343006.json", "eta_seconds": 6621.326702326536}
{"stage": "utility", "utility_done": 33, "utility_total": 198, "failed": 0, "at": 1791231278.0238001, "last_job": "jobs/baf/K20/dna_v2_0p95/343007.json", "eta_seconds": 6498.209670782089}
{"stage": "utility", "utility_done": 34, "utility_total": 198, "failed": 0, "at": 1791231370.7337558, "last_job": "jobs/paysim/K10/dna_v2_0p95/343009.json", "eta_seconds": 6716.050258860869}
{"stage": "utility", "utility_done": 35, "utility_total": 198, "failed": 0, "at": 1791231386.767155, "last_job": "jobs/paysim/K10/baseline/343000.json", "eta_seconds": 6559.051354203905}
{"stage": "utility", "utility_done": 36, "utility_total": 198, "failed": 0, "at": 1791231413.478144, "last_job": "jobs/paysim/K10/dna_v2_0p95/343002.json", "eta_seconds": 6457.933250784874}
{"stage": "utility", "utility_done": 37, "utility_total": 198, "failed": 0, "at": 1791231425.66611, "last_job": "jobs/ieee_cis/K20/dna_v2_0p95/343008.json", "eta_seconds": 6297.642221096399}
{"stage": "utility", "utility_done": 38, "utility_total": 198, "failed": 0, "at": 1791231490.7186592, "last_job": "jobs/paysim/K20/baseline/343007.json", "eta_seconds": 6367.733718470523}
{"stage": "utility", "utility_done": 39, "utility_total": 198, "failed": 0, "at": 1791231533.2013068, "last_job": "jobs/baf/K10/dna_v2_0p95/343006.json", "eta_seconds": 6338.879235487718}
{"stage": "utility", "utility_done": 40, "utility_total": 198, "failed": 0, "at": 1791231589.003904, "last_job": "jobs/ieee_cis/K10/dna_v2_0p95/343002.json", "eta_seconds": 6361.957011044025}
{"stage": "utility", "utility_done": 41, "utility_total": 198, "failed": 0, "at": 1791231590.7966678, "last_job": "jobs/ieee_cis/K10/baseline/343003.json", "eta_seconds": 6174.36887714921}
{"stage": "utility", "utility_done": 42, "utility_total": 198, "failed": 0, "at": 1791231631.386127, "last_job": "jobs/paysim/K20/dna_v1_conservative/343004.json", "eta_seconds": 6139.730090209416}
{"stage": "utility", "utility_done": 43, "utility_total": 198, "failed": 0, "at": 1791231680.363809, "last_job": "jobs/baf/K10/baseline/343004.json", "eta_seconds": 6135.051193791766}
{"stage": "utility", "utility_done": 44, "utility_total": 198, "failed": 0, "at": 1791231728.0115368, "last_job": "jobs/paysim/K10/dna_v2_0p95/343010.json", "eta_seconds": 6123.703652739525}
{"stage": "utility", "utility_done": 45, "utility_total": 198, "failed": 0, "at": 1791231729.323381, "last_job": "jobs/paysim/K10/dna_v2_0p95/343005.json", "eta_seconds": 5953.201154947281}
{"stage": "utility", "utility_done": 46, "utility_total": 198, "failed": 0, "at": 1791231767.5085912, "last_job": "jobs/baf/K10/dna_v1_conservative/343005.json", "eta_seconds": 5911.89700814952}
{"stage": "utility", "utility_done": 47, "utility_total": 198, "failed": 0, "at": 1791231874.282754, "last_job": "jobs/baf/K10/dna_v2_0p95/343003.json", "eta_seconds": 6091.085825422977}
{"stage": "utility", "utility_done": 48, "utility_total": 198, "failed": 0, "at": 1791231882.17764, "last_job": "jobs/baf/K10/dna_v1_conservative/343000.json", "eta_seconds": 5949.361794441938}
{"stage": "utility", "utility_done": 49, "utility_total": 198, "failed": 0, "at": 1791231890.436938, "last_job": "jobs/paysim/K10/dna_v2_0p95/343003.json", "eta_seconds": 5814.208280373593}
{"stage": "utility", "utility_done": 50, "utility_total": 198, "failed": 0, "at": 1791231921.2439098, "last_job": "jobs/ieee_cis/K20/dna_v1_conservative/343000.json", "eta_seconds": 5750.871550312042}
{"stage": "utility", "utility_done": 51, "utility_total": 198, "failed": 0, "at": 1791232013.765527, "last_job": "jobs/paysim/K10/dna_v2_0p95/343008.json", "eta_seconds": 5866.694052934647}
{"stage": "utility", "utility_done": 52, "utility_total": 198, "failed": 0, "at": 1791232039.648157, "last_job": "jobs/ieee_cis/K20/baseline/343008.json", "eta_seconds": 5787.401501041192}
{"stage": "utility", "utility_done": 53, "utility_total": 198, "failed": 0, "at": 1791232084.003714, "last_job": "jobs/ieee_cis/K10/dna_v1_conservative/343001.json", "eta_seconds": 5760.663535617433}
{"stage": "utility", "utility_done": 54, "utility_total": 198, "failed": 0, "at": 1791232093.731264, "last_job": "jobs/ieee_cis/K10/dna_v2_0p95/343003.json", "eta_seconds": 5640.931709925334}
{"stage": "utility", "utility_done": 55, "utility_total": 198, "failed": 0, "at": 1791232163.710283, "last_job": "jobs/baf/K10/dna_v2_0p95/343004.json", "eta_seconds": 5681.853866386414}
{"stage": "utility", "utility_done": 56, "utility_total": 198, "failed": 0, "at": 1791232172.238513, "last_job": "jobs/paysim/K10/dna_v1_conservative/343009.json", "eta_seconds": 5562.993641248771}
{"stage": "utility", "utility_done": 57, "utility_total": 198, "failed": 0, "at": 1791232249.386374, "last_job": "jobs/baf/K20/dna_v2_0p95/343010.json", "eta_seconds": 5617.747961671729}
{"stage": "utility", "utility_done": 58, "utility_total": 198, "failed": 0, "at": 1791232251.669835, "last_job": "jobs/baf/K20/dna_v1_conservative/343007.json", "eta_seconds": 5487.246781135427}
{"stage": "utility", "utility_done": 59, "utility_total": 198, "failed": 0, "at": 1791232318.558784, "last_job": "jobs/ieee_cis/K20/baseline/343001.json", "eta_seconds": 5513.298160569142}
{"stage": "utility", "utility_done": 60, "utility_total": 198, "failed": 0, "at": 1791232328.497028, "last_job": "jobs/baf/K20/dna_v1_conservative/343003.json", "eta_seconds": 5405.264875102043}
{"stage": "utility", "utility_done": 61, "utility_total": 198, "failed": 0, "at": 1791232390.3203819, "last_job": "jobs/baf/K10/baseline/343007.json", "eta_seconds": 5416.976669538217}
{"stage": "utility", "utility_done": 62, "utility_total": 198, "failed": 0, "at": 1791232416.563373, "last_job": "jobs/baf/K20/dna_v1_conservative/343002.json", "eta_seconds": 5348.2691123716295}
{"stage": "utility", "utility_done": 63, "utility_total": 198, "failed": 0, "at": 1791232442.219451, "last_job": "jobs/paysim/K10/dna_v2_0p95/343000.json", "eta_seconds": 5279.65196626527}
{"stage": "utility", "utility_done": 64, "utility_total": 198, "failed": 0, "at": 1791232482.866674, "last_job": "jobs/baf/K10/dna_v1_conservative/343001.json", "eta_seconds": 5243.76505420357}
{"stage": "utility", "utility_done": 65, "utility_total": 198, "failed": 0, "at": 1791232531.7238662, "last_job": "jobs/paysim/K20/baseline/343003.json", "eta_seconds": 5224.530548007671}
{"stage": "utility", "utility_done": 66, "utility_total": 198, "failed": 0, "at": 1791232558.164574, "last_job": "jobs/baf/K10/baseline/343009.json", "eta_seconds": 5159.5654101371765}
{"stage": "utility", "utility_done": 67, "utility_total": 198, "failed": 0, "at": 1791232622.640324, "last_job": "jobs/ieee_cis/K10/dna_v1_conservative/343009.json", "eta_seconds": 5170.117248858978}
{"stage": "utility", "utility_done": 68, "utility_total": 198, "failed": 0, "at": 1791232635.395387, "last_job": "jobs/baf/K10/dna_v1_conservative/343004.json", "eta_seconds": 5079.584657830351}
{"stage": "utility", "utility_done": 69, "utility_total": 198, "failed": 0, "at": 1791232667.6206222, "last_job": "jobs/paysim/K10/baseline/343005.json", "eta_seconds": 5027.707239814426}
{"stage": "utility", "utility_done": 70, "utility_total": 198, "failed": 0, "at": 1791232757.242492, "last_job": "jobs/ieee_cis/K10/dna_v1_conservative/343000.json", "eta_seconds": 5081.345145089285}
{"stage": "utility", "utility_done": 71, "utility_total": 198, "failed": 0, "at": 1791232776.9900942, "last_job": "jobs/paysim/K10/dna_v1_conservative/343004.json", "eta_seconds": 5005.961198638863}
{"stage": "utility", "utility_done": 72, "utility_total": 198, "failed": 0, "at": 1791232802.0056052, "last_job": "jobs/paysim/K10/baseline/343010.json", "eta_seconds": 4941.341545343399}
{"stage": "utility", "utility_done": 73, "utility_total": 198, "failed": 0, "at": 1791232845.942237, "last_job": "jobs/ieee_cis/K20/dna_v1_conservative/343010.json", "eta_seconds": 4910.20609091406}
{"stage": "utility", "utility_done": 74, "utility_total": 198, "failed": 0, "at": 1791232898.554355, "last_job": "jobs/paysim/K10/dna_v1_conservative/343006.json", "eta_seconds": 4893.262008873192}
{"stage": "utility", "utility_done": 75, "utility_total": 198, "failed": 0, "at": 1791232930.7775471, "last_job": "jobs/paysim/K20/dna_v1_conservative/343001.json", "eta_seconds": 4841.928880710602}
{"stage": "utility", "utility_done": 76, "utility_total": 198, "failed": 0, "at": 1791232937.488663, "last_job": "jobs/paysim/K10/dna_v2_0p95/343007.json", "eta_seconds": 4750.145118405944}
{"stage": "utility", "utility_done": 77, "utility_total": 198, "failed": 0, "at": 1791232987.235502, "last_job": "jobs/baf/K20/dna_v1_conservative/343008.json", "eta_seconds": 4728.19857277189}
{"stage": "utility", "utility_done": 78, "utility_total": 198, "failed": 0, "at": 1791233047.0147672, "last_job": "jobs/paysim/K20/dna_v1_conservative/343008.json", "eta_seconds": 4720.9736908399145}
{"stage": "utility", "utility_done": 79, "utility_total": 198, "failed": 0, "at": 1791233072.126036, "last_job": "jobs/baf/K20/baseline/343001.json", "eta_seconds": 4660.196916024896}
{"stage": "utility", "utility_done": 80, "utility_total": 198, "failed": 0, "at": 1791233076.6380951, "last_job": "jobs/paysim/K10/dna_v1_conservative/343005.json", "eta_seconds": 4569.927938014269}
{"stage": "utility", "utility_done": 81, "utility_total": 198, "failed": 0, "at": 1791233112.9639208, "last_job": "jobs/baf/K20/baseline/343000.json", "eta_seconds": 4527.729635132684}
{"stage": "utility", "utility_done": 82, "utility_total": 198, "failed": 0, "at": 1791233198.5955951, "last_job": "jobs/baf/K20/dna_v2_0p95/343008.json", "eta_seconds": 4555.424278515141}
{"stage": "utility", "utility_done": 83, "utility_total": 198, "failed": 0, "at": 1791233221.7262871, "last_job": "jobs/paysim/K20/dna_v2_0p95/343010.json", "eta_seconds": 4493.790461715445}
{"stage": "utility", "utility_done": 84, "utility_total": 198, "failed": 0, "at": 1791233237.6582432, "last_job": "jobs/ieee_cis/K10/baseline/343002.json", "eta_seconds": 4423.303654772894}
{"stage": "utility", "utility_done": 85, "utility_total": 198, "failed": 0, "at": 1791233264.4164631, "last_job": "jobs/ieee_cis/K20/baseline/343007.json", "eta_seconds": 4368.4930539608}
{"stage": "utility", "utility_done": 86, "utility_total": 198, "failed": 0, "at": 1791233344.9364622, "last_job": "jobs/baf/K10/baseline/343010.json", "eta_seconds": 4384.350168982218}
{"stage": "utility", "utility_done": 87, "utility_total": 198, "failed": 0, "at": 1791233359.503389, "last_job": "jobs/paysim/K10/baseline/343003.json", "eta_seconds": 4313.844703156373}
{"stage": "utility", "utility_done": 88, "utility_total": 198, "failed": 0, "at": 1791233479.798302, "last_job": "jobs/ieee_cis/K20/dna_v1_conservative/343003.json", "eta_seconds": 4376.770483851433}
{"stage": "utility", "utility_done": 89, "utility_total": 198, "failed": 0, "at": 1791233490.6484249, "last_job": "jobs/ieee_cis/K20/dna_v1_conservative/343009.json", "eta_seconds": 4301.539938232872}
{"stage": "utility", "utility_done": 90, "utility_total": 198, "failed": 0, "at": 1791233495.083198, "last_job": "jobs/paysim/K10/baseline/343009.json", "eta_seconds": 4220.041586494446}
{"stage": "utility", "utility_done": 91, "utility_total": 198, "failed": 0, "at": 1791233504.195754, "last_job": "jobs/ieee_cis/K10/baseline/343000.json", "eta_seconds": 4145.73720905283}
{"stage": "utility", "utility_done": 92, "utility_total": 198, "failed": 0, "at": 1791233614.824458, "last_job": "jobs/baf/K10/dna_v2_0p95/343007.json", "eta_seconds": 4189.814285179843}
{"stage": "utility", "utility_done": 93, "utility_total": 198, "failed": 0, "at": 1791233639.653558, "last_job": "jobs/baf/K10/dna_v2_0p95/343009.json", "eta_seconds": 4133.693845848883}
{"stage": "utility", "utility_done": 94, "utility_total": 198, "failed": 0, "at": 1791233642.127851, "last_job": "jobs/baf/K20/dna_v1_conservative/343001.json", "eta_seconds": 4053.5061972597814}
{"stage": "utility", "utility_done": 95, "utility_total": 198, "failed": 0, "at": 1791233741.3001359, "last_job": "jobs/ieee_cis/K20/dna_v1_conservative/343001.json", "eta_seconds": 4079.795488518163}
{"stage": "utility", "utility_done": 96, "utility_total": 198, "failed": 0, "at": 1791233779.926194, "last_job": "jobs/paysim/K20/baseline/343001.json", "eta_seconds": 4039.140842139721}
{"stage": "utility", "utility_done": 97, "utility_total": 198, "failed": 0, "at": 1791233782.139072, "last_job": "jobs/baf/K10/baseline/343002.json", "eta_seconds": 3960.613154600576}
{"stage": "utility", "utility_done": 98, "utility_total": 198, "failed": 0, "at": 1791233794.19662, "last_job": "jobs/ieee_cis/K10/dna_v1_conservative/343004.json", "eta_seconds": 3893.6885225529572}
{"stage": "utility", "utility_done": 99, "utility_total": 198, "failed": 0, "at": 1791233911.222978, "last_job": "jobs/ieee_cis/K10/dna_v2_0p95/343009.json", "eta_seconds": 3932.841112136841}
{"stage": "utility", "utility_done": 100, "utility_total": 198, "failed": 0, "at": 1791233927.250004, "last_job": "jobs/baf/K10/dna_v2_0p95/343005.json", "eta_seconds": 3869.890772509575}
{"stage": "utility", "utility_done": 101, "utility_total": 198, "failed": 0, "at": 1791233943.958316, "last_job": "jobs/baf/K20/dna_v1_conservative/343000.json", "eta_seconds": 3808.523902090469}
{"stage": "utility", "utility_done": 102, "utility_total": 198, "failed": 0, "at": 1791233966.518034, "last_job": "jobs/ieee_cis/K20/dna_v2_0p95/343009.json", "eta_seconds": 3753.5399163190054}
{"stage": "utility", "utility_done": 103, "utility_total": 198, "failed": 0, "at": 1791234066.671733, "last_job": "jobs/paysim/K10/baseline/343006.json", "eta_seconds": 3770.752787462716}
{"stage": "utility", "utility_done": 104, "utility_total": 198, "failed": 0, "at": 1791234077.563065, "last_job": "jobs/baf/K20/dna_v1_conservative/343005.json", "eta_seconds": 3705.0291471252076}
{"stage": "utility", "utility_done": 105, "utility_total": 198, "failed": 0, "at": 1791234112.393136, "last_job": "jobs/ieee_cis/K20/dna_v2_0p95/343006.json", "eta_seconds": 3661.552834749222}
{"stage": "utility", "utility_done": 106, "utility_total": 198, "failed": 0, "at": 1791234150.542615, "last_job": "jobs/ieee_cis/K20/dna_v2_0p95/343002.json", "eta_seconds": 3621.120628311949}
{"stage": "utility", "utility_done": 107, "utility_total": 198, "failed": 0, "at": 1791234193.807178, "last_job": "jobs/baf/K20/baseline/343002.json", "eta_seconds": 3585.081334267821}
{"stage": "utility", "utility_done": 108, "utility_total": 198, "failed": 0, "at": 1791234271.818264, "last_job": "jobs/ieee_cis/K10/baseline/343008.json", "eta_seconds": 3577.8636660178504}
{"stage": "utility", "utility_done": 109, "utility_total": 198, "failed": 0, "at": 1791234293.3132741, "last_job": "jobs/paysim/K20/dna_v2_0p95/343005.json", "eta_seconds": 3523.200868134105}
{"stage": "utility", "utility_done": 110, "utility_total": 198, "failed": 0, "at": 1791234317.806495, "last_job": "jobs/paysim/K20/baseline/343010.json", "eta_seconds": 3471.53968334198}
{"stage": "utility", "utility_done": 111, "utility_total": 198, "failed": 0, "at": 1791234319.542379, "last_job": "jobs/ieee_cis/K20/dna_v1_conservative/343004.json", "eta_seconds": 3402.5312021809655}
{"stage": "utility", "utility_done": 112, "utility_total": 198, "failed": 0, "at": 1791234415.81377, "last_job": "jobs/baf/K10/baseline/343000.json", "eta_seconds": 3407.313777446747}
{"stage": "utility", "utility_done": 113, "utility_total": 198, "failed": 0, "at": 1791234444.84768, "last_job": "jobs/baf/K20/baseline/343009.json", "eta_seconds": 3359.730917637327}
{"stage": "utility", "utility_done": 114, "utility_total": 198, "failed": 0, "at": 1791234463.45724, "last_job": "jobs/paysim/K10/dna_v1_conservative/343000.json", "eta_seconds": 3304.792377070377}
{"stage": "utility", "utility_done": 115, "utility_total": 198, "failed": 0, "at": 1791234475.7508821, "last_job": "jobs/ieee_cis/K20/dna_v2_0p95/343003.json", "eta_seconds": 3245.9272029752315}
{"stage": "utility", "utility_done": 116, "utility_total": 198, "failed": 0, "at": 1791234572.300399, "last_job": "jobs/paysim/K20/dna_v1_conservative/343000.json", "eta_seconds": 3247.4251643789225}
{"stage": "utility", "utility_done": 117, "utility_total": 198, "failed": 0, "at": 1791234596.472212, "last_job": "jobs/paysim/K10/baseline/343002.json", "eta_seconds": 3197.1394703755013}
{"stage": "utility", "utility_done": 118, "utility_total": 198, "failed": 0, "at": 1791234628.544142, "last_job": "jobs/ieee_cis/K10/dna_v1_conservative/343008.json", "eta_seconds": 3152.6523803452314}
{"stage": "utility", "utility_done": 119, "utility_total": 198, "failed": 0, "at": 1791234634.980712, "last_job": "jobs/ieee_cis/K10/baseline/343006.json", "eta_seconds": 3091.355537025868}
{"stage": "utility", "utility_done": 120, "utility_total": 198, "failed": 0, "at": 1791234713.7719512, "last_job": "jobs/paysim/K20/dna_v2_0p95/343002.json", "eta_seconds": 3078.0035560131073}
{"stage": "utility", "utility_done": 121, "utility_total": 198, "failed": 0, "at": 1791234744.1112242, "last_job": "jobs/baf/K20/dna_v2_0p95/343001.json", "eta_seconds": 3032.7368649135938}
{"stage": "utility", "utility_done": 122, "utility_total": 198, "failed": 0, "at": 1791234768.568243, "last_job": "jobs/paysim/K10/dna_v2_0p95/343004.json", "eta_seconds": 2984.0505301131575}
{"stage": "utility", "utility_done": 123, "utility_total": 198, "failed": 0, "at": 1791234787.8312352, "last_job": "jobs/ieee_cis/K20/dna_v2_0p95/343004.json", "eta_seconds": 2932.5910738328607}
{"stage": "utility", "utility_done": 124, "utility_total": 198, "failed": 0, "at": 1791234898.579712, "last_job": "jobs/paysim/K20/dna_v1_conservative/343002.json", "eta_seconds": 2936.24707243904}
{"stage": "utility", "utility_done": 125, "utility_total": 198, "failed": 0, "at": 1791234913.2048168, "last_job": "jobs/paysim/K20/dna_v2_0p95/343004.json", "eta_seconds": 2881.936603569031}
{"stage": "utility", "utility_done": 126, "utility_total": 198, "failed": 0, "at": 1791234913.5654569, "last_job": "jobs/ieee_cis/K10/dna_v1_conservative/343010.json", "eta_seconds": 2820.104905809675}
{"stage": "utility", "utility_done": 127, "utility_total": 198, "failed": 0, "at": 1791234916.970125, "last_job": "jobs/baf/K10/dna_v2_0p95/343010.json", "eta_seconds": 2760.9430430892885}
{"stage": "utility", "utility_done": 128, "utility_total": 198, "failed": 0, "at": 1791235041.61604, "last_job": "jobs/baf/K20/baseline/343004.json", "eta_seconds": 2768.9561364986002}
{"stage": "utility", "utility_done": 129, "utility_total": 198, "failed": 0, "at": 1791235055.258349, "last_job": "jobs/paysim/K20/dna_v2_0p95/343007.json", "eta_seconds": 2715.5385845483734}
{"stage": "utility", "utility_done": 130, "utility_total": 198, "failed": 0, "at": 1791235055.461837, "last_job": "jobs/ieee_cis/K10/baseline/343004.json", "eta_seconds": 2655.703369485415}
{"stage": "utility", "utility_done": 131, "utility_total": 198, "failed": 0, "at": 1791235058.793516, "last_job": "jobs/baf/K20/dna_v2_0p95/343000.json", "eta_seconds": 2598.3784740371557}
{"stage": "utility", "utility_done": 132, "utility_total": 198, "failed": 0, "at": 1791235175.5968168, "last_job": "jobs/paysim/K10/dna_v2_0p95/343001.json", "eta_seconds": 2598.6074756383896}
{"stage": "utility", "utility_done": 133, "utility_total": 198, "failed": 0, "at": 1791235202.475929, "last_job": "jobs/paysim/K20/dna_v2_0p95/343003.json", "eta_seconds": 2553.1286769612393}
{"stage": "utility", "utility_done": 134, "utility_total": 198, "failed": 0, "at": 1791235234.594444, "last_job": "jobs/ieee_cis/K10/dna_v1_conservative/343005.json", "eta_seconds": 2510.4298851810286}
{"stage": "utility", "utility_done": 135, "utility_total": 198, "failed": 0, "at": 1791235250.4035819, "last_job": "jobs/ieee_cis/K10/dna_v1_conservative/343007.json", "eta_seconds": 2460.2768008550006}
{"stage": "utility", "utility_done": 136, "utility_total": 198, "failed": 0, "at": 1791235345.7287822, "last_job": "jobs/ieee_cis/K20/baseline/343003.json", "eta_seconds": 2446.8787330564332}
{"stage": "utility", "utility_done": 137, "utility_total": 198, "failed": 0, "at": 1791235351.57138, "last_job": "jobs/paysim/K10/dna_v1_conservative/343003.json", "eta_seconds": 2392.4420460262436}
{"stage": "utility", "utility_done": 138, "utility_total": 198, "failed": 0, "at": 1791235367.56578, "last_job": "jobs/baf/K20/baseline/343005.json", "eta_seconds": 2343.123440120531}
{"stage": "utility", "utility_done": 139, "utility_total": 198, "failed": 0, "at": 1791235409.407064, "last_job": "jobs/baf/K10/dna_v1_conservative/343006.json", "eta_seconds": 2305.2552965236223}
{"stage": "utility", "utility_done": 140, "utility_total": 198, "failed": 0, "at": 1791235488.485636, "last_job": "jobs/paysim/K20/dna_v2_0p95/343009.json", "eta_seconds": 2282.7572762489317}
{"stage": "utility", "utility_done": 141, "utility_total": 198, "failed": 0, "at": 1791235491.103461, "last_job": "jobs/baf/K20/baseline/343010.json", "eta_seconds": 2228.5470282676374}
{"stage": "utility", "utility_done": 142, "utility_total": 198, "failed": 0, "at": 1791235529.633135, "last_job": "jobs/ieee_cis/K20/dna_v2_0p95/343005.json", "eta_seconds": 2189.2258526036435}
{"stage": "utility", "utility_done": 143, "utility_total": 198, "failed": 0, "at": 1791235561.9211872, "last_job": "jobs/paysim/K20/dna_v1_conservative/343005.json", "eta_seconds": 2147.515123073871}
{"stage": "utility", "utility_done": 144, "utility_total": 198, "failed": 0, "at": 1791235638.735432, "last_job": "jobs/paysim/K20/dna_v1_conservative/343009.json", "eta_seconds": 2122.6325839161873}
{"stage": "utility", "utility_done": 145, "utility_total": 198, "failed": 0, "at": 1791235642.5609732, "last_job": "jobs/baf/K10/dna_v1_conservative/343009.json", "eta_seconds": 2070.355122286698}
{"stage": "utility", "utility_done": 146, "utility_total": 198, "failed": 0, "at": 1791235690.7256992, "last_job": "jobs/ieee_cis/K20/dna_v2_0p95/343001.json", "eta_seconds": 2034.5334181785583}
{"stage": "utility", "utility_done": 147, "utility_total": 198, "failed": 0, "at": 1791235701.5002189, "last_job": "jobs/paysim/K10/dna_v1_conservative/343002.json", "eta_seconds": 1985.5716739479376}
{"stage": "utility", "utility_done": 148, "utility_total": 198, "failed": 0, "at": 1791235780.8901162, "last_job": "jobs/paysim/K20/dna_v2_0p95/343001.json", "eta_seconds": 1960.3068233341785}
{"stage": "utility", "utility_done": 149, "utility_total": 198, "failed": 0, "at": 1791235789.405561, "last_job": "jobs/baf/K10/dna_v2_0p95/343001.json", "eta_seconds": 1911.007788706146}
{"stage": "utility", "utility_done": 150, "utility_total": 198, "failed": 0, "at": 1791235812.6389198, "last_job": "jobs/paysim/K10/baseline/343001.json", "eta_seconds": 1866.962257003784}
{"stage": "utility", "utility_done": 151, "utility_total": 198, "failed": 0, "at": 1791235872.927872, "last_job": "jobs/ieee_cis/K10/dna_v2_0p95/343005.json", "eta_seconds": 1834.7262402670274}
{"stage": "utility", "utility_done": 152, "utility_total": 198, "failed": 0, "at": 1791235918.419279, "last_job": "jobs/paysim/K20/baseline/343002.json", "eta_seconds": 1797.6429004010402}
{"stage": "utility", "utility_done": 153, "utility_total": 198, "failed": 0, "at": 1791235942.262188, "last_job": "jobs/paysim/K20/dna_v1_conservative/343003.json", "eta_seconds": 1754.0824470800512}
{"stage": "utility", "utility_done": 154, "utility_total": 198, "failed": 0, "at": 1791235955.2408519, "last_job": "jobs/ieee_cis/K20/baseline/343002.json", "eta_seconds": 1707.67399086271}
{"stage": "utility", "utility_done": 155, "utility_total": 198, "failed": 0, "at": 1791236035.217688, "last_job": "jobs/baf/K20/dna_v1_conservative/343006.json", "eta_seconds": 1680.283486132468}
{"stage": "utility", "utility_done": 156, "utility_total": 198, "failed": 0, "at": 1791236073.716146, "last_job": "jobs/ieee_cis/K10/baseline/343001.json", "eta_seconds": 1641.0515329471002}
{"stage": "utility", "utility_done": 157, "utility_total": 198, "failed": 0, "at": 1791236080.948732, "last_job": "jobs/baf/K20/baseline/343003.json", "eta_seconds": 1593.6639586785795}
{"stage": "utility", "utility_done": 158, "utility_total": 198, "failed": 0, "at": 1791236106.247299, "last_job": "jobs/ieee_cis/K10/dna_v2_0p95/343010.json", "eta_seconds": 1551.3583308835573}
{"stage": "utility", "utility_done": 159, "utility_total": 198, "failed": 0, "at": 1791236175.0362601, "last_job": "jobs/paysim/K20/baseline/343008.json", "eta_seconds": 1519.934096678248}
{"stage": "utility", "utility_done": 160, "utility_total": 198, "failed": 0, "at": 1791236223.658043, "last_job": "jobs/ieee_cis/K20/baseline/343010.json", "eta_seconds": 1483.2530903786421}
{"stage": "utility", "utility_done": 161, "utility_total": 198, "failed": 0, "at": 1791236232.810262, "last_job": "jobs/baf/K20/dna_v1_conservative/343004.json", "eta_seconds": 1437.3531099106215}
{"stage": "utility", "utility_done": 162, "utility_total": 198, "failed": 0, "at": 1791236241.171631, "last_job": "jobs/paysim/K20/baseline/343005.json", "eta_seconds": 1391.7310591273838}
{"stage": "utility", "utility_done": 163, "utility_total": 198, "failed": 0, "at": 1791236310.5566652, "last_job": "jobs/paysim/K10/dna_v2_0p95/343006.json", "eta_seconds": 1359.6694351559036}
{"stage": "utility", "utility_done": 164, "utility_total": 198, "failed": 0, "at": 1791236403.560499, "last_job": "jobs/baf/K20/dna_v1_conservative/343010.json", "eta_seconds": 1332.0492289851352}
{"stage": "utility", "utility_done": 165, "utility_total": 198, "failed": 0, "at": 1791236407.976788, "last_job": "jobs/ieee_cis/K20/baseline/343009.json", "eta_seconds": 1285.9189846038819}
{"stage": "utility", "utility_done": 166, "utility_total": 198, "failed": 0, "at": 1791236451.872802, "last_job": "jobs/ieee_cis/K20/dna_v1_conservative/343008.json", "eta_seconds": 1247.901867418404}
{"stage": "utility", "utility_done": 167, "utility_total": 198, "failed": 0, "at": 1791236462.4761431, "last_job": "jobs/baf/K10/dna_v2_0p95/343008.json", "eta_seconds": 1203.634267191687}
{"stage": "utility", "utility_done": 168, "utility_total": 198, "failed": 0, "at": 1791236550.5511549, "last_job": "jobs/baf/K10/baseline/343001.json", "eta_seconds": 1173.6016589403152}
{"stage": "utility", "utility_done": 169, "utility_total": 198, "failed": 0, "at": 1791236554.206625, "last_job": "jobs/baf/K20/dna_v2_0p95/343004.json", "eta_seconds": 1128.395964767806}
{"stage": "utility", "utility_done": 170, "utility_total": 198, "failed": 0, "at": 1791236585.569178, "last_job": "jobs/baf/K10/dna_v1_conservative/343002.json", "eta_seconds": 1088.2426162719726}
{"stage": "utility", "utility_done": 171, "utility_total": 198, "failed": 0, "at": 1791236603.140449, "last_job": "jobs/baf/K10/baseline/343006.json", "eta_seconds": 1046.0145129655536}
{"stage": "utility", "utility_done": 172, "utility_total": 198, "failed": 0, "at": 1791236689.514805, "last_job": "jobs/baf/K10/baseline/343008.json", "eta_seconds": 1014.4735809342806}
{"stage": "utility", "utility_done": 173, "utility_total": 198, "failed": 0, "at": 1791236713.418493, "last_job": "jobs/baf/K10/dna_v1_conservative/343007.json", "eta_seconds": 973.2711886050384}
{"stage": "utility", "utility_done": 174, "utility_total": 198, "failed": 0, "at": 1791236732.4852989, "last_job": "jobs/ieee_cis/K20/dna_v2_0p95/343010.json", "eta_seconds": 931.6004735354719}
{"stage": "utility", "utility_done": 175, "utility_total": 198, "failed": 0, "at": 1791236768.6864798, "last_job": "jobs/ieee_cis/K10/dna_v2_0p95/343006.json", "eta_seconds": 892.4400346156528}
{"stage": "utility", "utility_done": 176, "utility_total": 198, "failed": 0, "at": 1791236841.3242838, "last_job": "jobs/paysim/K20/baseline/343009.json", "eta_seconds": 857.8678005039692}
{"stage": "utility", "utility_done": 177, "utility_total": 198, "failed": 0, "at": 1791236851.564506, "last_job": "jobs/ieee_cis/K10/baseline/343010.json", "eta_seconds": 815.4623435917547}
{"stage": "utility", "utility_done": 178, "utility_total": 198, "failed": 0, "at": 1791236904.596249, "last_job": "jobs/ieee_cis/K10/dna_v2_0p95/343004.json", "eta_seconds": 778.2263347272122}
{"stage": "utility", "utility_done": 179, "utility_total": 198, "failed": 0, "at": 1791236933.691796, "last_job": "jobs/ieee_cis/K20/baseline/343004.json", "eta_seconds": 738.2731210705954}
{"stage": "utility", "utility_done": 180, "utility_total": 198, "failed": 0, "at": 1791236975.588683, "last_job": "jobs/ieee_cis/K10/baseline/343009.json", "eta_seconds": 699.7206817150116}
{"stage": "utility", "utility_done": 181, "utility_total": 198, "failed": 0, "at": 1791236989.373682, "last_job": "jobs/baf/K20/baseline/343007.json", "eta_seconds": 658.4909435780668}
{"stage": "utility", "utility_done": 182, "utility_total": 198, "failed": 0, "at": 1791237060.314163, "last_job": "jobs/ieee_cis/K10/dna_v2_0p95/343001.json", "eta_seconds": 622.5874547015179}
{"stage": "utility", "utility_done": 183, "utility_total": 198, "failed": 0, "at": 1791237075.5485141, "last_job": "jobs/paysim/K20/dna_v1_conservative/343010.json", "eta_seconds": 581.7349711597943}
{"stage": "utility", "utility_done": 184, "utility_total": 198, "failed": 0, "at": 1791237083.997398, "last_job": "jobs/paysim/K10/baseline/343004.json", "eta_seconds": 540.6446601281996}
{"stage": "utility", "utility_done": 185, "utility_total": 198, "failed": 0, "at": 1791237121.0976279, "last_job": "jobs/paysim/K20/dna_v2_0p95/343006.json", "eta_seconds": 501.92056706918254}
{"stage": "utility", "utility_done": 186, "utility_total": 198, "failed": 0, "at": 1791237201.502683, "last_job": "jobs/paysim/K20/dna_v1_conservative/343007.json", "eta_seconds": 466.0077944570972}
{"stage": "utility", "utility_done": 187, "utility_total": 198, "failed": 0, "at": 1791237207.6615438, "last_job": "jobs/paysim/K20/dna_v2_0p95/343000.json", "eta_seconds": 425.2517458270578}
{"stage": "utility", "utility_done": 188, "utility_total": 198, "failed": 0, "at": 1791237249.7956579, "last_job": "jobs/paysim/K10/dna_v1_conservative/343008.json", "eta_seconds": 386.7773293687942}
{"stage": "utility", "utility_done": 189, "utility_total": 198, "failed": 0, "at": 1791237284.109816, "last_job": "jobs/ieee_cis/K20/dna_v1_conservative/343005.json", "eta_seconds": 347.89180719284786}
{"stage": "utility", "utility_done": 190, "utility_total": 198, "failed": 0, "at": 1791237335.682903, "last_job": "jobs/baf/K10/dna_v2_0p95/343002.json", "eta_seconds": 309.78109629781625}
{"stage": "utility", "utility_done": 191, "utility_total": 198, "failed": 0, "at": 1791237347.2393532, "last_job": "jobs/baf/K20/dna_v2_0p95/343002.json", "eta_seconds": 270.06283991499095}
{"stage": "utility", "utility_done": 192, "utility_total": 198, "failed": 0, "at": 1791237401.1818938, "last_job": "jobs/ieee_cis/K10/dna_v2_0p95/343007.json", "eta_seconds": 231.9625009149313}
{"stage": "utility", "utility_done": 193, "utility_total": 198, "failed": 0, "at": 1791237408.4930172, "last_job": "jobs/baf/K20/dna_v2_0p95/343003.json", "eta_seconds": 192.48992622207484}
{"stage": "utility", "utility_done": 194, "utility_total": 198, "failed": 0, "at": 1791237475.398179, "last_job": "jobs/baf/K10/dna_v1_conservative/343003.json", "eta_seconds": 154.57765564967676}
{"stage": "utility", "utility_done": 195, "utility_total": 198, "failed": 0, "at": 1791237480.311379, "last_job": "jobs/baf/K10/dna_v2_0p95/343000.json", "eta_seconds": 115.41430023266719}
{"stage": "utility", "utility_done": 196, "utility_total": 198, "failed": 0, "at": 1791237537.4574668, "last_job": "jobs/ieee_cis/K10/baseline/343005.json", "eta_seconds": 77.13342450102981}
{"stage": "utility", "utility_done": 197, "utility_total": 198, "failed": 0, "at": 1791237562.785949, "last_job": "jobs/ieee_cis/K20/dna_v2_0p95/343000.json", "eta_seconds": 38.499513092379885}
{"stage": "utility", "utility_done": 198, "utility_total": 198, "failed": 0, "at": 1791237594.978515, "last_job": "jobs/paysim/K10/baseline/343008.json", "eta_seconds": 0.0}
{"stage": "READY_FOR_INDEPENDENT_AUDIT", "utility_done": 198, "utility_total": 198, "failed": 0, "at": 1791237595.443556}
{"stage": "independent_audit", "utility_done": 198, "utility_total": 198, "failed": 0, "at": 1791237596.7977479}
{"stage": "VERIFIED_COMPLETE", "utility_done": 198, "utility_total": 198, "failed": 0, "at": 1791238751.6470459, "recognition_validated": true}
