{
  "run": "/Users/rhys24z/Documents/UNIVERSITY/Capstone/FL-DNA/artifacts/priority15_selection_objective_replay/rq1_v2_stage1_n8_run_20260921/raw/group_2_run",
  "target_file": "paysim_priority15_rq1_v2_stage1_n8_targets.pt",
  "groups": [
    2
  ],
  "restarts": 4,
  "initialization": "standard",
  "nonnegative_lambda": 0.001,
  "parameterization": "balance_diff_orig = oldbalanceOrg - newbalanceOrig and balance_diff_dest = newbalanceDest - oldbalanceDest are enforced during optimization",
  "frozen_attack": {
    "attack_lr": 0.1,
    "iterations": 600,
    "restarts": 3,
    "protocol_sha256": "2cbc3f4c93a5d053809ddca2403b42e091929b4b3dc5ee46138951544340499f",
    "selected_before_evaluation": true
  },
  "group_summary": [
    {
      "group_id": 2,
      "n_baseline_restarts": 4,
      "objective_best_restart": 0,
      "fraud_mse_best_restart": 0,
      "objective_best_fraud_mse": 2.301547239246459,
      "fraud_best_fraud_mse": 2.301547239246459,
      "extra_fraud_mse_from_objective_selection": 0.0,
      "objective_best_objective": 0.8112523555755615,
      "fraud_best_objective": 0.8112523555755615,
      "objective_margin_wrong_minus_fraud_best": 0.0,
      "prior_fraud_mse_mean": 43.645387981100825,
      "zero_objective_best_fraud_mse": 264.92070862020773,
      "objective_minus_prior_fraud_mse": -41.343840741854365,
      "objective_minus_zero_fraud_mse": -262.61916138096126,
      "fraud_best_minus_prior_fraud_mse": -41.343840741854365,
      "fraud_best_minus_zero_fraud_mse": -262.61916138096126,
      "max_balance_residual_raw": 0.7385635701939464
    }
  ],
  "target_gate": {
    "objective_selection": {
      "prior": {
        "n": 1,
        "wins": 1,
        "mean_difference": -41.343840741854365,
        "median_difference": -41.343840741854365,
        "one_sided_sign_p": 0.5,
        "gate": false
      },
      "zero": {
        "n": 1,
        "wins": 1,
        "mean_difference": -262.61916138096126,
        "median_difference": -262.61916138096126,
        "one_sided_sign_p": 0.5,
        "gate": false
      },
      "gate": false
    },
    "fraud_mse_oracle_selection_diagnostic_only": {
      "prior": {
        "n": 1,
        "wins": 1,
        "mean_difference": -41.343840741854365,
        "median_difference": -41.343840741854365,
        "one_sided_sign_p": 0.5,
        "gate": false
      },
      "zero": {
        "n": 1,
        "wins": 1,
        "mean_difference": -262.61916138096126,
        "median_difference": -262.61916138096126,
        "one_sided_sign_p": 0.5,
        "gate": false
      },
      "gate": false
    }
  },
  "wrong_groups_only_gate": {
    "objective_selection": {
      "prior": {
        "n": 1,
        "wins": 1,
        "mean_difference": -41.343840741854365,
        "median_difference": -41.343840741854365,
        "one_sided_sign_p": 0.5,
        "gate": false
      },
      "zero": {
        "n": 1,
        "wins": 1,
        "mean_difference": -262.61916138096126,
        "median_difference": -262.61916138096126,
        "one_sided_sign_p": 0.5,
        "gate": false
      },
      "gate": false
    },
    "fraud_mse_oracle_selection_diagnostic_only": {
      "prior": {
        "n": 1,
        "wins": 1,
        "mean_difference": -41.343840741854365,
        "median_difference": -41.343840741854365,
        "one_sided_sign_p": 0.5,
        "gate": false
      },
      "zero": {
        "n": 1,
        "wins": 1,
        "mean_difference": -262.61916138096126,
        "median_difference": -262.61916138096126,
        "one_sided_sign_p": 0.5,
        "gate": false
      },
      "gate": false
    }
  },
  "dataset_sha256": "16910f90577b0d981bf8ff289714510bb89bc71bff7d3f220f024e287e4eea6b",
  "interpretation": "Diagnostic/development target run; do not use as an independent final gate."
}
