Protocol saved and 21 original metrics files verified. No historical outputs edited. A1 starting; A2 pending.
{"at": "2026-10-02T15:03:21.754899+00:00", "event": "initial_shell_background_launch_did_not_persist", "scientific_jobs_started": 0}
{"stage": "A1_native_DP_BN_audit", "dataset": "paysim", "method": "full_state_single_clip", "done": 1, "total": 21, "failed": 1, "started_at": "2026-10-02T15:03:21.810278+00:00", "last_update": "2026-10-02T15:03:22.003590+00:00", "eta_minutes": 0.0644383430480957}
{"stage": "A1_native_DP_BN_audit", "dataset": "paysim", "method": "full_state_single_clip", "done": 2, "total": 21, "failed": 2, "started_at": "2026-10-02T15:03:21.810278+00:00", "last_update": "2026-10-02T15:03:22.006705+00:00", "eta_minutes": 0.031101260582605997}
{"stage": "A1_native_DP_BN_audit", "dataset": "paysim", "method": "full_state_single_clip", "done": 3, "total": 21, "failed": 3, "started_at": "2026-10-02T15:03:21.810278+00:00", "last_update": "2026-10-02T15:03:22.008495+00:00", "eta_minutes": 0.01982288360595703}
{"stage": "A1_native_DP_BN_audit", "dataset": "paysim", "method": "full_state_single_clip", "done": 4, "total": 21, "failed": 4, "started_at": "2026-10-02T15:03:21.810278+00:00", "last_update": "2026-10-02T15:03:22.010943+00:00", "eta_minutes": 0.014213990171750386}
{"stage": "A1_native_DP_BN_audit", "dataset": "paysim", "method": "full_state_single_clip", "done": 5, "total": 21, "failed": 5, "started_at": "2026-10-02T15:03:21.810278+00:00", "last_update": "2026-10-02T15:03:22.089290+00:00", "eta_minutes": 0.014880701700846355}
{"stage": "A1_native_DP_BN_audit", "dataset": "paysim", "method": "full_state_single_clip", "done": 6, "total": 21, "failed": 6, "started_at": "2026-10-02T15:03:21.810278+00:00", "last_update": "2026-10-02T15:03:22.091759+00:00", "eta_minutes": 0.011728962262471518}
{"stage": "A1_native_DP_BN_audit", "dataset": "paysim", "method": "full_state_single_clip", "done": 7, "total": 21, "failed": 7, "started_at": "2026-10-02T15:03:21.810278+00:00", "last_update": "2026-10-02T15:03:22.095070+00:00", "eta_minutes": 0.009493199984232585}
{"stage": "A1_native_DP_BN_audit", "dataset": "paysim", "method": "full_state_single_clip", "done": 8, "total": 21, "failed": 8, "started_at": "2026-10-02T15:03:21.810278+00:00", "last_update": "2026-10-02T15:03:22.095919+00:00", "eta_minutes": 0.0077361608544985454}
{"stage": "A1_native_DP_BN_audit", "dataset": "paysim", "method": "full_state_single_clip", "done": 9, "total": 21, "failed": 9, "started_at": "2026-10-02T15:03:21.810278+00:00", "last_update": "2026-10-02T15:03:22.176086+00:00", "eta_minutes": 0.008129114574856228}
{"stage": "A1_native_DP_BN_audit", "dataset": "paysim", "method": "full_state_single_clip", "done": 10, "total": 21, "failed": 10, "started_at": "2026-10-02T15:03:21.810278+00:00", "last_update": "2026-10-02T15:03:22.183506+00:00", "eta_minutes": 0.006842790047327677}
{"stage": "A1_native_DP_BN_audit", "dataset": "paysim", "method": "full_state_single_clip", "done": 11, "total": 21, "failed": 11, "started_at": "2026-10-02T15:03:21.810278+00:00", "last_update": "2026-10-02T15:03:22.187691+00:00", "eta_minutes": 0.005718635790275805}
{"stage": "A1_native_DP_BN_audit", "dataset": "paysim", "method": "full_state_single_clip", "done": 12, "total": 21, "failed": 12, "started_at": "2026-10-02T15:03:21.810278+00:00", "last_update": "2026-10-02T15:03:22.210840+00:00", "eta_minutes": 0.005007040500640869}
{"stage": "A1_native_DP_BN_audit", "dataset": "paysim", "method": "full_state_single_clip", "done": 13, "total": 21, "failed": 13, "started_at": "2026-10-02T15:03:21.810278+00:00", "last_update": "2026-10-02T15:03:22.259485+00:00", "eta_minutes": 0.004607283763396434}
{"stage": "A1_native_DP_BN_audit", "dataset": "paysim", "method": "full_state_single_clip", "done": 14, "total": 21, "failed": 14, "started_at": "2026-10-02T15:03:21.810278+00:00", "last_update": "2026-10-02T15:03:22.266531+00:00", "eta_minutes": 0.003802140553792318}
{"stage": "A1_native_DP_BN_audit", "dataset": "paysim", "method": "full_state_single_clip", "done": 15, "total": 21, "failed": 15, "started_at": "2026-10-02T15:03:21.810278+00:00", "last_update": "2026-10-02T15:03:22.269898+00:00", "eta_minutes": 0.0030641539891560873}
{"stage": "A1_native_DP_BN_audit", "dataset": "paysim", "method": "per_tensor_clip", "done": 16, "total": 21, "failed": 16, "started_at": "2026-10-02T15:03:21.810278+00:00", "last_update": "2026-10-02T15:03:22.296254+00:00", "eta_minutes": 0.002531146009763082}
{"stage": "A1_native_DP_BN_audit", "dataset": "paysim", "method": "per_tensor_clip", "done": 17, "total": 21, "failed": 17, "started_at": "2026-10-02T15:03:21.810278+00:00", "last_update": "2026-10-02T15:03:22.347786+00:00", "eta_minutes": 0.0021078867070815142}
{"stage": "A1_native_DP_BN_audit", "dataset": "paysim", "method": "per_tensor_clip", "done": 18, "total": 21, "failed": 18, "started_at": "2026-10-02T15:03:21.810278+00:00", "last_update": "2026-10-02T15:03:22.351676+00:00", "eta_minutes": 0.00150389207734002}
{"stage": "A1_native_DP_BN_audit", "dataset": "paysim", "method": "fedbn_trainable_only", "done": 19, "total": 21, "failed": 19, "started_at": "2026-10-02T15:03:21.810278+00:00", "last_update": "2026-10-02T15:03:22.353403+00:00", "eta_minutes": 0.0009528544911167078}
{"stage": "A1_native_DP_BN_audit", "dataset": "paysim", "method": "fedbn_trainable_only", "done": 20, "total": 21, "failed": 20, "started_at": "2026-10-02T15:03:21.810278+00:00", "last_update": "2026-10-02T15:03:22.380547+00:00", "eta_minutes": 0.0004752260446548462}
{"stage": "A1_native_DP_BN_audit", "dataset": "paysim", "method": "fedbn_trainable_only", "done": 21, "total": 21, "failed": 21, "started_at": "2026-10-02T15:03:21.810278+00:00", "last_update": "2026-10-02T15:03:22.430332+00:00", "eta_minutes": 0.0}
{"at": "2026-10-02T15:07:58.197630+00:00", "event": "A1_interpreter_symlink_resolution_repair", "previous_attempt": "A1", "new_attempt": "A1_attempt2", "previous_scientific_rounds": 0, "settings_unchanged": true}
{"stage": "A1_native_DP_BN_audit", "dataset": "paysim", "method": "full_state_single_clip", "done": 1, "total": 21, "failed": 0, "started_at": "2026-10-02T15:07:58.250402+00:00", "last_update": "2026-10-02T15:13:31.299234+00:00", "eta_minutes": 111.01628597577412}
{"stage": "A1_native_DP_BN_audit", "dataset": "paysim", "method": "full_state_single_clip", "done": 2, "total": 21, "failed": 0, "started_at": "2026-10-02T15:07:58.250402+00:00", "last_update": "2026-10-02T15:13:31.671002+00:00", "eta_minutes": 52.791602124770485}
{"stage": "A1_native_DP_BN_audit", "dataset": "paysim", "method": "full_state_single_clip", "done": 3, "total": 21, "failed": 0, "started_at": "2026-10-02T15:07:58.250402+00:00", "last_update": "2026-10-02T15:13:34.344696+00:00", "eta_minutes": 33.60943019390106}
{"stage": "A1_native_DP_BN_audit", "dataset": "paysim", "method": "full_state_single_clip", "done": 4, "total": 21, "failed": 0, "started_at": "2026-10-02T15:07:58.250402+00:00", "last_update": "2026-10-02T15:13:37.249231+00:00", "eta_minutes": 24.012417620420457}
{"stage": "A1_native_DP_BN_audit", "dataset": "paysim", "method": "full_state_single_clip", "done": 5, "total": 21, "failed": 0, "started_at": "2026-10-02T15:07:58.250402+00:00", "last_update": "2026-10-02T15:18:56.242837+00:00", "eta_minutes": 35.09293268839518}
{"stage": "A1_native_DP_BN_audit", "dataset": "paysim", "method": "full_state_single_clip", "done": 6, "total": 21, "failed": 0, "started_at": "2026-10-02T15:07:58.250402+00:00", "last_update": "2026-10-02T15:18:56.653665+00:00", "eta_minutes": 27.433469374974568}
{"stage": "A1_native_DP_BN_audit", "dataset": "paysim", "method": "full_state_single_clip", "done": 7, "total": 21, "failed": 0, "started_at": "2026-10-02T15:07:58.250402+00:00", "last_update": "2026-10-02T15:19:00.209194+00:00", "eta_minutes": 22.065293327967325}
{"stage": "A1_native_DP_BN_audit", "dataset": "paysim", "method": "full_state_single_clip", "done": 8, "total": 21, "failed": 0, "started_at": "2026-10-02T15:07:58.250402+00:00", "last_update": "2026-10-02T15:19:01.742340+00:00", "eta_minutes": 17.969573453068733}
{"at": "2026-10-02T15:19:40.438518+00:00", "event": "A2_pre_training_waiter_reloads", "pids": [21645, 24060], "scientific_jobs_started": 0, "reason": "finalize synthetic-tested gates and receipt resume validation", "finalized_waiter_pid": 25026}
{"stage": "A1_native_DP_BN_audit", "dataset": "paysim", "method": "full_state_single_clip", "done": 9, "total": 21, "failed": 0, "started_at": "2026-10-02T15:07:58.250402+00:00", "last_update": "2026-10-02T15:24:25.050177+00:00", "eta_minutes": 21.92888437906901}
{"stage": "A1_native_DP_BN_audit", "dataset": "paysim", "method": "full_state_single_clip", "done": 10, "total": 21, "failed": 0, "started_at": "2026-10-02T15:07:58.250402+00:00", "last_update": "2026-10-02T15:24:28.755283+00:00", "eta_minutes": 18.159256246089935}
{"stage": "A1_native_DP_BN_audit", "dataset": "paysim", "method": "full_state_single_clip", "done": 11, "total": 21, "failed": 0, "started_at": "2026-10-02T15:07:58.250402+00:00", "last_update": "2026-10-02T15:24:30.286872+00:00", "eta_minutes": 15.03085564844536}
{"stage": "A1_native_DP_BN_audit", "dataset": "paysim", "method": "full_state_single_clip", "done": 12, "total": 21, "failed": 0, "started_at": "2026-10-02T15:07:58.250402+00:00", "last_update": "2026-10-02T15:24:35.034852+00:00", "eta_minutes": 12.459806388616562}
{"stage": "A1_native_DP_BN_audit", "dataset": "paysim", "method": "full_state_single_clip", "done": 13, "total": 21, "failed": 0, "started_at": "2026-10-02T15:07:58.250402+00:00", "last_update": "2026-10-02T15:29:46.011934+00:00", "eta_minutes": 13.412938863803179}
{"stage": "A1_native_DP_BN_audit", "dataset": "paysim", "method": "full_state_single_clip", "done": 14, "total": 21, "failed": 0, "started_at": "2026-10-02T15:07:58.250402+00:00", "last_update": "2026-10-02T15:29:49.747762+00:00", "eta_minutes": 10.929144718249638}
{"stage": "A1_native_DP_BN_audit", "dataset": "paysim", "method": "full_state_single_clip", "done": 15, "total": 21, "failed": 0, "started_at": "2026-10-02T15:07:58.250402+00:00", "last_update": "2026-10-02T15:29:52.163231+00:00", "eta_minutes": 8.759418888092041}
{"stage": "A1_native_DP_BN_audit", "dataset": "paysim", "method": "per_tensor_clip", "done": 16, "total": 21, "failed": 0, "started_at": "2026-10-02T15:07:58.250402+00:00", "last_update": "2026-10-02T15:29:55.927740+00:00", "eta_minutes": 6.862902849912643}
{"stage": "A1_native_DP_BN_audit", "dataset": "paysim", "method": "per_tensor_clip", "done": 17, "total": 21, "failed": 0, "started_at": "2026-10-02T15:07:58.250402+00:00", "last_update": "2026-10-02T15:35:08.412804+00:00", "eta_minutes": 6.392793839585548}
{"stage": "A1_native_DP_BN_audit", "dataset": "paysim", "method": "fedbn_trainable_only", "done": 18, "total": 21, "failed": 0, "started_at": "2026-10-02T15:07:58.250402+00:00", "last_update": "2026-10-02T15:35:21.994709+00:00", "eta_minutes": 4.565956422355439}
{"stage": "A1_native_DP_BN_audit", "dataset": "paysim", "method": "per_tensor_clip", "done": 19, "total": 21, "failed": 0, "started_at": "2026-10-02T15:07:58.250402+00:00", "last_update": "2026-10-02T15:35:23.051637+00:00", "eta_minutes": 2.8856162054496903}
{"stage": "A1_native_DP_BN_audit", "dataset": "paysim", "method": "fedbn_trainable_only", "done": 20, "total": 21, "failed": 0, "started_at": "2026-10-02T15:07:58.250402+00:00", "last_update": "2026-10-02T15:35:30.379553+00:00", "eta_minutes": 1.376774294177691}
{"at": "2026-10-02T15:37:17.729804+00:00", "event": "A2_waiter_stopped_before_training", "pid": 25026, "reason": "complete all earlier IEEE target provenance exclusions, as frozen", "scientific_jobs_started": 0}
{"stage": "A1_native_DP_BN_audit", "dataset": "paysim", "method": "fedbn_trainable_only", "done": 21, "total": 21, "failed": 0, "started_at": "2026-10-02T15:07:58.250402+00:00", "last_update": "2026-10-02T15:39:15.032394+00:00", "eta_minutes": 0.0}
{"stage": "A2_checkpoint_replay", "dataset": "ieee_cis", "method": "baseline", "done": 0, "total": 1, "failed": 0, "started_at": null, "last_update": "2026-10-02T15:40:46.565520+00:00", "eta_minutes": null}
{"stage": "A2_training", "dataset": "ieee_cis", "method": "baseline", "done": 1, "total": 1, "failed": 0, "started_at": null, "last_update": "2026-10-02T15:41:38.904250+00:00", "eta_minutes": null}
{"at": "2026-10-02T15:41:41.790812+00:00", "event": "qualification_finished", "dataset": "ieee_cis", "stage": "n8", "passed": false, "tests": {"prior": {"wins": 0, "losses": 8, "ties": 0, "p": 1.0}, "decoy": {"wins": 5, "losses": 3, "ties": 0, "p": 0.36328125}}}
{"stage": "A2_qualification_n8", "dataset": "ieee_cis", "method": "unprotected", "done": 8, "total": 8, "failed": 1, "started_at": null, "last_update": "2026-10-02T15:41:41.790941+00:00", "eta_minutes": null}
{"stage": "A2_training", "dataset": "baf", "method": "baseline", "done": 1, "total": 1, "failed": 0, "started_at": null, "last_update": "2026-10-02T15:43:28.037274+00:00", "eta_minutes": null}
{"at": "2026-10-02T15:43:28.171996+00:00", "event": "qualification_finished", "dataset": "baf", "stage": "n8", "passed": true, "tests": {"prior": {"wins": 8, "losses": 0, "ties": 0, "p": 0.00390625}, "decoy": {"wins": 8, "losses": 0, "ties": 0, "p": 0.00390625}}}
{"stage": "A2_qualification_n8", "dataset": "baf", "method": "unprotected", "done": 8, "total": 8, "failed": 0, "started_at": null, "last_update": "2026-10-02T15:43:28.172093+00:00", "eta_minutes": null}
{"at": "2026-10-02T15:43:28.297551+00:00", "event": "qualification_finished", "dataset": "baf", "stage": "n24", "passed": true, "tests": {"prior": {"wins": 24, "losses": 0, "ties": 0, "p": 5.960464477539063e-08}, "decoy": {"wins": 24, "losses": 0, "ties": 0, "p": 5.960464477539063e-08}}}
{"stage": "A2_qualification_n24", "dataset": "baf", "method": "unprotected", "done": 24, "total": 24, "failed": 0, "started_at": null, "last_update": "2026-10-02T15:43:28.297677+00:00", "eta_minutes": null}
{"stage": "A2_training", "dataset": "baf", "method": "dna_v1_conservative", "done": 1, "total": 16, "failed": 1, "started_at": null, "last_update": "2026-10-02T15:43:35.049598+00:00", "eta_minutes": null}
{"stage": "A2_training", "dataset": "baf", "method": "dna_v1_conservative", "done": 2, "total": 16, "failed": 2, "started_at": null, "last_update": "2026-10-02T15:43:42.407134+00:00", "eta_minutes": null}
{"stage": "A2_training", "dataset": "baf", "method": "dna_v1_conservative", "done": 3, "total": 16, "failed": 3, "started_at": null, "last_update": "2026-10-02T15:43:49.050576+00:00", "eta_minutes": null}
{"stage": "A2_training", "dataset": "baf", "method": "dna_v1_conservative", "done": 4, "total": 16, "failed": 4, "started_at": null, "last_update": "2026-10-02T15:43:55.669515+00:00", "eta_minutes": null}
{"stage": "A2_training", "dataset": "baf", "method": "dna_v1_conservative", "done": 5, "total": 16, "failed": 5, "started_at": null, "last_update": "2026-10-02T15:44:02.383204+00:00", "eta_minutes": null}
{"stage": "A2_training", "dataset": "baf", "method": "dna_v1_conservative", "done": 6, "total": 16, "failed": 6, "started_at": null, "last_update": "2026-10-02T15:44:09.145007+00:00", "eta_minutes": null}
{"stage": "A2_training", "dataset": "baf", "method": "dna_v1_conservative", "done": 7, "total": 16, "failed": 7, "started_at": null, "last_update": "2026-10-02T15:44:15.879779+00:00", "eta_minutes": null}
{"stage": "A2_training", "dataset": "baf", "method": "dna_v1_conservative", "done": 8, "total": 16, "failed": 8, "started_at": null, "last_update": "2026-10-02T15:44:23.286067+00:00", "eta_minutes": null}
{"stage": "A2_training", "dataset": "baf", "method": "dna_v1_conservative", "done": 9, "total": 16, "failed": 9, "started_at": null, "last_update": "2026-10-02T15:44:29.882311+00:00", "eta_minutes": null}
{"stage": "A2_training", "dataset": "baf", "method": "dna_v1_conservative", "done": 10, "total": 16, "failed": 10, "started_at": null, "last_update": "2026-10-02T15:44:37.251892+00:00", "eta_minutes": null}
{"stage": "A2_training", "dataset": "baf", "method": "dna_v1_conservative", "done": 11, "total": 16, "failed": 11, "started_at": null, "last_update": "2026-10-02T15:44:43.925134+00:00", "eta_minutes": null}
{"stage": "A2_training", "dataset": "baf", "method": "dna_v1_conservative", "done": 12, "total": 16, "failed": 12, "started_at": null, "last_update": "2026-10-02T15:44:51.288169+00:00", "eta_minutes": null}
{"stage": "A2_training", "dataset": "baf", "method": "dna_v1_conservative", "done": 13, "total": 16, "failed": 13, "started_at": null, "last_update": "2026-10-02T15:44:58.589777+00:00", "eta_minutes": null}
{"stage": "A2_training", "dataset": "baf", "method": "dna_v1_conservative", "done": 14, "total": 16, "failed": 14, "started_at": null, "last_update": "2026-10-02T15:45:05.314378+00:00", "eta_minutes": null}
{"stage": "A2_training", "dataset": "baf", "method": "dna_v1_conservative", "done": 15, "total": 16, "failed": 15, "started_at": null, "last_update": "2026-10-02T15:45:12.627515+00:00", "eta_minutes": null}
{"stage": "A2_training", "dataset": "baf", "method": "dna_v1_conservative", "done": 16, "total": 16, "failed": 16, "started_at": null, "last_update": "2026-10-02T15:45:19.283239+00:00", "eta_minutes": null}
{"stage": "A2_training", "dataset": "baf", "method": "dna_v2_0p95", "done": 1, "total": 16, "failed": 1, "started_at": null, "last_update": "2026-10-02T15:45:23.771821+00:00", "eta_minutes": null}
{"stage": "A2_training", "dataset": "baf", "method": "dna_v2_0p95", "done": 2, "total": 16, "failed": 2, "started_at": null, "last_update": "2026-10-02T15:45:28.228863+00:00", "eta_minutes": null}
{"stage": "A2_training", "dataset": "baf", "method": "dna_v2_0p95", "done": 3, "total": 16, "failed": 3, "started_at": null, "last_update": "2026-10-02T15:45:32.662036+00:00", "eta_minutes": null}
{"stage": "A2_training", "dataset": "baf", "method": "dna_v2_0p95", "done": 4, "total": 16, "failed": 4, "started_at": null, "last_update": "2026-10-02T15:45:37.213984+00:00", "eta_minutes": null}
{"stage": "A2_training", "dataset": "baf", "method": "dna_v2_0p95", "done": 5, "total": 16, "failed": 5, "started_at": null, "last_update": "2026-10-02T15:45:42.040772+00:00", "eta_minutes": null}
{"stage": "A2_training", "dataset": "baf", "method": "dna_v2_0p95", "done": 6, "total": 16, "failed": 6, "started_at": null, "last_update": "2026-10-02T15:45:46.529925+00:00", "eta_minutes": null}
{"stage": "A2_training", "dataset": "baf", "method": "dna_v2_0p95", "done": 7, "total": 16, "failed": 7, "started_at": null, "last_update": "2026-10-02T15:45:50.951393+00:00", "eta_minutes": null}
{"stage": "A2_training", "dataset": "baf", "method": "dna_v2_0p95", "done": 8, "total": 16, "failed": 8, "started_at": null, "last_update": "2026-10-02T15:45:55.376342+00:00", "eta_minutes": null}
{"stage": "A2_training", "dataset": "baf", "method": "dna_v2_0p95", "done": 9, "total": 16, "failed": 9, "started_at": null, "last_update": "2026-10-02T15:45:59.780733+00:00", "eta_minutes": null}
{"stage": "A2_training", "dataset": "baf", "method": "dna_v2_0p95", "done": 10, "total": 16, "failed": 10, "started_at": null, "last_update": "2026-10-02T15:46:04.223875+00:00", "eta_minutes": null}
{"stage": "A2_training", "dataset": "baf", "method": "dna_v2_0p95", "done": 11, "total": 16, "failed": 11, "started_at": null, "last_update": "2026-10-02T15:46:08.719985+00:00", "eta_minutes": null}
{"stage": "A2_training", "dataset": "baf", "method": "dna_v2_0p95", "done": 12, "total": 16, "failed": 12, "started_at": null, "last_update": "2026-10-02T15:46:13.200246+00:00", "eta_minutes": null}
{"stage": "A2_training", "dataset": "baf", "method": "dna_v2_0p95", "done": 13, "total": 16, "failed": 13, "started_at": null, "last_update": "2026-10-02T15:46:17.686081+00:00", "eta_minutes": null}
{"stage": "A2_training", "dataset": "baf", "method": "dna_v2_0p95", "done": 14, "total": 16, "failed": 14, "started_at": null, "last_update": "2026-10-02T15:46:22.162752+00:00", "eta_minutes": null}
{"stage": "A2_training", "dataset": "baf", "method": "dna_v2_0p95", "done": 15, "total": 16, "failed": 15, "started_at": null, "last_update": "2026-10-02T15:46:26.606845+00:00", "eta_minutes": null}
{"stage": "A2_training", "dataset": "baf", "method": "dna_v2_0p95", "done": 16, "total": 16, "failed": 16, "started_at": null, "last_update": "2026-10-02T15:46:31.072618+00:00", "eta_minutes": null}
{"at": "2026-10-02T15:46:31.181125+00:00", "event": "confirmatory_target_finished", "dataset": "baf", "method": "dna_v1_conservative", "target": 0}
{"stage": "A2_confirmatory", "dataset": "baf", "method": "dna_v1_conservative", "done": 1, "total": 39, "failed": 0, "started_at": null, "last_update": "2026-10-02T15:46:31.181206+00:00", "eta_minutes": null}
{"at": "2026-10-02T15:46:31.183368+00:00", "event": "confirmatory_target_finished", "dataset": "baf", "method": "dna_v1_conservative", "target": 1}
{"stage": "A2_confirmatory", "dataset": "baf", "method": "dna_v1_conservative", "done": 2, "total": 39, "failed": 0, "started_at": null, "last_update": "2026-10-02T15:46:31.183437+00:00", "eta_minutes": null}
{"at": "2026-10-02T15:46:31.185836+00:00", "event": "confirmatory_target_finished", "dataset": "baf", "method": "dna_v1_conservative", "target": 2}
{"stage": "A2_confirmatory", "dataset": "baf", "method": "dna_v1_conservative", "done": 3, "total": 39, "failed": 0, "started_at": null, "last_update": "2026-10-02T15:46:31.185928+00:00", "eta_minutes": null}
{"at": "2026-10-02T15:46:31.188483+00:00", "event": "confirmatory_target_finished", "dataset": "baf", "method": "dna_v1_conservative", "target": 3}
{"stage": "A2_confirmatory", "dataset": "baf", "method": "dna_v1_conservative", "done": 4, "total": 39, "failed": 0, "started_at": null, "last_update": "2026-10-02T15:46:31.188554+00:00", "eta_minutes": null}
{"at": "2026-10-02T15:46:31.190590+00:00", "event": "confirmatory_target_finished", "dataset": "baf", "method": "dna_v1_conservative", "target": 4}
{"stage": "A2_confirmatory", "dataset": "baf", "method": "dna_v1_conservative", "done": 5, "total": 39, "failed": 0, "started_at": null, "last_update": "2026-10-02T15:46:31.190663+00:00", "eta_minutes": null}
{"at": "2026-10-02T15:46:31.192487+00:00", "event": "confirmatory_target_finished", "dataset": "baf", "method": "dna_v1_conservative", "target": 5}
{"stage": "A2_confirmatory", "dataset": "baf", "method": "dna_v1_conservative", "done": 6, "total": 39, "failed": 0, "started_at": null, "last_update": "2026-10-02T15:46:31.192563+00:00", "eta_minutes": null}
{"at": "2026-10-02T15:46:31.194480+00:00", "event": "confirmatory_target_finished", "dataset": "baf", "method": "dna_v1_conservative", "target": 6}
{"stage": "A2_confirmatory", "dataset": "baf", "method": "dna_v1_conservative", "done": 7, "total": 39, "failed": 0, "started_at": null, "last_update": "2026-10-02T15:46:31.194558+00:00", "eta_minutes": null}
{"at": "2026-10-02T15:46:31.196820+00:00", "event": "confirmatory_target_finished", "dataset": "baf", "method": "dna_v1_conservative", "target": 7}
{"stage": "A2_confirmatory", "dataset": "baf", "method": "dna_v1_conservative", "done": 8, "total": 39, "failed": 0, "started_at": null, "last_update": "2026-10-02T15:46:31.196908+00:00", "eta_minutes": null}
{"at": "2026-10-02T15:46:31.199324+00:00", "event": "confirmatory_target_finished", "dataset": "baf", "method": "dna_v1_conservative", "target": 8}
{"stage": "A2_confirmatory", "dataset": "baf", "method": "dna_v1_conservative", "done": 9, "total": 39, "failed": 0, "started_at": null, "last_update": "2026-10-02T15:46:31.199407+00:00", "eta_minutes": null}
{"at": "2026-10-02T15:46:31.201492+00:00", "event": "confirmatory_target_finished", "dataset": "baf", "method": "dna_v1_conservative", "target": 9}
{"stage": "A2_confirmatory", "dataset": "baf", "method": "dna_v1_conservative", "done": 10, "total": 39, "failed": 0, "started_at": null, "last_update": "2026-10-02T15:46:31.201571+00:00", "eta_minutes": null}
{"at": "2026-10-02T15:46:31.203614+00:00", "event": "confirmatory_target_finished", "dataset": "baf", "method": "dna_v1_conservative", "target": 10}
{"stage": "A2_confirmatory", "dataset": "baf", "method": "dna_v1_conservative", "done": 11, "total": 39, "failed": 0, "started_at": null, "last_update": "2026-10-02T15:46:31.203690+00:00", "eta_minutes": null}
{"at": "2026-10-02T15:46:31.205606+00:00", "event": "confirmatory_target_finished", "dataset": "baf", "method": "dna_v1_conservative", "target": 11}
{"stage": "A2_confirmatory", "dataset": "baf", "method": "dna_v1_conservative", "done": 12, "total": 39, "failed": 0, "started_at": null, "last_update": "2026-10-02T15:46:31.205696+00:00", "eta_minutes": null}
{"at": "2026-10-02T15:46:31.207556+00:00", "event": "confirmatory_target_finished", "dataset": "baf", "method": "dna_v1_conservative", "target": 12}
{"stage": "A2_confirmatory", "dataset": "baf", "method": "dna_v1_conservative", "done": 13, "total": 39, "failed": 0, "started_at": null, "last_update": "2026-10-02T15:46:31.207628+00:00", "eta_minutes": null}
{"at": "2026-10-02T15:46:31.209940+00:00", "event": "confirmatory_target_finished", "dataset": "baf", "method": "dna_v1_conservative", "target": 13}
{"stage": "A2_confirmatory", "dataset": "baf", "method": "dna_v1_conservative", "done": 14, "total": 39, "failed": 0, "started_at": null, "last_update": "2026-10-02T15:46:31.210034+00:00", "eta_minutes": null}
{"at": "2026-10-02T15:46:31.212092+00:00", "event": "confirmatory_target_finished", "dataset": "baf", "method": "dna_v1_conservative", "target": 14}
{"stage": "A2_confirmatory", "dataset": "baf", "method": "dna_v1_conservative", "done": 15, "total": 39, "failed": 0, "started_at": null, "last_update": "2026-10-02T15:46:31.212190+00:00", "eta_minutes": null}
{"at": "2026-10-02T15:46:31.214572+00:00", "event": "confirmatory_target_finished", "dataset": "baf", "method": "dna_v1_conservative", "target": 15}
{"stage": "A2_confirmatory", "dataset": "baf", "method": "dna_v1_conservative", "done": 16, "total": 39, "failed": 0, "started_at": null, "last_update": "2026-10-02T15:46:31.214654+00:00", "eta_minutes": null}
{"at": "2026-10-02T15:46:31.216583+00:00", "event": "confirmatory_target_finished", "dataset": "baf", "method": "dna_v1_conservative", "target": 16}
{"stage": "A2_confirmatory", "dataset": "baf", "method": "dna_v1_conservative", "done": 17, "total": 39, "failed": 0, "started_at": null, "last_update": "2026-10-02T15:46:31.216660+00:00", "eta_minutes": null}
{"at": "2026-10-02T15:46:31.219252+00:00", "event": "confirmatory_target_finished", "dataset": "baf", "method": "dna_v1_conservative", "target": 17}
{"stage": "A2_confirmatory", "dataset": "baf", "method": "dna_v1_conservative", "done": 18, "total": 39, "failed": 0, "started_at": null, "last_update": "2026-10-02T15:46:31.219373+00:00", "eta_minutes": null}
{"at": "2026-10-02T15:46:31.222126+00:00", "event": "confirmatory_target_finished", "dataset": "baf", "method": "dna_v1_conservative", "target": 18}
{"stage": "A2_confirmatory", "dataset": "baf", "method": "dna_v1_conservative", "done": 19, "total": 39, "failed": 0, "started_at": null, "last_update": "2026-10-02T15:46:31.222209+00:00", "eta_minutes": null}
{"at": "2026-10-02T15:46:31.224306+00:00", "event": "confirmatory_target_finished", "dataset": "baf", "method": "dna_v1_conservative", "target": 19}
{"stage": "A2_confirmatory", "dataset": "baf", "method": "dna_v1_conservative", "done": 20, "total": 39, "failed": 0, "started_at": null, "last_update": "2026-10-02T15:46:31.224458+00:00", "eta_minutes": null}
{"at": "2026-10-02T15:46:31.226972+00:00", "event": "confirmatory_target_finished", "dataset": "baf", "method": "dna_v1_conservative", "target": 20}
{"stage": "A2_confirmatory", "dataset": "baf", "method": "dna_v1_conservative", "done": 21, "total": 39, "failed": 0, "started_at": null, "last_update": "2026-10-02T15:46:31.227055+00:00", "eta_minutes": null}
{"at": "2026-10-02T15:46:31.228970+00:00", "event": "confirmatory_target_finished", "dataset": "baf", "method": "dna_v1_conservative", "target": 21}
{"stage": "A2_confirmatory", "dataset": "baf", "method": "dna_v1_conservative", "done": 22, "total": 39, "failed": 0, "started_at": null, "last_update": "2026-10-02T15:46:31.229040+00:00", "eta_minutes": null}
{"at": "2026-10-02T15:46:31.230888+00:00", "event": "confirmatory_target_finished", "dataset": "baf", "method": "dna_v1_conservative", "target": 22}
{"stage": "A2_confirmatory", "dataset": "baf", "method": "dna_v1_conservative", "done": 23, "total": 39, "failed": 0, "started_at": null, "last_update": "2026-10-02T15:46:31.230947+00:00", "eta_minutes": null}
{"at": "2026-10-02T15:46:31.232757+00:00", "event": "confirmatory_target_finished", "dataset": "baf", "method": "dna_v1_conservative", "target": 23}
{"stage": "A2_confirmatory", "dataset": "baf", "method": "dna_v1_conservative", "done": 24, "total": 39, "failed": 0, "started_at": null, "last_update": "2026-10-02T15:46:31.232849+00:00", "eta_minutes": null}
{"at": "2026-10-02T15:46:31.235333+00:00", "event": "confirmatory_target_finished", "dataset": "baf", "method": "dna_v1_conservative", "target": 24}
{"stage": "A2_confirmatory", "dataset": "baf", "method": "dna_v1_conservative", "done": 25, "total": 39, "failed": 0, "started_at": null, "last_update": "2026-10-02T15:46:31.235439+00:00", "eta_minutes": null}
{"at": "2026-10-02T15:46:31.237618+00:00", "event": "confirmatory_target_finished", "dataset": "baf", "method": "dna_v1_conservative", "target": 25}
{"stage": "A2_confirmatory", "dataset": "baf", "method": "dna_v1_conservative", "done": 26, "total": 39, "failed": 0, "started_at": null, "last_update": "2026-10-02T15:46:31.237741+00:00", "eta_minutes": null}
{"at": "2026-10-02T15:46:31.240160+00:00", "event": "confirmatory_target_finished", "dataset": "baf", "method": "dna_v1_conservative", "target": 26}
{"stage": "A2_confirmatory", "dataset": "baf", "method": "dna_v1_conservative", "done": 27, "total": 39, "failed": 0, "started_at": null, "last_update": "2026-10-02T15:46:31.240274+00:00", "eta_minutes": null}
{"at": "2026-10-02T15:46:31.242555+00:00", "event": "confirmatory_target_finished", "dataset": "baf", "method": "dna_v1_conservative", "target": 27}
{"stage": "A2_confirmatory", "dataset": "baf", "method": "dna_v1_conservative", "done": 28, "total": 39, "failed": 0, "started_at": null, "last_update": "2026-10-02T15:46:31.242633+00:00", "eta_minutes": null}
{"at": "2026-10-02T15:46:31.244682+00:00", "event": "confirmatory_target_finished", "dataset": "baf", "method": "dna_v1_conservative", "target": 28}
{"stage": "A2_confirmatory", "dataset": "baf", "method": "dna_v1_conservative", "done": 29, "total": 39, "failed": 0, "started_at": null, "last_update": "2026-10-02T15:46:31.244761+00:00", "eta_minutes": null}
{"at": "2026-10-02T15:46:31.246446+00:00", "event": "confirmatory_target_finished", "dataset": "baf", "method": "dna_v1_conservative", "target": 29}
{"stage": "A2_confirmatory", "dataset": "baf", "method": "dna_v1_conservative", "done": 30, "total": 39, "failed": 0, "started_at": null, "last_update": "2026-10-02T15:46:31.246523+00:00", "eta_minutes": null}
{"at": "2026-10-02T15:46:31.249240+00:00", "event": "confirmatory_target_finished", "dataset": "baf", "method": "dna_v1_conservative", "target": 30}
{"stage": "A2_confirmatory", "dataset": "baf", "method": "dna_v1_conservative", "done": 31, "total": 39, "failed": 0, "started_at": null, "last_update": "2026-10-02T15:46:31.249313+00:00", "eta_minutes": null}
{"at": "2026-10-02T15:46:31.251214+00:00", "event": "confirmatory_target_finished", "dataset": "baf", "method": "dna_v1_conservative", "target": 31}
{"stage": "A2_confirmatory", "dataset": "baf", "method": "dna_v1_conservative", "done": 32, "total": 39, "failed": 0, "started_at": null, "last_update": "2026-10-02T15:46:31.251299+00:00", "eta_minutes": null}
{"at": "2026-10-02T15:46:31.253352+00:00", "event": "confirmatory_target_finished", "dataset": "baf", "method": "dna_v1_conservative", "target": 32}
{"stage": "A2_confirmatory", "dataset": "baf", "method": "dna_v1_conservative", "done": 33, "total": 39, "failed": 0, "started_at": null, "last_update": "2026-10-02T15:46:31.253444+00:00", "eta_minutes": null}
{"at": "2026-10-02T15:46:31.256132+00:00", "event": "confirmatory_target_finished", "dataset": "baf", "method": "dna_v1_conservative", "target": 33}
{"stage": "A2_confirmatory", "dataset": "baf", "method": "dna_v1_conservative", "done": 34, "total": 39, "failed": 0, "started_at": null, "last_update": "2026-10-02T15:46:31.256243+00:00", "eta_minutes": null}
{"at": "2026-10-02T15:46:31.258569+00:00", "event": "confirmatory_target_finished", "dataset": "baf", "method": "dna_v1_conservative", "target": 34}
{"stage": "A2_confirmatory", "dataset": "baf", "method": "dna_v1_conservative", "done": 35, "total": 39, "failed": 0, "started_at": null, "last_update": "2026-10-02T15:46:31.258673+00:00", "eta_minutes": null}
{"at": "2026-10-02T15:46:31.260669+00:00", "event": "confirmatory_target_finished", "dataset": "baf", "method": "dna_v1_conservative", "target": 35}
{"stage": "A2_confirmatory", "dataset": "baf", "method": "dna_v1_conservative", "done": 36, "total": 39, "failed": 0, "started_at": null, "last_update": "2026-10-02T15:46:31.260745+00:00", "eta_minutes": null}
{"at": "2026-10-02T15:46:31.263192+00:00", "event": "confirmatory_target_finished", "dataset": "baf", "method": "dna_v1_conservative", "target": 36}
{"stage": "A2_confirmatory", "dataset": "baf", "method": "dna_v1_conservative", "done": 37, "total": 39, "failed": 0, "started_at": null, "last_update": "2026-10-02T15:46:31.263273+00:00", "eta_minutes": null}
{"at": "2026-10-02T15:46:31.265734+00:00", "event": "confirmatory_target_finished", "dataset": "baf", "method": "dna_v1_conservative", "target": 37}
{"stage": "A2_confirmatory", "dataset": "baf", "method": "dna_v1_conservative", "done": 38, "total": 39, "failed": 0, "started_at": null, "last_update": "2026-10-02T15:46:31.265811+00:00", "eta_minutes": null}
{"at": "2026-10-02T15:46:31.268188+00:00", "event": "confirmatory_target_finished", "dataset": "baf", "method": "dna_v1_conservative", "target": 38}
{"stage": "A2_confirmatory", "dataset": "baf", "method": "dna_v1_conservative", "done": 39, "total": 39, "failed": 0, "started_at": null, "last_update": "2026-10-02T15:46:31.268263+00:00", "eta_minutes": null}
{"at": "2026-10-02T15:46:31.274333+00:00", "event": "confirmatory_target_finished", "dataset": "baf", "method": "dna_v2_0p95", "target": 0}
{"stage": "A2_confirmatory", "dataset": "baf", "method": "dna_v2_0p95", "done": 1, "total": 39, "failed": 0, "started_at": null, "last_update": "2026-10-02T15:46:31.274405+00:00", "eta_minutes": null}
{"at": "2026-10-02T15:46:31.279917+00:00", "event": "confirmatory_target_finished", "dataset": "baf", "method": "dna_v2_0p95", "target": 1}
{"stage": "A2_confirmatory", "dataset": "baf", "method": "dna_v2_0p95", "done": 2, "total": 39, "failed": 0, "started_at": null, "last_update": "2026-10-02T15:46:31.279982+00:00", "eta_minutes": null}
{"at": "2026-10-02T15:46:31.285604+00:00", "event": "confirmatory_target_finished", "dataset": "baf", "method": "dna_v2_0p95", "target": 2}
{"stage": "A2_confirmatory", "dataset": "baf", "method": "dna_v2_0p95", "done": 3, "total": 39, "failed": 0, "started_at": null, "last_update": "2026-10-02T15:46:31.285685+00:00", "eta_minutes": null}
{"at": "2026-10-02T15:46:31.291294+00:00", "event": "confirmatory_target_finished", "dataset": "baf", "method": "dna_v2_0p95", "target": 3}
{"stage": "A2_confirmatory", "dataset": "baf", "method": "dna_v2_0p95", "done": 4, "total": 39, "failed": 0, "started_at": null, "last_update": "2026-10-02T15:46:31.291377+00:00", "eta_minutes": null}
{"at": "2026-10-02T15:46:31.296678+00:00", "event": "confirmatory_target_finished", "dataset": "baf", "method": "dna_v2_0p95", "target": 4}
{"stage": "A2_confirmatory", "dataset": "baf", "method": "dna_v2_0p95", "done": 5, "total": 39, "failed": 0, "started_at": null, "last_update": "2026-10-02T15:46:31.296755+00:00", "eta_minutes": null}
{"at": "2026-10-02T15:46:31.302976+00:00", "event": "confirmatory_target_finished", "dataset": "baf", "method": "dna_v2_0p95", "target": 5}
{"stage": "A2_confirmatory", "dataset": "baf", "method": "dna_v2_0p95", "done": 6, "total": 39, "failed": 0, "started_at": null, "last_update": "2026-10-02T15:46:31.303100+00:00", "eta_minutes": null}
{"at": "2026-10-02T15:46:31.308887+00:00", "event": "confirmatory_target_finished", "dataset": "baf", "method": "dna_v2_0p95", "target": 6}
{"stage": "A2_confirmatory", "dataset": "baf", "method": "dna_v2_0p95", "done": 7, "total": 39, "failed": 0, "started_at": null, "last_update": "2026-10-02T15:46:31.308974+00:00", "eta_minutes": null}
{"at": "2026-10-02T15:46:31.314692+00:00", "event": "confirmatory_target_finished", "dataset": "baf", "method": "dna_v2_0p95", "target": 7}
{"stage": "A2_confirmatory", "dataset": "baf", "method": "dna_v2_0p95", "done": 8, "total": 39, "failed": 0, "started_at": null, "last_update": "2026-10-02T15:46:31.314770+00:00", "eta_minutes": null}
{"at": "2026-10-02T15:46:31.319720+00:00", "event": "confirmatory_target_finished", "dataset": "baf", "method": "dna_v2_0p95", "target": 8}
{"stage": "A2_confirmatory", "dataset": "baf", "method": "dna_v2_0p95", "done": 9, "total": 39, "failed": 0, "started_at": null, "last_update": "2026-10-02T15:46:31.319861+00:00", "eta_minutes": null}
{"at": "2026-10-02T15:46:31.325681+00:00", "event": "confirmatory_target_finished", "dataset": "baf", "method": "dna_v2_0p95", "target": 9}
{"stage": "A2_confirmatory", "dataset": "baf", "method": "dna_v2_0p95", "done": 10, "total": 39, "failed": 0, "started_at": null, "last_update": "2026-10-02T15:46:31.325756+00:00", "eta_minutes": null}
{"at": "2026-10-02T15:46:31.331396+00:00", "event": "confirmatory_target_finished", "dataset": "baf", "method": "dna_v2_0p95", "target": 10}
{"stage": "A2_confirmatory", "dataset": "baf", "method": "dna_v2_0p95", "done": 11, "total": 39, "failed": 0, "started_at": null, "last_update": "2026-10-02T15:46:31.331474+00:00", "eta_minutes": null}
{"at": "2026-10-02T15:46:31.337171+00:00", "event": "confirmatory_target_finished", "dataset": "baf", "method": "dna_v2_0p95", "target": 11}
{"stage": "A2_confirmatory", "dataset": "baf", "method": "dna_v2_0p95", "done": 12, "total": 39, "failed": 0, "started_at": null, "last_update": "2026-10-02T15:46:31.337241+00:00", "eta_minutes": null}
{"at": "2026-10-02T15:46:31.342596+00:00", "event": "confirmatory_target_finished", "dataset": "baf", "method": "dna_v2_0p95", "target": 12}
{"stage": "A2_confirmatory", "dataset": "baf", "method": "dna_v2_0p95", "done": 13, "total": 39, "failed": 0, "started_at": null, "last_update": "2026-10-02T15:46:31.342678+00:00", "eta_minutes": null}
{"at": "2026-10-02T15:46:31.348720+00:00", "event": "confirmatory_target_finished", "dataset": "baf", "method": "dna_v2_0p95", "target": 13}
{"stage": "A2_confirmatory", "dataset": "baf", "method": "dna_v2_0p95", "done": 14, "total": 39, "failed": 0, "started_at": null, "last_update": "2026-10-02T15:46:31.348786+00:00", "eta_minutes": null}
{"at": "2026-10-02T15:46:31.355073+00:00", "event": "confirmatory_target_finished", "dataset": "baf", "method": "dna_v2_0p95", "target": 14}
{"stage": "A2_confirmatory", "dataset": "baf", "method": "dna_v2_0p95", "done": 15, "total": 39, "failed": 0, "started_at": null, "last_update": "2026-10-02T15:46:31.355148+00:00", "eta_minutes": null}
{"at": "2026-10-02T15:46:31.360186+00:00", "event": "confirmatory_target_finished", "dataset": "baf", "method": "dna_v2_0p95", "target": 15}
{"stage": "A2_confirmatory", "dataset": "baf", "method": "dna_v2_0p95", "done": 16, "total": 39, "failed": 0, "started_at": null, "last_update": "2026-10-02T15:46:31.360250+00:00", "eta_minutes": null}
{"at": "2026-10-02T15:46:31.365860+00:00", "event": "confirmatory_target_finished", "dataset": "baf", "method": "dna_v2_0p95", "target": 16}
{"stage": "A2_confirmatory", "dataset": "baf", "method": "dna_v2_0p95", "done": 17, "total": 39, "failed": 0, "started_at": null, "last_update": "2026-10-02T15:46:31.365954+00:00", "eta_minutes": null}
{"at": "2026-10-02T15:46:31.371713+00:00", "event": "confirmatory_target_finished", "dataset": "baf", "method": "dna_v2_0p95", "target": 17}
{"stage": "A2_confirmatory", "dataset": "baf", "method": "dna_v2_0p95", "done": 18, "total": 39, "failed": 0, "started_at": null, "last_update": "2026-10-02T15:46:31.371785+00:00", "eta_minutes": null}
{"at": "2026-10-02T15:46:31.377763+00:00", "event": "confirmatory_target_finished", "dataset": "baf", "method": "dna_v2_0p95", "target": 18}
{"stage": "A2_confirmatory", "dataset": "baf", "method": "dna_v2_0p95", "done": 19, "total": 39, "failed": 0, "started_at": null, "last_update": "2026-10-02T15:46:31.377840+00:00", "eta_minutes": null}
{"at": "2026-10-02T15:46:31.383937+00:00", "event": "confirmatory_target_finished", "dataset": "baf", "method": "dna_v2_0p95", "target": 19}
{"stage": "A2_confirmatory", "dataset": "baf", "method": "dna_v2_0p95", "done": 20, "total": 39, "failed": 0, "started_at": null, "last_update": "2026-10-02T15:46:31.384017+00:00", "eta_minutes": null}
{"at": "2026-10-02T15:46:31.389904+00:00", "event": "confirmatory_target_finished", "dataset": "baf", "method": "dna_v2_0p95", "target": 20}
{"stage": "A2_confirmatory", "dataset": "baf", "method": "dna_v2_0p95", "done": 21, "total": 39, "failed": 0, "started_at": null, "last_update": "2026-10-02T15:46:31.389981+00:00", "eta_minutes": null}
{"at": "2026-10-02T15:46:31.395714+00:00", "event": "confirmatory_target_finished", "dataset": "baf", "method": "dna_v2_0p95", "target": 21}
{"stage": "A2_confirmatory", "dataset": "baf", "method": "dna_v2_0p95", "done": 22, "total": 39, "failed": 0, "started_at": null, "last_update": "2026-10-02T15:46:31.395791+00:00", "eta_minutes": null}
{"at": "2026-10-02T15:46:31.401512+00:00", "event": "confirmatory_target_finished", "dataset": "baf", "method": "dna_v2_0p95", "target": 22}
{"stage": "A2_confirmatory", "dataset": "baf", "method": "dna_v2_0p95", "done": 23, "total": 39, "failed": 0, "started_at": null, "last_update": "2026-10-02T15:46:31.401609+00:00", "eta_minutes": null}
{"at": "2026-10-02T15:46:31.407210+00:00", "event": "confirmatory_target_finished", "dataset": "baf", "method": "dna_v2_0p95", "target": 23}
{"stage": "A2_confirmatory", "dataset": "baf", "method": "dna_v2_0p95", "done": 24, "total": 39, "failed": 0, "started_at": null, "last_update": "2026-10-02T15:46:31.407289+00:00", "eta_minutes": null}
{"at": "2026-10-02T15:46:31.412297+00:00", "event": "confirmatory_target_finished", "dataset": "baf", "method": "dna_v2_0p95", "target": 24}
{"stage": "A2_confirmatory", "dataset": "baf", "method": "dna_v2_0p95", "done": 25, "total": 39, "failed": 0, "started_at": null, "last_update": "2026-10-02T15:46:31.412373+00:00", "eta_minutes": null}
{"at": "2026-10-02T15:46:31.417950+00:00", "event": "confirmatory_target_finished", "dataset": "baf", "method": "dna_v2_0p95", "target": 25}
{"stage": "A2_confirmatory", "dataset": "baf", "method": "dna_v2_0p95", "done": 26, "total": 39, "failed": 0, "started_at": null, "last_update": "2026-10-02T15:46:31.418028+00:00", "eta_minutes": null}
{"at": "2026-10-02T15:46:31.424208+00:00", "event": "confirmatory_target_finished", "dataset": "baf", "method": "dna_v2_0p95", "target": 26}
{"stage": "A2_confirmatory", "dataset": "baf", "method": "dna_v2_0p95", "done": 27, "total": 39, "failed": 0, "started_at": null, "last_update": "2026-10-02T15:46:31.424287+00:00", "eta_minutes": null}
{"at": "2026-10-02T15:46:31.429436+00:00", "event": "confirmatory_target_finished", "dataset": "baf", "method": "dna_v2_0p95", "target": 27}
{"stage": "A2_confirmatory", "dataset": "baf", "method": "dna_v2_0p95", "done": 28, "total": 39, "failed": 0, "started_at": null, "last_update": "2026-10-02T15:46:31.429568+00:00", "eta_minutes": null}
{"at": "2026-10-02T15:46:31.435547+00:00", "event": "confirmatory_target_finished", "dataset": "baf", "method": "dna_v2_0p95", "target": 28}
{"stage": "A2_confirmatory", "dataset": "baf", "method": "dna_v2_0p95", "done": 29, "total": 39, "failed": 0, "started_at": null, "last_update": "2026-10-02T15:46:31.435667+00:00", "eta_minutes": null}
{"at": "2026-10-02T15:46:31.441060+00:00", "event": "confirmatory_target_finished", "dataset": "baf", "method": "dna_v2_0p95", "target": 29}
{"stage": "A2_confirmatory", "dataset": "baf", "method": "dna_v2_0p95", "done": 30, "total": 39, "failed": 0, "started_at": null, "last_update": "2026-10-02T15:46:31.441133+00:00", "eta_minutes": null}
{"at": "2026-10-02T15:46:31.446469+00:00", "event": "confirmatory_target_finished", "dataset": "baf", "method": "dna_v2_0p95", "target": 30}
{"stage": "A2_confirmatory", "dataset": "baf", "method": "dna_v2_0p95", "done": 31, "total": 39, "failed": 0, "started_at": null, "last_update": "2026-10-02T15:46:31.446553+00:00", "eta_minutes": null}
{"at": "2026-10-02T15:46:31.452436+00:00", "event": "confirmatory_target_finished", "dataset": "baf", "method": "dna_v2_0p95", "target": 31}
{"stage": "A2_confirmatory", "dataset": "baf", "method": "dna_v2_0p95", "done": 32, "total": 39, "failed": 0, "started_at": null, "last_update": "2026-10-02T15:46:31.452521+00:00", "eta_minutes": null}
{"at": "2026-10-02T15:46:31.458973+00:00", "event": "confirmatory_target_finished", "dataset": "baf", "method": "dna_v2_0p95", "target": 32}
{"stage": "A2_confirmatory", "dataset": "baf", "method": "dna_v2_0p95", "done": 33, "total": 39, "failed": 0, "started_at": null, "last_update": "2026-10-02T15:46:31.459081+00:00", "eta_minutes": null}
{"at": "2026-10-02T15:46:31.465052+00:00", "event": "confirmatory_target_finished", "dataset": "baf", "method": "dna_v2_0p95", "target": 33}
{"stage": "A2_confirmatory", "dataset": "baf", "method": "dna_v2_0p95", "done": 34, "total": 39, "failed": 0, "started_at": null, "last_update": "2026-10-02T15:46:31.465130+00:00", "eta_minutes": null}
{"at": "2026-10-02T15:46:31.470855+00:00", "event": "confirmatory_target_finished", "dataset": "baf", "method": "dna_v2_0p95", "target": 34}
{"stage": "A2_confirmatory", "dataset": "baf", "method": "dna_v2_0p95", "done": 35, "total": 39, "failed": 0, "started_at": null, "last_update": "2026-10-02T15:46:31.470930+00:00", "eta_minutes": null}
{"at": "2026-10-02T15:46:31.476509+00:00", "event": "confirmatory_target_finished", "dataset": "baf", "method": "dna_v2_0p95", "target": 35}
{"stage": "A2_confirmatory", "dataset": "baf", "method": "dna_v2_0p95", "done": 36, "total": 39, "failed": 0, "started_at": null, "last_update": "2026-10-02T15:46:31.476581+00:00", "eta_minutes": null}
{"at": "2026-10-02T15:46:31.481784+00:00", "event": "confirmatory_target_finished", "dataset": "baf", "method": "dna_v2_0p95", "target": 36}
{"stage": "A2_confirmatory", "dataset": "baf", "method": "dna_v2_0p95", "done": 37, "total": 39, "failed": 0, "started_at": null, "last_update": "2026-10-02T15:46:31.481874+00:00", "eta_minutes": null}
{"at": "2026-10-02T15:46:31.487500+00:00", "event": "confirmatory_target_finished", "dataset": "baf", "method": "dna_v2_0p95", "target": 37}
{"stage": "A2_confirmatory", "dataset": "baf", "method": "dna_v2_0p95", "done": 38, "total": 39, "failed": 0, "started_at": null, "last_update": "2026-10-02T15:46:31.487580+00:00", "eta_minutes": null}
{"at": "2026-10-02T15:46:31.493339+00:00", "event": "confirmatory_target_finished", "dataset": "baf", "method": "dna_v2_0p95", "target": 38}
{"stage": "A2_confirmatory", "dataset": "baf", "method": "dna_v2_0p95", "done": 39, "total": 39, "failed": 0, "started_at": null, "last_update": "2026-10-02T15:46:31.493428+00:00", "eta_minutes": null}
{"stage": "complete_with_explicit_NOT_ASSESSABLE_cells", "dataset": "all", "method": "all", "done": 133, "total": 133, "failed": 32, "started_at": "2026-10-02T15:07:58.249632+00:00", "last_update": "2026-10-02T15:55:54.647448+00:00", "eta_minutes": 0, "scientific_result_jobs": 133, "scientific_training_gate_failures": 32, "earlier_pre_training_infrastructure_failures": 21}
{"stage": "server_receipt_contract_replay", "dataset": "baf", "method": "dna_v1_conservative", "done": 1, "total": 78, "failed": 0, "started_at": null, "last_update": "2026-10-02T16:00:11.851404+00:00", "eta_minutes": null}
{"stage": "server_receipt_contract_replay", "dataset": "baf", "method": "dna_v1_conservative", "done": 2, "total": 78, "failed": 0, "started_at": null, "last_update": "2026-10-02T16:00:11.853749+00:00", "eta_minutes": null}
{"stage": "server_receipt_contract_replay", "dataset": "baf", "method": "dna_v1_conservative", "done": 3, "total": 78, "failed": 0, "started_at": null, "last_update": "2026-10-02T16:00:11.855774+00:00", "eta_minutes": null}
{"stage": "server_receipt_contract_replay", "dataset": "baf", "method": "dna_v1_conservative", "done": 4, "total": 78, "failed": 0, "started_at": null, "last_update": "2026-10-02T16:00:11.858096+00:00", "eta_minutes": null}
{"stage": "server_receipt_contract_replay", "dataset": "baf", "method": "dna_v1_conservative", "done": 5, "total": 78, "failed": 0, "started_at": null, "last_update": "2026-10-02T16:00:11.859868+00:00", "eta_minutes": null}
{"stage": "server_receipt_contract_replay", "dataset": "baf", "method": "dna_v1_conservative", "done": 6, "total": 78, "failed": 0, "started_at": null, "last_update": "2026-10-02T16:00:11.861836+00:00", "eta_minutes": null}
{"stage": "server_receipt_contract_replay", "dataset": "baf", "method": "dna_v1_conservative", "done": 7, "total": 78, "failed": 0, "started_at": null, "last_update": "2026-10-02T16:00:11.863797+00:00", "eta_minutes": null}
{"stage": "server_receipt_contract_replay", "dataset": "baf", "method": "dna_v1_conservative", "done": 8, "total": 78, "failed": 0, "started_at": null, "last_update": "2026-10-02T16:00:11.865655+00:00", "eta_minutes": null}
{"stage": "server_receipt_contract_replay", "dataset": "baf", "method": "dna_v1_conservative", "done": 9, "total": 78, "failed": 0, "started_at": null, "last_update": "2026-10-02T16:00:11.867685+00:00", "eta_minutes": null}
{"stage": "server_receipt_contract_replay", "dataset": "baf", "method": "dna_v1_conservative", "done": 10, "total": 78, "failed": 0, "started_at": null, "last_update": "2026-10-02T16:00:11.870089+00:00", "eta_minutes": null}
{"stage": "server_receipt_contract_replay", "dataset": "baf", "method": "dna_v1_conservative", "done": 11, "total": 78, "failed": 0, "started_at": null, "last_update": "2026-10-02T16:00:11.872095+00:00", "eta_minutes": null}
{"stage": "server_receipt_contract_replay", "dataset": "baf", "method": "dna_v1_conservative", "done": 12, "total": 78, "failed": 0, "started_at": null, "last_update": "2026-10-02T16:00:11.874113+00:00", "eta_minutes": null}
{"stage": "server_receipt_contract_replay", "dataset": "baf", "method": "dna_v1_conservative", "done": 13, "total": 78, "failed": 0, "started_at": null, "last_update": "2026-10-02T16:00:11.876521+00:00", "eta_minutes": null}
{"stage": "server_receipt_contract_replay", "dataset": "baf", "method": "dna_v1_conservative", "done": 14, "total": 78, "failed": 0, "started_at": null, "last_update": "2026-10-02T16:00:11.878722+00:00", "eta_minutes": null}
{"stage": "server_receipt_contract_replay", "dataset": "baf", "method": "dna_v1_conservative", "done": 15, "total": 78, "failed": 0, "started_at": null, "last_update": "2026-10-02T16:00:11.880974+00:00", "eta_minutes": null}
{"stage": "server_receipt_contract_replay", "dataset": "baf", "method": "dna_v1_conservative", "done": 16, "total": 78, "failed": 0, "started_at": null, "last_update": "2026-10-02T16:00:11.882615+00:00", "eta_minutes": null}
{"stage": "server_receipt_contract_replay", "dataset": "baf", "method": "dna_v1_conservative", "done": 17, "total": 78, "failed": 0, "started_at": null, "last_update": "2026-10-02T16:00:11.884726+00:00", "eta_minutes": null}
{"stage": "server_receipt_contract_replay", "dataset": "baf", "method": "dna_v1_conservative", "done": 18, "total": 78, "failed": 0, "started_at": null, "last_update": "2026-10-02T16:00:11.886816+00:00", "eta_minutes": null}
{"stage": "server_receipt_contract_replay", "dataset": "baf", "method": "dna_v1_conservative", "done": 19, "total": 78, "failed": 0, "started_at": null, "last_update": "2026-10-02T16:00:11.888945+00:00", "eta_minutes": null}
{"stage": "server_receipt_contract_replay", "dataset": "baf", "method": "dna_v1_conservative", "done": 20, "total": 78, "failed": 0, "started_at": null, "last_update": "2026-10-02T16:00:11.890811+00:00", "eta_minutes": null}
{"stage": "server_receipt_contract_replay", "dataset": "baf", "method": "dna_v1_conservative", "done": 21, "total": 78, "failed": 0, "started_at": null, "last_update": "2026-10-02T16:00:11.893549+00:00", "eta_minutes": null}
{"stage": "server_receipt_contract_replay", "dataset": "baf", "method": "dna_v1_conservative", "done": 22, "total": 78, "failed": 0, "started_at": null, "last_update": "2026-10-02T16:00:11.895482+00:00", "eta_minutes": null}
{"stage": "server_receipt_contract_replay", "dataset": "baf", "method": "dna_v1_conservative", "done": 23, "total": 78, "failed": 0, "started_at": null, "last_update": "2026-10-02T16:00:11.897376+00:00", "eta_minutes": null}
{"stage": "server_receipt_contract_replay", "dataset": "baf", "method": "dna_v1_conservative", "done": 24, "total": 78, "failed": 0, "started_at": null, "last_update": "2026-10-02T16:00:11.899183+00:00", "eta_minutes": null}
{"stage": "server_receipt_contract_replay", "dataset": "baf", "method": "dna_v1_conservative", "done": 25, "total": 78, "failed": 0, "started_at": null, "last_update": "2026-10-02T16:00:11.901131+00:00", "eta_minutes": null}
{"stage": "server_receipt_contract_replay", "dataset": "baf", "method": "dna_v1_conservative", "done": 26, "total": 78, "failed": 0, "started_at": null, "last_update": "2026-10-02T16:00:11.902980+00:00", "eta_minutes": null}
{"stage": "server_receipt_contract_replay", "dataset": "baf", "method": "dna_v1_conservative", "done": 27, "total": 78, "failed": 0, "started_at": null, "last_update": "2026-10-02T16:00:11.905499+00:00", "eta_minutes": null}
{"stage": "server_receipt_contract_replay", "dataset": "baf", "method": "dna_v1_conservative", "done": 28, "total": 78, "failed": 0, "started_at": null, "last_update": "2026-10-02T16:00:11.907271+00:00", "eta_minutes": null}
{"stage": "server_receipt_contract_replay", "dataset": "baf", "method": "dna_v1_conservative", "done": 29, "total": 78, "failed": 0, "started_at": null, "last_update": "2026-10-02T16:00:11.909763+00:00", "eta_minutes": null}
{"stage": "server_receipt_contract_replay", "dataset": "baf", "method": "dna_v1_conservative", "done": 30, "total": 78, "failed": 0, "started_at": null, "last_update": "2026-10-02T16:00:11.912327+00:00", "eta_minutes": null}
{"stage": "server_receipt_contract_replay", "dataset": "baf", "method": "dna_v1_conservative", "done": 31, "total": 78, "failed": 0, "started_at": null, "last_update": "2026-10-02T16:00:11.914395+00:00", "eta_minutes": null}
{"stage": "server_receipt_contract_replay", "dataset": "baf", "method": "dna_v1_conservative", "done": 32, "total": 78, "failed": 0, "started_at": null, "last_update": "2026-10-02T16:00:11.916336+00:00", "eta_minutes": null}
{"stage": "server_receipt_contract_replay", "dataset": "baf", "method": "dna_v1_conservative", "done": 33, "total": 78, "failed": 0, "started_at": null, "last_update": "2026-10-02T16:00:11.918327+00:00", "eta_minutes": null}
{"stage": "server_receipt_contract_replay", "dataset": "baf", "method": "dna_v1_conservative", "done": 34, "total": 78, "failed": 0, "started_at": null, "last_update": "2026-10-02T16:00:11.920518+00:00", "eta_minutes": null}
{"stage": "server_receipt_contract_replay", "dataset": "baf", "method": "dna_v1_conservative", "done": 35, "total": 78, "failed": 0, "started_at": null, "last_update": "2026-10-02T16:00:11.922679+00:00", "eta_minutes": null}
{"stage": "server_receipt_contract_replay", "dataset": "baf", "method": "dna_v1_conservative", "done": 36, "total": 78, "failed": 0, "started_at": null, "last_update": "2026-10-02T16:00:11.924776+00:00", "eta_minutes": null}
{"stage": "server_receipt_contract_replay", "dataset": "baf", "method": "dna_v1_conservative", "done": 37, "total": 78, "failed": 0, "started_at": null, "last_update": "2026-10-02T16:00:11.926525+00:00", "eta_minutes": null}
{"stage": "server_receipt_contract_replay", "dataset": "baf", "method": "dna_v1_conservative", "done": 38, "total": 78, "failed": 0, "started_at": null, "last_update": "2026-10-02T16:00:11.928190+00:00", "eta_minutes": null}
{"stage": "server_receipt_contract_replay", "dataset": "baf", "method": "dna_v1_conservative", "done": 39, "total": 78, "failed": 0, "started_at": null, "last_update": "2026-10-02T16:00:11.930684+00:00", "eta_minutes": null}
{"stage": "server_receipt_contract_replay", "dataset": "baf", "method": "dna_v2_0p95", "done": 40, "total": 78, "failed": 0, "started_at": null, "last_update": "2026-10-02T16:00:11.958272+00:00", "eta_minutes": null}
{"stage": "server_receipt_contract_replay", "dataset": "baf", "method": "dna_v2_0p95", "done": 41, "total": 78, "failed": 0, "started_at": null, "last_update": "2026-10-02T16:00:11.975926+00:00", "eta_minutes": null}
{"stage": "server_receipt_contract_replay", "dataset": "baf", "method": "dna_v2_0p95", "done": 42, "total": 78, "failed": 0, "started_at": null, "last_update": "2026-10-02T16:00:11.996435+00:00", "eta_minutes": null}
{"stage": "server_receipt_contract_replay", "dataset": "baf", "method": "dna_v2_0p95", "done": 43, "total": 78, "failed": 0, "started_at": null, "last_update": "2026-10-02T16:00:12.026403+00:00", "eta_minutes": null}
{"stage": "server_receipt_contract_replay", "dataset": "baf", "method": "dna_v2_0p95", "done": 44, "total": 78, "failed": 0, "started_at": null, "last_update": "2026-10-02T16:00:12.044150+00:00", "eta_minutes": null}
{"stage": "server_receipt_contract_replay", "dataset": "baf", "method": "dna_v2_0p95", "done": 45, "total": 78, "failed": 0, "started_at": null, "last_update": "2026-10-02T16:00:12.056388+00:00", "eta_minutes": null}
{"stage": "server_receipt_contract_replay", "dataset": "baf", "method": "dna_v2_0p95", "done": 46, "total": 78, "failed": 0, "started_at": null, "last_update": "2026-10-02T16:00:12.070854+00:00", "eta_minutes": null}
{"stage": "server_receipt_contract_replay", "dataset": "baf", "method": "dna_v2_0p95", "done": 47, "total": 78, "failed": 0, "started_at": null, "last_update": "2026-10-02T16:00:12.088502+00:00", "eta_minutes": null}
{"stage": "server_receipt_contract_replay", "dataset": "baf", "method": "dna_v2_0p95", "done": 48, "total": 78, "failed": 0, "started_at": null, "last_update": "2026-10-02T16:00:12.100895+00:00", "eta_minutes": null}
{"stage": "server_receipt_contract_replay", "dataset": "baf", "method": "dna_v2_0p95", "done": 49, "total": 78, "failed": 0, "started_at": null, "last_update": "2026-10-02T16:00:12.112069+00:00", "eta_minutes": null}
{"stage": "server_receipt_contract_replay", "dataset": "baf", "method": "dna_v2_0p95", "done": 50, "total": 78, "failed": 0, "started_at": null, "last_update": "2026-10-02T16:00:12.122253+00:00", "eta_minutes": null}
{"stage": "server_receipt_contract_replay", "dataset": "baf", "method": "dna_v2_0p95", "done": 51, "total": 78, "failed": 0, "started_at": null, "last_update": "2026-10-02T16:00:12.136872+00:00", "eta_minutes": null}
{"stage": "server_receipt_contract_replay", "dataset": "baf", "method": "dna_v2_0p95", "done": 52, "total": 78, "failed": 0, "started_at": null, "last_update": "2026-10-02T16:00:12.162848+00:00", "eta_minutes": null}
{"stage": "server_receipt_contract_replay", "dataset": "baf", "method": "dna_v2_0p95", "done": 53, "total": 78, "failed": 0, "started_at": null, "last_update": "2026-10-02T16:00:12.181834+00:00", "eta_minutes": null}
{"stage": "server_receipt_contract_replay", "dataset": "baf", "method": "dna_v2_0p95", "done": 54, "total": 78, "failed": 0, "started_at": null, "last_update": "2026-10-02T16:00:12.204605+00:00", "eta_minutes": null}
{"stage": "server_receipt_contract_replay", "dataset": "baf", "method": "dna_v2_0p95", "done": 55, "total": 78, "failed": 0, "started_at": null, "last_update": "2026-10-02T16:00:12.221031+00:00", "eta_minutes": null}
{"stage": "server_receipt_contract_replay", "dataset": "baf", "method": "dna_v2_0p95", "done": 56, "total": 78, "failed": 0, "started_at": null, "last_update": "2026-10-02T16:00:12.237721+00:00", "eta_minutes": null}
{"stage": "server_receipt_contract_replay", "dataset": "baf", "method": "dna_v2_0p95", "done": 57, "total": 78, "failed": 0, "started_at": null, "last_update": "2026-10-02T16:00:12.271625+00:00", "eta_minutes": null}
{"stage": "server_receipt_contract_replay", "dataset": "baf", "method": "dna_v2_0p95", "done": 58, "total": 78, "failed": 0, "started_at": null, "last_update": "2026-10-02T16:00:12.282640+00:00", "eta_minutes": null}
{"stage": "server_receipt_contract_replay", "dataset": "baf", "method": "dna_v2_0p95", "done": 59, "total": 78, "failed": 0, "started_at": null, "last_update": "2026-10-02T16:00:12.293106+00:00", "eta_minutes": null}
{"stage": "server_receipt_contract_replay", "dataset": "baf", "method": "dna_v2_0p95", "done": 60, "total": 78, "failed": 0, "started_at": null, "last_update": "2026-10-02T16:00:12.304338+00:00", "eta_minutes": null}
{"stage": "server_receipt_contract_replay", "dataset": "baf", "method": "dna_v2_0p95", "done": 61, "total": 78, "failed": 0, "started_at": null, "last_update": "2026-10-02T16:00:12.324067+00:00", "eta_minutes": null}
{"stage": "server_receipt_contract_replay", "dataset": "baf", "method": "dna_v2_0p95", "done": 62, "total": 78, "failed": 0, "started_at": null, "last_update": "2026-10-02T16:00:12.360816+00:00", "eta_minutes": null}
{"stage": "server_receipt_contract_replay", "dataset": "baf", "method": "dna_v2_0p95", "done": 63, "total": 78, "failed": 0, "started_at": null, "last_update": "2026-10-02T16:00:12.394557+00:00", "eta_minutes": null}
{"stage": "server_receipt_contract_replay", "dataset": "baf", "method": "dna_v2_0p95", "done": 64, "total": 78, "failed": 0, "started_at": null, "last_update": "2026-10-02T16:00:12.429832+00:00", "eta_minutes": null}
{"stage": "server_receipt_contract_replay", "dataset": "baf", "method": "dna_v2_0p95", "done": 65, "total": 78, "failed": 0, "started_at": null, "last_update": "2026-10-02T16:00:12.445635+00:00", "eta_minutes": null}
{"stage": "server_receipt_contract_replay", "dataset": "baf", "method": "dna_v2_0p95", "done": 66, "total": 78, "failed": 0, "started_at": null, "last_update": "2026-10-02T16:00:12.475698+00:00", "eta_minutes": null}
{"stage": "server_receipt_contract_replay", "dataset": "baf", "method": "dna_v2_0p95", "done": 67, "total": 78, "failed": 0, "started_at": null, "last_update": "2026-10-02T16:00:12.484498+00:00", "eta_minutes": null}
{"stage": "server_receipt_contract_replay", "dataset": "baf", "method": "dna_v2_0p95", "done": 68, "total": 78, "failed": 0, "started_at": null, "last_update": "2026-10-02T16:00:12.513915+00:00", "eta_minutes": null}
{"stage": "server_receipt_contract_replay", "dataset": "baf", "method": "dna_v2_0p95", "done": 69, "total": 78, "failed": 0, "started_at": null, "last_update": "2026-10-02T16:00:12.524027+00:00", "eta_minutes": null}
{"stage": "server_receipt_contract_replay", "dataset": "baf", "method": "dna_v2_0p95", "done": 70, "total": 78, "failed": 0, "started_at": null, "last_update": "2026-10-02T16:00:12.548216+00:00", "eta_minutes": null}
{"stage": "server_receipt_contract_replay", "dataset": "baf", "method": "dna_v2_0p95", "done": 71, "total": 78, "failed": 0, "started_at": null, "last_update": "2026-10-02T16:00:12.572553+00:00", "eta_minutes": null}
{"stage": "server_receipt_contract_replay", "dataset": "baf", "method": "dna_v2_0p95", "done": 72, "total": 78, "failed": 0, "started_at": null, "last_update": "2026-10-02T16:00:12.608515+00:00", "eta_minutes": null}
{"stage": "server_receipt_contract_replay", "dataset": "baf", "method": "dna_v2_0p95", "done": 73, "total": 78, "failed": 0, "started_at": null, "last_update": "2026-10-02T16:00:12.632445+00:00", "eta_minutes": null}
{"stage": "server_receipt_contract_replay", "dataset": "baf", "method": "dna_v2_0p95", "done": 74, "total": 78, "failed": 0, "started_at": null, "last_update": "2026-10-02T16:00:12.641391+00:00", "eta_minutes": null}
{"stage": "server_receipt_contract_replay", "dataset": "baf", "method": "dna_v2_0p95", "done": 75, "total": 78, "failed": 0, "started_at": null, "last_update": "2026-10-02T16:00:12.660166+00:00", "eta_minutes": null}
{"stage": "server_receipt_contract_replay", "dataset": "baf", "method": "dna_v2_0p95", "done": 76, "total": 78, "failed": 0, "started_at": null, "last_update": "2026-10-02T16:00:12.672432+00:00", "eta_minutes": null}
{"stage": "server_receipt_contract_replay", "dataset": "baf", "method": "dna_v2_0p95", "done": 77, "total": 78, "failed": 0, "started_at": null, "last_update": "2026-10-02T16:00:12.714414+00:00", "eta_minutes": null}
{"stage": "server_receipt_contract_replay", "dataset": "baf", "method": "dna_v2_0p95", "done": 78, "total": 78, "failed": 0, "started_at": null, "last_update": "2026-10-02T16:00:12.745763+00:00", "eta_minutes": null}
{"stage": "complete_with_explicit_NOT_ASSESSABLE_cells", "dataset": "all", "method": "all", "done": 211, "total": 211, "failed": 32, "started_at": "2026-10-02T15:07:58.249632+00:00", "last_update": "2026-10-02T16:02:37.476002+00:00", "eta_minutes": 0, "initial_scientific_result_jobs": 133, "same_target_receipt_replays": 78, "scientific_training_gate_failures": 32, "earlier_pre_training_infrastructure_failures": 21}
