{"stage": "4_repaired_RQ2", "dataset": "all", "method": "all", "done": 0, "total": 126, "failed": 0, "started_at": "2026-10-02T09:53:10.683058+00:00", "last_update": "2026-10-02T09:53:10.683274+00:00", "eta_minutes": null}
{"stage": "4_repaired_RQ2", "dataset": "baf", "method": "dna_v1_conservative", "done": 1, "total": 126, "failed": 0, "started_at": "2026-10-02T09:53:10.683058+00:00", "last_update": "2026-10-02T09:55:20.500346+00:00", "eta_minutes": 270.45270403226215}
{"stage": "4_repaired_RQ2", "dataset": "ieee_cis", "method": "dna_v2_0p95", "done": 2, "total": 126, "failed": 0, "started_at": "2026-10-02T09:53:10.683058+00:00", "last_update": "2026-10-02T09:55:30.709367+00:00", "eta_minutes": 144.69386274814605}
{"stage": "4_repaired_RQ2", "dataset": "baf", "method": "dna_v1_conservative", "done": 3, "total": 126, "failed": 0, "started_at": "2026-10-02T09:53:10.683058+00:00", "last_update": "2026-10-02T09:55:35.963246+00:00", "eta_minutes": 99.27479910055796}
{"stage": "4_repaired_RQ2", "dataset": "ieee_cis", "method": "dna_v2_0p95", "done": 4, "total": 126, "failed": 0, "started_at": "2026-10-02T09:53:10.683058+00:00", "last_update": "2026-10-02T09:55:48.173689+00:00", "eta_minutes": 80.05774038632711}
{"stage": "4_repaired_RQ2", "dataset": "baf", "method": "dna_v1_conservative", "done": 5, "total": 126, "failed": 0, "started_at": "2026-10-02T09:53:10.683058+00:00", "last_update": "2026-10-02T09:57:23.683027+00:00", "eta_minutes": 102.04332362095514}
{"stage": "4_repaired_RQ2", "dataset": "baf", "method": "dna_v1_conservative", "done": 6, "total": 126, "failed": 0, "started_at": "2026-10-02T09:53:10.683058+00:00", "last_update": "2026-10-02T09:57:37.411655+00:00", "eta_minutes": 88.90953461329143}
{"stage": "4_repaired_RQ2", "dataset": "baf", "method": "dna_v2_0p95", "done": 7, "total": 126, "failed": 0, "started_at": "2026-10-02T09:53:10.683058+00:00", "last_update": "2026-10-02T09:57:55.630839+00:00", "eta_minutes": 80.73520653247833}
{"stage": "4_repaired_RQ2", "dataset": "paysim", "method": "dna_v2_0p95", "done": 8, "total": 126, "failed": 0, "started_at": "2026-10-02T09:53:10.683058+00:00", "last_update": "2026-10-02T09:58:01.089632+00:00", "eta_minutes": 71.39161757628123}
{"stage": "4_repaired_RQ2", "dataset": "ieee_cis", "method": "dna_v2_0p95", "done": 9, "total": 126, "failed": 0, "started_at": "2026-10-02T09:53:10.683058+00:00", "last_update": "2026-10-02T09:59:41.682085+00:00", "eta_minutes": 84.71645890076955}
{"stage": "4_repaired_RQ2", "dataset": "ieee_cis", "method": "dna_v2_0p95", "done": 10, "total": 126, "failed": 0, "started_at": "2026-10-02T09:53:10.683058+00:00", "last_update": "2026-10-02T09:59:53.566554+00:00", "eta_minutes": 77.89081052621205}
{"stage": "4_repaired_RQ2", "dataset": "baf", "method": "dna_v2_0p95", "done": 11, "total": 126, "failed": 0, "started_at": "2026-10-02T09:53:10.683058+00:00", "last_update": "2026-10-02T10:00:15.978577+00:00", "eta_minutes": 74.10452326680675}
{"stage": "4_repaired_RQ2", "dataset": "paysim", "method": "dna_v1_conservative", "done": 12, "total": 126, "failed": 0, "started_at": "2026-10-02T09:53:10.683058+00:00", "last_update": "2026-10-02T10:00:18.022683+00:00", "eta_minutes": 67.6621083676815}
{"stage": "4_repaired_RQ2", "dataset": "paysim", "method": "dna_v1_conservative", "done": 13, "total": 126, "failed": 0, "started_at": "2026-10-02T09:53:10.683058+00:00", "last_update": "2026-10-02T10:01:54.175619+00:00", "eta_minutes": 75.83930775783001}
{"stage": "4_repaired_RQ2", "dataset": "ieee_cis", "method": "dna_v2_0p95", "done": 14, "total": 126, "failed": 0, "started_at": "2026-10-02T09:53:10.683058+00:00", "last_update": "2026-10-02T10:01:57.401328+00:00", "eta_minutes": 70.22910356521606}
{"stage": "4_repaired_RQ2", "dataset": "baf", "method": "dna_v2_0p95", "done": 15, "total": 126, "failed": 0, "started_at": "2026-10-02T09:53:10.683058+00:00", "last_update": "2026-10-02T10:02:35.081846+00:00", "eta_minutes": 69.60918470303218}
{"stage": "4_repaired_RQ2", "dataset": "baf", "method": "dna_v2_0p95", "done": 16, "total": 126, "failed": 0, "started_at": "2026-10-02T09:53:10.683058+00:00", "last_update": "2026-10-02T10:02:37.963272+00:00", "eta_minutes": 65.00085865457852}
{"stage": "4_repaired_RQ2", "dataset": "baf", "method": "dna_v2_0p95", "done": 17, "total": 126, "failed": 0, "started_at": "2026-10-02T09:53:10.683058+00:00", "last_update": "2026-10-02T10:04:00.814205+00:00", "eta_minutes": 69.47480061194477}
{"stage": "4_repaired_RQ2", "dataset": "ieee_cis", "method": "dna_v2_0p95", "done": 18, "total": 126, "failed": 0, "started_at": "2026-10-02T09:53:10.683058+00:00", "last_update": "2026-10-02T10:04:11.682416+00:00", "eta_minutes": 66.09993648529053}
{"stage": "4_repaired_RQ2", "dataset": "paysim", "method": "dna_v1_conservative", "done": 19, "total": 126, "failed": 0, "started_at": "2026-10-02T09:53:10.683058+00:00", "last_update": "2026-10-02T10:04:48.700026+00:00", "eta_minutes": 65.51562823642764}
{"stage": "4_repaired_RQ2", "dataset": "paysim", "method": "dna_v2_0p95", "done": 20, "total": 126, "failed": 0, "started_at": "2026-10-02T09:53:10.683058+00:00", "last_update": "2026-10-02T10:04:51.781199+00:00", "eta_minutes": 61.93033639510473}
{"stage": "4_repaired_RQ2", "dataset": "baf", "method": "dna_v1_conservative", "done": 21, "total": 126, "failed": 0, "started_at": "2026-10-02T09:53:10.683058+00:00", "last_update": "2026-10-02T10:06:05.811242+00:00", "eta_minutes": 64.59401591618855}
{"stage": "4_repaired_RQ2", "dataset": "baf", "method": "dna_v2_0p95", "done": 22, "total": 126, "failed": 0, "started_at": "2026-10-02T09:53:10.683058+00:00", "last_update": "2026-10-02T10:06:16.715577+00:00", "eta_minutes": 61.92983568364923}
{"stage": "4_repaired_RQ2", "dataset": "paysim", "method": "dna_v1_conservative", "done": 23, "total": 126, "failed": 0, "started_at": "2026-10-02T09:53:10.683058+00:00", "last_update": "2026-10-02T10:07:03.795081+00:00", "eta_minutes": 62.18155004960904}
{"stage": "4_repaired_RQ2", "dataset": "baf", "method": "dna_v2_0p95", "done": 24, "total": 126, "failed": 0, "started_at": "2026-10-02T09:53:10.683058+00:00", "last_update": "2026-10-02T10:07:12.929989+00:00", "eta_minutes": 59.65915802319844}
{"stage": "4_repaired_RQ2", "dataset": "paysim", "method": "dna_v2_0p95", "done": 25, "total": 126, "failed": 0, "started_at": "2026-10-02T09:53:10.683058+00:00", "last_update": "2026-10-02T10:08:13.478000+00:00", "eta_minutes": 60.78819342899323}
{"stage": "4_repaired_RQ2", "dataset": "ieee_cis", "method": "dna_v1_conservative", "done": 26, "total": 126, "failed": 0, "started_at": "2026-10-02T09:53:10.683058+00:00", "last_update": "2026-10-02T10:08:31.760763+00:00", "eta_minutes": 59.04344306542323}
{"stage": "4_repaired_RQ2", "dataset": "baf", "method": "dna_v2_0p95", "done": 27, "total": 126, "failed": 0, "started_at": "2026-10-02T09:53:10.683058+00:00", "last_update": "2026-10-02T10:09:26.002852+00:00", "eta_minutes": 59.60287677711911}
{"stage": "4_repaired_RQ2", "dataset": "ieee_cis", "method": "dna_v1_conservative", "done": 28, "total": 126, "failed": 0, "started_at": "2026-10-02T09:53:10.683058+00:00", "last_update": "2026-10-02T10:09:57.264183+00:00", "eta_minutes": 58.71723268230756}
{"stage": "4_repaired_RQ2", "dataset": "baf", "method": "dna_v1_conservative", "done": 29, "total": 126, "failed": 0, "started_at": "2026-10-02T09:53:10.683058+00:00", "last_update": "2026-10-02T10:10:21.948058+00:00", "eta_minutes": 57.49006072282791}
{"stage": "4_repaired_RQ2", "dataset": "ieee_cis", "method": "dna_v2_0p95", "done": 30, "total": 126, "failed": 0, "started_at": "2026-10-02T09:53:10.683058+00:00", "last_update": "2026-10-02T10:10:49.171777+00:00", "eta_minutes": 56.452732048034676}
{"stage": "4_repaired_RQ2", "dataset": "ieee_cis", "method": "dna_v1_conservative", "done": 31, "total": 126, "failed": 0, "started_at": "2026-10-02T09:53:10.683058+00:00", "last_update": "2026-10-02T10:12:08.426290+00:00", "eta_minutes": 58.11054182180794}
{"stage": "4_repaired_RQ2", "dataset": "paysim", "method": "dna_v2_0p95", "done": 32, "total": 126, "failed": 0, "started_at": "2026-10-02T09:53:10.683058+00:00", "last_update": "2026-10-02T10:12:10.428423+00:00", "eta_minutes": 55.800033828616144}
{"stage": "4_repaired_RQ2", "dataset": "paysim", "method": "dna_v1_conservative", "done": 33, "total": 126, "failed": 0, "started_at": "2026-10-02T09:53:10.683058+00:00", "last_update": "2026-10-02T10:12:19.423372+00:00", "eta_minutes": 53.955984725735405}
{"stage": "4_repaired_RQ2", "dataset": "baf", "method": "dna_v2_0p95", "done": 34, "total": 126, "failed": 0, "started_at": "2026-10-02T09:53:10.683058+00:00", "last_update": "2026-10-02T10:12:55.238962+00:00", "eta_minutes": 53.421148876582876}
{"stage": "4_repaired_RQ2", "dataset": "baf", "method": "dna_v1_conservative", "done": 35, "total": 126, "failed": 0, "started_at": "2026-10-02T09:53:10.683058+00:00", "last_update": "2026-10-02T10:14:25.204419+00:00", "eta_minutes": 55.229259487787886}
{"stage": "4_repaired_RQ2", "dataset": "baf", "method": "dna_v2_0p95", "done": 36, "total": 126, "failed": 0, "started_at": "2026-10-02T09:53:10.683058+00:00", "last_update": "2026-10-02T10:14:30.217097+00:00", "eta_minutes": 53.31391858061155}
{"stage": "4_repaired_RQ2", "dataset": "ieee_cis", "method": "dna_v2_0p95", "done": 37, "total": 126, "failed": 0, "started_at": "2026-10-02T09:53:10.683058+00:00", "last_update": "2026-10-02T10:14:44.198109+00:00", "eta_minutes": 51.8571352001783}
{"stage": "4_repaired_RQ2", "dataset": "paysim", "method": "dna_v2_0p95", "done": 38, "total": 126, "failed": 0, "started_at": "2026-10-02T09:53:10.683058+00:00", "last_update": "2026-10-02T10:14:51.545915+00:00", "eta_minutes": 50.20874226720709}
{"stage": "4_repaired_RQ2", "dataset": "baf", "method": "dna_v1_conservative", "done": 39, "total": 126, "failed": 0, "started_at": "2026-10-02T09:53:10.683058+00:00", "last_update": "2026-10-02T10:16:30.184214+00:00", "eta_minutes": 52.032735547652614}
{"stage": "4_repaired_RQ2", "dataset": "baf", "method": "dna_v2_0p95", "done": 40, "total": 126, "failed": 0, "started_at": "2026-10-02T09:53:10.683058+00:00", "last_update": "2026-10-02T10:16:49.465228+00:00", "eta_minutes": 50.839694734613104}
{"stage": "4_repaired_RQ2", "dataset": "baf", "method": "dna_v1_conservative", "done": 41, "total": 126, "failed": 0, "started_at": "2026-10-02T09:53:10.683058+00:00", "last_update": "2026-10-02T10:16:56.916523+00:00", "eta_minutes": 49.28042484105118}
{"stage": "4_repaired_RQ2", "dataset": "ieee_cis", "method": "dna_v1_conservative", "done": 42, "total": 126, "failed": 0, "started_at": "2026-10-02T09:53:10.683058+00:00", "last_update": "2026-10-02T10:17:30.414360+00:00", "eta_minutes": 48.65771046479543}
{"stage": "4_repaired_RQ2", "dataset": "ieee_cis", "method": "dna_v1_conservative", "done": 43, "total": 126, "failed": 0, "started_at": "2026-10-02T09:53:10.683058+00:00", "last_update": "2026-10-02T10:18:56.790538+00:00", "eta_minutes": 49.73911740391754}
{"stage": "4_repaired_RQ2", "dataset": "baf", "method": "dna_v2_0p95", "done": 44, "total": 126, "failed": 0, "started_at": "2026-10-02T09:53:10.683058+00:00", "last_update": "2026-10-02T10:19:09.240056+00:00", "eta_minutes": 48.40972524195006}
{"stage": "4_repaired_RQ2", "dataset": "ieee_cis", "method": "dna_v1_conservative", "done": 45, "total": 126, "failed": 0, "started_at": "2026-10-02T09:53:10.683058+00:00", "last_update": "2026-10-02T10:19:24.054125+00:00", "eta_minutes": 47.201132540702815}
{"stage": "4_repaired_RQ2", "dataset": "ieee_cis", "method": "dna_v2_0p95", "done": 46, "total": 126, "failed": 0, "started_at": "2026-10-02T09:53:10.683058+00:00", "last_update": "2026-10-02T10:20:08.041169+00:00", "eta_minutes": 46.87994541638139}
{"stage": "4_repaired_RQ2", "dataset": "ieee_cis", "method": "dna_v1_conservative", "done": 47, "total": 126, "failed": 0, "started_at": "2026-10-02T09:53:10.683058+00:00", "last_update": "2026-10-02T10:21:22.753729+00:00", "eta_minutes": 47.401980093269486}
{"stage": "4_repaired_RQ2", "dataset": "paysim", "method": "dna_v1_conservative", "done": 48, "total": 126, "failed": 0, "started_at": "2026-10-02T09:53:10.683058+00:00", "last_update": "2026-10-02T10:21:26.258681+00:00", "eta_minutes": 45.9218400294582}
{"stage": "4_repaired_RQ2", "dataset": "ieee_cis", "method": "dna_v2_0p95", "done": 49, "total": 126, "failed": 0, "started_at": "2026-10-02T09:53:10.683058+00:00", "last_update": "2026-10-02T10:21:42.422460+00:00", "eta_minutes": 44.831270228681106}
{"stage": "4_repaired_RQ2", "dataset": "paysim", "method": "dna_v2_0p95", "done": 50, "total": 126, "failed": 0, "started_at": "2026-10-02T09:53:10.683058+00:00", "last_update": "2026-10-02T10:22:22.814921+00:00", "eta_minutes": 44.387340701421095}
{"stage": "4_repaired_RQ2", "dataset": "baf", "method": "dna_v1_conservative", "done": 51, "total": 126, "failed": 0, "started_at": "2026-10-02T09:53:10.683058+00:00", "last_update": "2026-10-02T10:23:26.346764+00:00", "eta_minutes": 44.501561586763344}
{"stage": "4_repaired_RQ2", "dataset": "ieee_cis", "method": "dna_v1_conservative", "done": 52, "total": 126, "failed": 0, "started_at": "2026-10-02T09:53:10.683058+00:00", "last_update": "2026-10-02T10:23:49.076999+00:00", "eta_minutes": 43.60293356485856}
{"stage": "4_repaired_RQ2", "dataset": "paysim", "method": "dna_v1_conservative", "done": 53, "total": 126, "failed": 0, "started_at": "2026-10-02T09:53:10.683058+00:00", "last_update": "2026-10-02T10:23:56.751454+00:00", "eta_minutes": 42.37829990499425}
{"stage": "4_repaired_RQ2", "dataset": "paysim", "method": "dna_v1_conservative", "done": 54, "total": 126, "failed": 0, "started_at": "2026-10-02T09:53:10.683058+00:00", "last_update": "2026-10-02T10:24:38.631159+00:00", "eta_minutes": 41.9544024626414}
{"stage": "4_repaired_RQ2", "dataset": "baf", "method": "dna_v1_conservative", "done": 55, "total": 126, "failed": 0, "started_at": "2026-10-02T09:53:10.683058+00:00", "last_update": "2026-10-02T10:25:31.176019+00:00", "eta_minutes": 41.75000019673145}
{"stage": "4_repaired_RQ2", "dataset": "ieee_cis", "method": "dna_v1_conservative", "done": 56, "total": 126, "failed": 0, "started_at": "2026-10-02T09:53:10.683058+00:00", "last_update": "2026-10-02T10:26:15.910460+00:00", "eta_minutes": 41.35890433192253}
{"stage": "4_repaired_RQ2", "dataset": "baf", "method": "dna_v2_0p95", "done": 57, "total": 126, "failed": 0, "started_at": "2026-10-02T09:53:10.683058+00:00", "last_update": "2026-10-02T10:26:19.404257+00:00", "eta_minutes": 40.12332257617984}
{"stage": "4_repaired_RQ2", "dataset": "ieee_cis", "method": "dna_v2_0p95", "done": 58, "total": 126, "failed": 0, "started_at": "2026-10-02T09:53:10.683058+00:00", "last_update": "2026-10-02T10:27:13.890186+00:00", "eta_minutes": 39.924737138583744}
{"stage": "4_repaired_RQ2", "dataset": "baf", "method": "dna_v1_conservative", "done": 59, "total": 126, "failed": 0, "started_at": "2026-10-02T09:53:10.683058+00:00", "last_update": "2026-10-02T10:27:36.922415+00:00", "eta_minutes": 39.10679021635972}
{"stage": "4_repaired_RQ2", "dataset": "baf", "method": "dna_v1_conservative", "done": 60, "total": 126, "failed": 0, "started_at": "2026-10-02T09:53:10.683058+00:00", "last_update": "2026-10-02T10:28:20.724398+00:00", "eta_minutes": 38.68409135778745}
{"stage": "4_repaired_RQ2", "dataset": "paysim", "method": "dna_v1_conservative", "done": 61, "total": 126, "failed": 0, "started_at": "2026-10-02T09:53:10.683058+00:00", "last_update": "2026-10-02T10:28:32.269579+00:00", "eta_minutes": 37.678449387433105}
{"stage": "4_repaired_RQ2", "dataset": "paysim", "method": "dna_v2_0p95", "done": 62, "total": 126, "failed": 0, "started_at": "2026-10-02T09:53:10.683058+00:00", "last_update": "2026-10-02T10:29:33.439612+00:00", "eta_minutes": 37.55280111579485}
{"stage": "4_repaired_RQ2", "dataset": "baf", "method": "dna_v2_0p95", "done": 63, "total": 126, "failed": 0, "started_at": "2026-10-02T09:53:10.683058+00:00", "last_update": "2026-10-02T10:29:36.428066+00:00", "eta_minutes": 36.42908357779185}
{"stage": "4_repaired_RQ2", "dataset": "paysim", "method": "dna_v1_conservative", "done": 64, "total": 126, "failed": 0, "started_at": "2026-10-02T09:53:10.683058+00:00", "last_update": "2026-10-02T10:30:16.816104+00:00", "eta_minutes": 35.942773248751955}
{"stage": "4_repaired_RQ2", "dataset": "paysim", "method": "dna_v1_conservative", "done": 65, "total": 126, "failed": 0, "started_at": "2026-10-02T09:53:10.683058+00:00", "last_update": "2026-10-02T10:30:46.237540+00:00", "eta_minutes": 35.27918568880129}
{"stage": "4_repaired_RQ2", "dataset": "paysim", "method": "dna_v1_conservative", "done": 66, "total": 126, "failed": 0, "started_at": "2026-10-02T09:53:10.683058+00:00", "last_update": "2026-10-02T10:31:50.334683+00:00", "eta_minutes": 35.146236860390864}
{"stage": "4_repaired_RQ2", "dataset": "ieee_cis", "method": "dna_v1_conservative", "done": 67, "total": 126, "failed": 0, "started_at": "2026-10-02T09:53:10.683058+00:00", "last_update": "2026-10-02T10:31:57.070579+00:00", "eta_minutes": 34.143498750883545}
{"stage": "4_repaired_RQ2", "dataset": "baf", "method": "dna_v2_0p95", "done": 68, "total": 126, "failed": 0, "started_at": "2026-10-02T09:53:10.683058+00:00", "last_update": "2026-10-02T10:32:21.020308+00:00", "eta_minutes": 33.411657083502}
{"stage": "4_repaired_RQ2", "dataset": "paysim", "method": "dna_v1_conservative", "done": 69, "total": 126, "failed": 0, "started_at": "2026-10-02T09:53:10.683058+00:00", "last_update": "2026-10-02T10:33:01.102166+00:00", "eta_minutes": 32.91156752627829}
{"stage": "4_repaired_RQ2", "dataset": "baf", "method": "dna_v1_conservative", "done": 70, "total": 126, "failed": 0, "started_at": "2026-10-02T09:53:10.683058+00:00", "last_update": "2026-10-02T10:34:03.041910+00:00", "eta_minutes": 32.69811810493469}
{"stage": "4_repaired_RQ2", "dataset": "paysim", "method": "dna_v2_0p95", "done": 71, "total": 126, "failed": 0, "started_at": "2026-10-02T09:53:10.683058+00:00", "last_update": "2026-10-02T10:34:17.629258+00:00", "eta_minutes": 31.850244506424023}
{"stage": "4_repaired_RQ2", "dataset": "ieee_cis", "method": "dna_v2_0p95", "done": 72, "total": 126, "failed": 0, "started_at": "2026-10-02T09:53:10.683058+00:00", "last_update": "2026-10-02T10:34:26.658271+00:00", "eta_minutes": 30.9496902346611}
{"stage": "4_repaired_RQ2", "dataset": "paysim", "method": "dna_v2_0p95", "done": 73, "total": 126, "failed": 0, "started_at": "2026-10-02T09:53:10.683058+00:00", "last_update": "2026-10-02T10:35:14.746972+00:00", "eta_minutes": 30.542325981512466}
{"stage": "4_repaired_RQ2", "dataset": "paysim", "method": "dna_v2_0p95", "done": 74, "total": 126, "failed": 0, "started_at": "2026-10-02T09:53:10.683058+00:00", "last_update": "2026-10-02T10:36:00.290345+00:00", "eta_minutes": 30.094499826646064}
{"stage": "4_repaired_RQ2", "dataset": "ieee_cis", "method": "dna_v2_0p95", "done": 75, "total": 126, "failed": 0, "started_at": "2026-10-02T09:53:10.683058+00:00", "last_update": "2026-10-02T10:36:34.243023+00:00", "eta_minutes": 29.50701301383972}
{"stage": "4_repaired_RQ2", "dataset": "ieee_cis", "method": "dna_v1_conservative", "done": 76, "total": 126, "failed": 0, "started_at": "2026-10-02T09:53:10.683058+00:00", "last_update": "2026-10-02T10:37:12.253744+00:00", "eta_minutes": 28.96459091912236}
{"stage": "4_repaired_RQ2", "dataset": "ieee_cis", "method": "dna_v2_0p95", "done": 77, "total": 126, "failed": 0, "started_at": "2026-10-02T09:53:10.683058+00:00", "last_update": "2026-10-02T10:37:49.300601+00:00", "eta_minutes": 28.40958035028342}
{"stage": "4_repaired_RQ2", "dataset": "paysim", "method": "dna_v1_conservative", "done": 78, "total": 126, "failed": 0, "started_at": "2026-10-02T09:53:10.683058+00:00", "last_update": "2026-10-02T10:37:59.120100+00:00", "eta_minutes": 27.573713309948257}
{"stage": "4_repaired_RQ2", "dataset": "baf", "method": "dna_v2_0p95", "done": 79, "total": 126, "failed": 0, "started_at": "2026-10-02T09:53:10.683058+00:00", "last_update": "2026-10-02T10:38:37.443557+00:00", "eta_minutes": 27.037498675519405}
{"stage": "4_repaired_RQ2", "dataset": "ieee_cis", "method": "dna_v1_conservative", "done": 80, "total": 126, "failed": 0, "started_at": "2026-10-02T09:53:10.683058+00:00", "last_update": "2026-10-02T10:39:55.051638+00:00", "eta_minutes": 26.875198986331622}
{"stage": "4_repaired_RQ2", "dataset": "paysim", "method": "dna_v1_conservative", "done": 81, "total": 126, "failed": 0, "started_at": "2026-10-02T09:53:10.683058+00:00", "last_update": "2026-10-02T10:39:56.474352+00:00", "eta_minutes": 25.979549072406908}
{"stage": "4_repaired_RQ2", "dataset": "baf", "method": "dna_v1_conservative", "done": 82, "total": 126, "failed": 0, "started_at": "2026-10-02T09:53:10.683058+00:00", "last_update": "2026-10-02T10:40:11.553820+00:00", "eta_minutes": 25.227299549715305}
{"stage": "4_repaired_RQ2", "dataset": "baf", "method": "dna_v2_0p95", "done": 83, "total": 126, "failed": 0, "started_at": "2026-10-02T09:53:10.683058+00:00", "last_update": "2026-10-02T10:40:40.229210+00:00", "eta_minutes": 24.60451502570187}
{"stage": "4_repaired_RQ2", "dataset": "paysim", "method": "dna_v1_conservative", "done": 84, "total": 126, "failed": 0, "started_at": "2026-10-02T09:53:10.683058+00:00", "last_update": "2026-10-02T10:42:10.423432+00:00", "eta_minutes": 24.497836581865947}
{"stage": "4_repaired_RQ2", "dataset": "ieee_cis", "method": "dna_v2_0p95", "done": 85, "total": 126, "failed": 0, "started_at": "2026-10-02T09:53:10.683058+00:00", "last_update": "2026-10-02T10:42:14.978819+00:00", "eta_minutes": 23.669828721401736}
{"stage": "4_repaired_RQ2", "dataset": "paysim", "method": "dna_v2_0p95", "done": 86, "total": 126, "failed": 0, "started_at": "2026-10-02T09:53:10.683058+00:00", "last_update": "2026-10-02T10:42:23.289921+00:00", "eta_minutes": 22.888425348341002}
{"stage": "4_repaired_RQ2", "dataset": "baf", "method": "dna_v1_conservative", "done": 87, "total": 126, "failed": 0, "started_at": "2026-10-02T09:53:10.683058+00:00", "last_update": "2026-10-02T10:42:47.241601+00:00", "eta_minutes": 22.238655832444113}
{"stage": "4_repaired_RQ2", "dataset": "paysim", "method": "dna_v1_conservative", "done": 88, "total": 126, "failed": 0, "started_at": "2026-10-02T09:53:10.683058+00:00", "last_update": "2026-10-02T10:44:29.736439+00:00", "eta_minutes": 22.15985392621069}
{"stage": "4_repaired_RQ2", "dataset": "ieee_cis", "method": "dna_v1_conservative", "done": 89, "total": 126, "failed": 0, "started_at": "2026-10-02T09:53:10.683058+00:00", "last_update": "2026-10-02T10:44:43.178296+00:00", "eta_minutes": 21.427401508508105}
{"stage": "4_repaired_RQ2", "dataset": "paysim", "method": "dna_v2_0p95", "done": 90, "total": 126, "failed": 0, "started_at": "2026-10-02T09:53:10.683058+00:00", "last_update": "2026-10-02T10:44:45.313590+00:00", "eta_minutes": 20.630870259602865}
{"stage": "4_repaired_RQ2", "dataset": "baf", "method": "dna_v1_conservative", "done": 91, "total": 126, "failed": 0, "started_at": "2026-10-02T09:53:10.683058+00:00", "last_update": "2026-10-02T10:44:47.862324+00:00", "eta_minutes": 19.85371329387029}
{"stage": "4_repaired_RQ2", "dataset": "paysim", "method": "dna_v1_conservative", "done": 92, "total": 126, "failed": 0, "started_at": "2026-10-02T09:53:10.683058+00:00", "last_update": "2026-10-02T10:46:38.369745+00:00", "eta_minutes": 19.75749049860498}
{"stage": "4_repaired_RQ2", "dataset": "baf", "method": "dna_v1_conservative", "done": 93, "total": 126, "failed": 0, "started_at": "2026-10-02T09:53:10.683058+00:00", "last_update": "2026-10-02T10:46:42.009769+00:00", "eta_minutes": 18.991717142956233}
{"stage": "4_repaired_RQ2", "dataset": "baf", "method": "dna_v2_0p95", "done": 94, "total": 126, "failed": 0, "started_at": "2026-10-02T09:53:10.683058+00:00", "last_update": "2026-10-02T10:46:42.871003+00:00", "eta_minutes": 18.22517986838699}
{"stage": "4_repaired_RQ2", "dataset": "paysim", "method": "dna_v2_0p95", "done": 95, "total": 126, "failed": 0, "started_at": "2026-10-02T09:53:10.683058+00:00", "last_update": "2026-10-02T10:46:55.080811+00:00", "eta_minutes": 17.536198338207445}
{"stage": "4_repaired_RQ2", "dataset": "paysim", "method": "dna_v2_0p95", "done": 96, "total": 126, "failed": 0, "started_at": "2026-10-02T09:53:10.683058+00:00", "last_update": "2026-10-02T10:48:33.677820+00:00", "eta_minutes": 17.307264421135187}
{"stage": "4_repaired_RQ2", "dataset": "baf", "method": "dna_v1_conservative", "done": 97, "total": 126, "failed": 0, "started_at": "2026-10-02T09:53:10.683058+00:00", "last_update": "2026-10-02T10:48:43.095878+00:00", "eta_minutes": 16.604806176780425}
{"stage": "4_repaired_RQ2", "dataset": "paysim", "method": "dna_v1_conservative", "done": 98, "total": 126, "failed": 0, "started_at": "2026-10-02T09:53:10.683058+00:00", "last_update": "2026-10-02T10:48:48.595553+00:00", "eta_minutes": 15.894821432658604}
{"stage": "4_repaired_RQ2", "dataset": "baf", "method": "dna_v1_conservative", "done": 99, "total": 126, "failed": 0, "started_at": "2026-10-02T09:53:10.683058+00:00", "last_update": "2026-10-02T10:49:10.789068+00:00", "eta_minutes": 15.273209166526795}
{"stage": "4_repaired_RQ2", "dataset": "baf", "method": "dna_v2_0p95", "done": 100, "total": 126, "failed": 0, "started_at": "2026-10-02T09:53:10.683058+00:00", "last_update": "2026-10-02T10:50:32.865548+00:00", "eta_minutes": 14.916124170303343}
{"stage": "4_repaired_RQ2", "dataset": "paysim", "method": "dna_v2_0p95", "done": 101, "total": 126, "failed": 0, "started_at": "2026-10-02T09:53:10.683058+00:00", "last_update": "2026-10-02T10:50:34.187540+00:00", "eta_minutes": 14.205876629147985}
{"stage": "4_repaired_RQ2", "dataset": "paysim", "method": "dna_v2_0p95", "done": 102, "total": 126, "failed": 0, "started_at": "2026-10-02T09:53:10.683058+00:00", "last_update": "2026-10-02T10:50:56.204774+00:00", "eta_minutes": 13.59028126585717}
{"stage": "4_repaired_RQ2", "dataset": "ieee_cis", "method": "dna_v1_conservative", "done": 103, "total": 126, "failed": 0, "started_at": "2026-10-02T09:53:10.683058+00:00", "last_update": "2026-10-02T10:51:43.533950+00:00", "eta_minutes": 13.073716937955531}
{"stage": "4_repaired_RQ2", "dataset": "baf", "method": "dna_v2_0p95", "done": 104, "total": 126, "failed": 0, "started_at": "2026-10-02T09:53:10.683058+00:00", "last_update": "2026-10-02T10:52:31.575526+00:00", "eta_minutes": 12.554428600730041}
{"stage": "4_repaired_RQ2", "dataset": "ieee_cis", "method": "dna_v1_conservative", "done": 105, "total": 126, "failed": 0, "started_at": "2026-10-02T09:53:10.683058+00:00", "last_update": "2026-10-02T10:52:51.909378+00:00", "eta_minutes": 11.93742109219233}
{"stage": "4_repaired_RQ2", "dataset": "baf", "method": "dna_v1_conservative", "done": 106, "total": 126, "failed": 0, "started_at": "2026-10-02T09:53:10.683058+00:00", "last_update": "2026-10-02T10:53:16.328653+00:00", "eta_minutes": 11.338508178602975}
{"stage": "4_repaired_RQ2", "dataset": "paysim", "method": "dna_v2_0p95", "done": 107, "total": 126, "failed": 0, "started_at": "2026-10-02T09:53:10.683058+00:00", "last_update": "2026-10-02T10:53:51.478824+00:00", "eta_minutes": 10.774940760596147}
{"stage": "4_repaired_RQ2", "dataset": "ieee_cis", "method": "dna_v2_0p95", "done": 108, "total": 126, "failed": 0, "started_at": "2026-10-02T09:53:10.683058+00:00", "last_update": "2026-10-02T10:54:44.071735+00:00", "eta_minutes": 10.259413013193344}
{"stage": "4_repaired_RQ2", "dataset": "ieee_cis", "method": "dna_v2_0p95", "done": 109, "total": 126, "failed": 0, "started_at": "2026-10-02T09:53:10.683058+00:00", "last_update": "2026-10-02T10:55:04.237525+00:00", "eta_minutes": 9.652970360433654}
{"stage": "4_repaired_RQ2", "dataset": "paysim", "method": "dna_v1_conservative", "done": 110, "total": 126, "failed": 0, "started_at": "2026-10-02T09:53:10.683058+00:00", "last_update": "2026-10-02T10:55:29.952173+00:00", "eta_minutes": 9.064894840356077}
{"stage": "4_repaired_RQ2", "dataset": "ieee_cis", "method": "dna_v1_conservative", "done": 111, "total": 126, "failed": 0, "started_at": "2026-10-02T09:53:10.683058+00:00", "last_update": "2026-10-02T10:56:28.601956+00:00", "eta_minutes": 8.553871407165184}
{"stage": "4_repaired_RQ2", "dataset": "ieee_cis", "method": "dna_v2_0p95", "done": 112, "total": 126, "failed": 0, "started_at": "2026-10-02T09:53:10.683058+00:00", "last_update": "2026-10-02T10:56:57.351537+00:00", "eta_minutes": 7.9722260415554045}
{"stage": "4_repaired_RQ2", "dataset": "ieee_cis", "method": "dna_v1_conservative", "done": 113, "total": 126, "failed": 0, "started_at": "2026-10-02T09:53:10.683058+00:00", "last_update": "2026-10-02T10:57:25.688381+00:00", "eta_minutes": 7.391603139825276}
{"stage": "4_repaired_RQ2", "dataset": "paysim", "method": "dna_v2_0p95", "done": 114, "total": 126, "failed": 0, "started_at": "2026-10-02T09:53:10.683058+00:00", "last_update": "2026-10-02T10:57:40.659667+00:00", "eta_minutes": 6.789432657810679}
{"stage": "4_repaired_RQ2", "dataset": "ieee_cis", "method": "dna_v1_conservative", "done": 115, "total": 126, "failed": 0, "started_at": "2026-10-02T09:53:10.683058+00:00", "last_update": "2026-10-02T10:59:06.250146+00:00", "eta_minutes": 6.305976527946584}
{"stage": "4_repaired_RQ2", "dataset": "ieee_cis", "method": "dna_v1_conservative", "done": 116, "total": 126, "failed": 0, "started_at": "2026-10-02T09:53:10.683058+00:00", "last_update": "2026-10-02T10:59:18.807621+00:00", "eta_minutes": 5.701328407758954}
{"stage": "4_repaired_RQ2", "dataset": "ieee_cis", "method": "dna_v2_0p95", "done": 117, "total": 126, "failed": 0, "started_at": "2026-10-02T09:53:10.683058+00:00", "last_update": "2026-10-02T10:59:39.197431+00:00", "eta_minutes": 5.113479974025336}
{"stage": "4_repaired_RQ2", "dataset": "paysim", "method": "dna_v2_0p95", "done": 118, "total": 126, "failed": 0, "started_at": "2026-10-02T09:53:10.683058+00:00", "last_update": "2026-10-02T10:59:49.930001+00:00", "eta_minutes": 4.518923108321799}
{"stage": "4_repaired_RQ2", "dataset": "ieee_cis", "method": "dna_v2_0p95", "done": 119, "total": 126, "failed": 0, "started_at": "2026-10-02T09:53:10.683058+00:00", "last_update": "2026-10-02T11:01:35.700686+00:00", "eta_minutes": 4.024527098852045}
{"stage": "4_repaired_RQ2", "dataset": "ieee_cis", "method": "dna_v1_conservative", "done": 120, "total": 126, "failed": 0, "started_at": "2026-10-02T09:53:10.683058+00:00", "last_update": "2026-10-02T11:01:42.142249+00:00", "eta_minutes": 3.4262159983317058}
{"stage": "4_repaired_RQ2", "dataset": "ieee_cis", "method": "dna_v1_conservative", "done": 121, "total": 126, "failed": 0, "started_at": "2026-10-02T09:53:10.683058+00:00", "last_update": "2026-10-02T11:02:01.363574+00:00", "eta_minutes": 2.8448212961191643}
{"stage": "4_repaired_RQ2", "dataset": "ieee_cis", "method": "dna_v2_0p95", "done": 122, "total": 126, "failed": 0, "started_at": "2026-10-02T09:53:10.683058+00:00", "last_update": "2026-10-02T11:02:20.872914+00:00", "eta_minutes": 2.2678633130964685}
{"stage": "4_repaired_RQ2", "dataset": "paysim", "method": "dna_v1_conservative", "done": 123, "total": 126, "failed": 0, "started_at": "2026-10-02T09:53:10.683058+00:00", "last_update": "2026-10-02T11:03:35.361851+00:00", "eta_minutes": 1.7173491068971836}
{"stage": "4_repaired_RQ2", "dataset": "paysim", "method": "dna_v2_0p95", "done": 124, "total": 126, "failed": 0, "started_at": "2026-10-02T09:53:10.683058+00:00", "last_update": "2026-10-02T11:03:43.101632+00:00", "eta_minutes": 1.1377469303787395}
{"stage": "4_repaired_RQ2", "dataset": "baf", "method": "dna_v2_0p95", "done": 125, "total": 126, "failed": 0, "started_at": "2026-10-02T09:53:10.683058+00:00", "last_update": "2026-10-02T11:03:57.480730+00:00", "eta_minutes": 0.5662396904945374}
{"stage": "4_repaired_RQ2", "dataset": "paysim", "method": "dna_v2_0p95", "done": 126, "total": 126, "failed": 0, "started_at": "2026-10-02T09:53:10.683058+00:00", "last_update": "2026-10-02T11:04:23.146540+00:00", "eta_minutes": 0.0}
{"stage": "RQ2_REPAIRED_JOBS_COMPLETE_PENDING_ANALYSIS_COST", "dataset": "all", "method": "all", "done": 126, "total": 126, "failed": 0, "started_at": "2026-10-02T09:53:10.683058+00:00", "last_update": "2026-10-02T11:04:23.635344+00:00", "eta_minutes": 0.0}
{"stage": "6_RQ3", "dataset": "paysim", "method": "RAW_FLOAT32", "done": 1, "total": 90, "failed": 0, "started_at": "2026-10-02T11:06:50.058681+00:00", "last_update": "2026-10-02T11:07:06.195785+00:00", "eta_minutes": 23.936687695980073}
{"stage": "6_RQ3", "dataset": "paysim", "method": "DP_CLIP_NOISE", "done": 2, "total": 90, "failed": 0, "started_at": "2026-10-02T11:06:50.058681+00:00", "last_update": "2026-10-02T11:07:19.812821+00:00", "eta_minutes": 21.819697523117064}
{"stage": "6_RQ3", "dataset": "paysim", "method": "RAW_FLOAT32", "done": 3, "total": 90, "failed": 0, "started_at": "2026-10-02T11:06:50.058681+00:00", "last_update": "2026-10-02T11:07:43.485461+00:00", "eta_minutes": 25.822940317789712}
{"stage": "6_RQ3", "dataset": "paysim", "method": "DP_CLIP_NOISE", "done": 4, "total": 90, "failed": 0, "started_at": "2026-10-02T11:06:50.058681+00:00", "last_update": "2026-10-02T11:08:25.256640+00:00", "eta_minutes": 34.1126001616319}
{"stage": "6_RQ3", "dataset": "paysim", "method": "RAW_FLOAT32", "done": 5, "total": 90, "failed": 0, "started_at": "2026-10-02T11:06:50.058681+00:00", "last_update": "2026-10-02T11:09:07.271922+00:00", "eta_minutes": 38.87708328962326}
{"stage": "6_RQ3", "dataset": "paysim", "method": "RAW_FLOAT32", "done": 6, "total": 90, "failed": 0, "started_at": "2026-10-02T11:06:50.058681+00:00", "last_update": "2026-10-02T11:09:16.671229+00:00", "eta_minutes": 34.20959339141846}
{"stage": "6_RQ3", "dataset": "paysim", "method": "DP_CLIP_NOISE", "done": 7, "total": 90, "failed": 0, "started_at": "2026-10-02T11:06:50.058681+00:00", "last_update": "2026-10-02T11:11:21.959804+00:00", "eta_minutes": 53.732839993635814}
{"stage": "6_RQ3", "dataset": "paysim", "method": "DP_CLIP_NOISE", "done": 8, "total": 90, "failed": 0, "started_at": "2026-10-02T11:06:50.058681+00:00", "last_update": "2026-10-02T11:11:38.018428+00:00", "eta_minutes": 49.193122603495915}
{"stage": "6_RQ3", "dataset": "paysim", "method": "DP_CLIP_NOISE", "done": 9, "total": 90, "failed": 0, "started_at": "2026-10-02T11:06:50.058681+00:00", "last_update": "2026-10-02T11:12:19.967477+00:00", "eta_minutes": 49.48631744384765}
{"stage": "6_RQ3", "dataset": "paysim", "method": "RAW_FLOAT32", "done": 10, "total": 90, "failed": 0, "started_at": "2026-10-02T11:06:50.058681+00:00", "last_update": "2026-10-02T11:14:24.902977+00:00", "eta_minutes": 60.6459054629008}
{"stage": "6_RQ3", "dataset": "paysim", "method": "DP_CLIP_NOISE", "done": 11, "total": 90, "failed": 0, "started_at": "2026-10-02T11:06:50.058681+00:00", "last_update": "2026-10-02T11:15:30.174035+00:00", "eta_minutes": 62.25623117468573}
{"stage": "6_RQ3", "dataset": "paysim", "method": "RAW_FLOAT32", "done": 12, "total": 90, "failed": 0, "started_at": "2026-10-02T11:06:50.058681+00:00", "last_update": "2026-10-02T11:15:43.891746+00:00", "eta_minutes": 57.83191483616829}
{"stage": "6_RQ3", "dataset": "paysim", "method": "DP_CLIP_NOISE", "done": 13, "total": 90, "failed": 0, "started_at": "2026-10-02T11:06:50.058681+00:00", "last_update": "2026-10-02T11:16:06.718637+00:00", "eta_minutes": 54.95232849335059}
{"stage": "6_RQ3", "dataset": "paysim", "method": "RAW_FLOAT32", "done": 14, "total": 90, "failed": 0, "started_at": "2026-10-02T11:06:50.058681+00:00", "last_update": "2026-10-02T11:16:14.133354+00:00", "eta_minutes": 51.03532712005433}
{"stage": "6_RQ3", "dataset": "paysim", "method": "RAW_FLOAT32", "done": 15, "total": 90, "failed": 0, "started_at": "2026-10-02T11:06:50.058681+00:00", "last_update": "2026-10-02T11:17:18.489595+00:00", "eta_minutes": 52.36924240986506}
{"stage": "6_RQ3", "dataset": "paysim", "method": "RAW_FLOAT32", "done": 16, "total": 90, "failed": 0, "started_at": "2026-10-02T11:06:50.058681+00:00", "last_update": "2026-10-02T11:17:59.787495+00:00", "eta_minutes": 51.624929036200044}
{"stage": "6_RQ3", "dataset": "paysim", "method": "DP_CLIP_NOISE", "done": 17, "total": 90, "failed": 0, "started_at": "2026-10-02T11:06:50.058681+00:00", "last_update": "2026-10-02T11:18:07.576746+00:00", "eta_minutes": 48.48903764229195}
{"stage": "6_RQ3", "dataset": "paysim", "method": "DP_CLIP_NOISE", "done": 18, "total": 90, "failed": 0, "started_at": "2026-10-02T11:06:50.058681+00:00", "last_update": "2026-10-02T11:18:16.784626+00:00", "eta_minutes": 45.78172926902771}
{"stage": "6_RQ3", "dataset": "ieee_cis", "method": "DNA_TRANSFORM_V2_TRANSPORT", "done": 19, "total": 90, "failed": 0, "started_at": "2026-10-02T11:06:50.058681+00:00", "last_update": "2026-10-02T11:21:16.234666+00:00", "eta_minutes": 53.946047823470934}
{"stage": "6_RQ3", "dataset": "ieee_cis", "method": "DNA_TRANSFORM_TRANSPORT", "done": 20, "total": 90, "failed": 0, "started_at": "2026-10-02T11:06:50.058681+00:00", "last_update": "2026-10-02T11:22:41.971822+00:00", "eta_minutes": 55.52826619744301}
{"stage": "6_RQ3", "dataset": "ieee_cis", "method": "DNA_TRANSFORM_V2_TRANSPORT", "done": 21, "total": 90, "failed": 0, "started_at": "2026-10-02T11:06:50.058681+00:00", "last_update": "2026-10-02T11:27:13.069051+00:00", "eta_minutes": 66.97437718368711}
{"stage": "6_RQ3", "dataset": "ieee_cis", "method": "RAW_FLOAT32", "done": 22, "total": 90, "failed": 0, "started_at": "2026-10-02T11:06:50.058681+00:00", "last_update": "2026-10-02T11:33:35.339895+00:00", "eta_minutes": 82.69630460739135}
{"stage": "6_RQ3", "dataset": "ieee_cis", "method": "DP_CLIP_NOISE", "done": 23, "total": 90, "failed": 0, "started_at": "2026-10-02T11:06:50.058681+00:00", "last_update": "2026-10-02T11:34:28.725870+00:00", "eta_minutes": 80.52949366362198}
{"stage": "6_RQ3", "dataset": "ieee_cis", "method": "DP_CLIP_NOISE", "done": 24, "total": 90, "failed": 0, "started_at": "2026-10-02T11:06:50.058681+00:00", "last_update": "2026-10-02T11:36:28.072400+00:00", "eta_minutes": 81.49229498803615}
{"stage": "6_RQ3", "dataset": "ieee_cis", "method": "RAW_FLOAT32", "done": 25, "total": 90, "failed": 0, "started_at": "2026-10-02T11:06:50.058681+00:00", "last_update": "2026-10-02T11:36:44.302016+00:00", "eta_minutes": 77.75054408311844}
{"stage": "6_RQ3", "dataset": "ieee_cis", "method": "DNA_TRANSFORM_TRANSPORT", "done": 26, "total": 90, "failed": 0, "started_at": "2026-10-02T11:06:50.058681+00:00", "last_update": "2026-10-02T11:39:05.564986+00:00", "eta_minutes": 79.40538653838328}
{"stage": "6_RQ3", "dataset": "ieee_cis", "method": "RAW_FLOAT32", "done": 27, "total": 90, "failed": 0, "started_at": "2026-10-02T11:06:50.058681+00:00", "last_update": "2026-10-02T11:40:45.768215+00:00", "eta_minutes": 79.16648164325291}
{"stage": "6_RQ3", "dataset": "ieee_cis", "method": "DNA_TRANSFORM_V2_TRANSPORT", "done": 28, "total": 90, "failed": 0, "started_at": "2026-10-02T11:06:50.058681+00:00", "last_update": "2026-10-02T11:42:18.516117+00:00", "eta_minutes": 78.55021468315807}
{"stage": "6_RQ3", "dataset": "ieee_cis", "method": "DP_CLIP_NOISE", "done": 29, "total": 90, "failed": 0, "started_at": "2026-10-02T11:06:50.058681+00:00", "last_update": "2026-10-02T11:42:34.536797+00:00", "eta_minutes": 75.17997968758661}
{"stage": "6_RQ3", "dataset": "ieee_cis", "method": "DNA_TRANSFORM_TRANSPORT", "done": 30, "total": 90, "failed": 0, "started_at": "2026-10-02T11:06:50.058681+00:00", "last_update": "2026-10-02T11:53:06.618310+00:00", "eta_minutes": 92.55198740164438}
{"stage": "6_RQ3", "dataset": "ieee_cis", "method": "DNA_TRANSFORM_TRANSPORT", "done": 31, "total": 90, "failed": 0, "started_at": "2026-10-02T11:06:50.058681+00:00", "last_update": "2026-10-02T11:56:05.624170+00:00", "eta_minutes": 93.75180823636312}
{"stage": "6_RQ3", "dataset": "ieee_cis", "method": "RAW_FLOAT32", "done": 32, "total": 90, "failed": 0, "started_at": "2026-10-02T11:06:50.058681+00:00", "last_update": "2026-10-02T11:59:19.423733+00:00", "eta_minutes": 95.13706913466255}
{"stage": "6_RQ3", "dataset": "ieee_cis", "method": "RAW_FLOAT32", "done": 33, "total": 90, "failed": 0, "started_at": "2026-10-02T11:06:50.058681+00:00", "last_update": "2026-10-02T12:00:12.552638+00:00", "eta_minutes": 92.19300768267024}
{"stage": "6_RQ3", "dataset": "ieee_cis", "method": "DNA_TRANSFORM_TRANSPORT", "done": 34, "total": 90, "failed": 0, "started_at": "2026-10-02T11:06:50.058681+00:00", "last_update": "2026-10-02T12:02:01.341996+00:00", "eta_minutes": 90.89797318776449}
{"stage": "6_RQ3", "dataset": "ieee_cis", "method": "DNA_TRANSFORM_V2_TRANSPORT", "done": 35, "total": 90, "failed": 0, "started_at": "2026-10-02T11:06:50.058681+00:00", "last_update": "2026-10-02T12:10:57.998822+00:00", "eta_minutes": 100.77938448815118}
{"stage": "6_RQ3", "dataset": "ieee_cis", "method": "DP_CLIP_NOISE", "done": 36, "total": 90, "failed": 0, "started_at": "2026-10-02T11:06:50.058681+00:00", "last_update": "2026-10-02T12:12:38.757953+00:00", "eta_minutes": 98.71748164892196}
{"stage": "6_RQ3", "dataset": "ieee_cis", "method": "DP_CLIP_NOISE", "done": 37, "total": 90, "failed": 0, "started_at": "2026-10-02T11:06:50.058681+00:00", "last_update": "2026-10-02T12:13:05.208259+00:00", "eta_minutes": 94.90221950921926}
{"stage": "6_RQ3", "dataset": "ieee_cis", "method": "DNA_TRANSFORM_V2_TRANSPORT", "done": 38, "total": 90, "failed": 0, "started_at": "2026-10-02T11:06:50.058681+00:00", "last_update": "2026-10-02T12:15:50.652222+00:00", "eta_minutes": 94.43458930107585}
{"stage": "6_RQ3", "dataset": "ieee_cis", "method": "RAW_FLOAT32", "done": 39, "total": 90, "failed": 0, "started_at": "2026-10-02T11:06:50.058681+00:00", "last_update": "2026-10-02T12:16:24.927449+00:00", "eta_minutes": 90.99072944934551}
{"stage": "6_RQ3", "dataset": "ieee_cis", "method": "DNA_TRANSFORM_V2_TRANSPORT", "done": 40, "total": 90, "failed": 0, "started_at": "2026-10-02T11:06:50.058681+00:00", "last_update": "2026-10-02T12:17:23.324785+00:00", "eta_minutes": 88.19304372866948}
{"stage": "6_RQ3", "dataset": "ieee_cis", "method": "DP_CLIP_NOISE", "done": 41, "total": 90, "failed": 0, "started_at": "2026-10-02T11:06:50.058681+00:00", "last_update": "2026-10-02T12:17:58.157780+00:00", "eta_minutes": 85.01498183322148}
{"stage": "6_RQ3", "dataset": "ieee_cis", "method": "DP_CLIP_NOISE", "done": 42, "total": 90, "failed": 0, "started_at": "2026-10-02T11:06:50.058681+00:00", "last_update": "2026-10-02T12:24:22.149843+00:00", "eta_minutes": 88.61126011439731}
{"stage": "6_RQ3", "dataset": "ieee_cis", "method": "DP_CLIP_NOISE", "done": 43, "total": 90, "failed": 0, "started_at": "2026-10-02T11:06:50.058681+00:00", "last_update": "2026-10-02T12:27:35.765119+00:00", "eta_minutes": 88.27449701895085}
{"stage": "6_RQ3", "dataset": "ieee_cis", "method": "DNA_TRANSFORM_TRANSPORT", "done": 44, "total": 90, "failed": 0, "started_at": "2026-10-02T11:06:50.058681+00:00", "last_update": "2026-10-02T12:33:25.199563+00:00", "eta_minutes": 90.52139408570348}
{"stage": "6_RQ3", "dataset": "ieee_cis", "method": "DNA_TRANSFORM_TRANSPORT", "done": 45, "total": 90, "failed": 0, "started_at": "2026-10-02T11:06:50.058681+00:00", "last_update": "2026-10-02T12:38:44.206716+00:00", "eta_minutes": 91.9024671514829}
{"stage": "6_RQ3", "dataset": "ieee_cis", "method": "DNA_TRANSFORM_TRANSPORT", "done": 46, "total": 90, "failed": 0, "started_at": "2026-10-02T11:06:50.058681+00:00", "last_update": "2026-10-02T12:43:17.868544+00:00", "eta_minutes": 92.26943253157795}
{"stage": "6_RQ3", "dataset": "ieee_cis", "method": "RAW_FLOAT32", "done": 47, "total": 90, "failed": 0, "started_at": "2026-10-02T11:06:50.058681+00:00", "last_update": "2026-10-02T12:43:30.102841+00:00", "eta_minutes": 88.44038959572501}
{"stage": "6_RQ3", "dataset": "ieee_cis", "method": "DNA_TRANSFORM_V2_TRANSPORT", "done": 48, "total": 90, "failed": 0, "started_at": "2026-10-02T11:06:50.058681+00:00", "last_update": "2026-10-02T12:44:16.259883+00:00", "eta_minutes": 85.25710077782472}
{"stage": "6_RQ3", "dataset": "ieee_cis", "method": "DNA_TRANSFORM_TRANSPORT", "done": 49, "total": 90, "failed": 0, "started_at": "2026-10-02T11:06:50.058681+00:00", "last_update": "2026-10-02T12:47:30.619600+00:00", "eta_minutes": 84.23911478762723}
{"stage": "6_RQ3", "dataset": "ieee_cis", "method": "DNA_TRANSFORM_V2_TRANSPORT", "done": 50, "total": 90, "failed": 0, "started_at": "2026-10-02T11:06:50.058681+00:00", "last_update": "2026-10-02T12:48:56.896588+00:00", "eta_minutes": 81.69117201169333}
{"stage": "6_RQ3", "dataset": "ieee_cis", "method": "RAW_FLOAT32", "done": 51, "total": 90, "failed": 0, "started_at": "2026-10-02T11:06:50.058681+00:00", "last_update": "2026-10-02T12:49:24.428066+00:00", "eta_minutes": 78.43804111761206}
{"stage": "6_RQ3", "dataset": "ieee_cis", "method": "RAW_FLOAT32", "done": 52, "total": 90, "failed": 0, "started_at": "2026-10-02T11:06:50.058681+00:00", "last_update": "2026-10-02T12:51:24.266297+00:00", "eta_minutes": 76.41663109965813}
{"stage": "6_RQ3", "dataset": "ieee_cis", "method": "DNA_TRANSFORM_V2_TRANSPORT", "done": 53, "total": 90, "failed": 0, "started_at": "2026-10-02T11:06:50.058681+00:00", "last_update": "2026-10-02T12:51:54.228901+00:00", "eta_minutes": 73.3504081606865}
{"stage": "6_RQ3", "dataset": "ieee_cis", "method": "DP_CLIP_NOISE", "done": 54, "total": 90, "failed": 0, "started_at": "2026-10-02T11:06:50.058681+00:00", "last_update": "2026-10-02T12:52:06.571131+00:00", "eta_minutes": 70.1834716214074}
{"stage": "6_RQ3", "dataset": "baf", "method": "DNA_TRANSFORM_V2_TRANSPORT", "done": 55, "total": 90, "failed": 0, "started_at": "2026-10-02T11:06:50.058681+00:00", "last_update": "2026-10-02T12:53:19.102557+00:00", "eta_minutes": 67.76258651234886}
{"stage": "6_RQ3", "dataset": "baf", "method": "DNA_TRANSFORM_TRANSPORT", "done": 56, "total": 90, "failed": 0, "started_at": "2026-10-02T11:06:50.058681+00:00", "last_update": "2026-10-02T12:53:47.675016+00:00", "eta_minutes": 64.94016523347014}
{"stage": "6_RQ3", "dataset": "baf", "method": "DNA_TRANSFORM_V2_TRANSPORT", "done": 57, "total": 90, "failed": 0, "started_at": "2026-10-02T11:06:50.058681+00:00", "last_update": "2026-10-02T12:55:30.224357+00:00", "eta_minutes": 62.91387925273493}
{"stage": "6_RQ3", "dataset": "baf", "method": "RAW_FLOAT32", "done": 58, "total": 90, "failed": 0, "started_at": "2026-10-02T11:06:50.058681+00:00", "last_update": "2026-10-02T12:58:04.906512+00:00", "eta_minutes": 61.377911023984005}
{"stage": "6_RQ3", "dataset": "baf", "method": "DP_CLIP_NOISE", "done": 59, "total": 90, "failed": 0, "started_at": "2026-10-02T11:06:50.058681+00:00", "last_update": "2026-10-02T12:58:31.686079+00:00", "eta_minutes": 58.686567565882946}
{"stage": "6_RQ3", "dataset": "baf", "method": "DP_CLIP_NOISE", "done": 60, "total": 90, "failed": 0, "started_at": "2026-10-02T11:06:50.058681+00:00", "last_update": "2026-10-02T12:59:22.793852+00:00", "eta_minutes": 56.27279305060704}
{"stage": "6_RQ3", "dataset": "baf", "method": "RAW_FLOAT32", "done": 61, "total": 90, "failed": 0, "started_at": "2026-10-02T11:06:50.058681+00:00", "last_update": "2026-10-02T12:59:33.076184+00:00", "eta_minutes": 53.58675067489916}
{"stage": "6_RQ3", "dataset": "baf", "method": "DNA_TRANSFORM_TRANSPORT", "done": 62, "total": 90, "failed": 0, "started_at": "2026-10-02T11:06:50.058681+00:00", "last_update": "2026-10-02T13:00:15.933176+00:00", "eta_minutes": 51.22701229049313}
{"stage": "6_RQ3", "dataset": "baf", "method": "RAW_FLOAT32", "done": 63, "total": 90, "failed": 0, "started_at": "2026-10-02T11:06:50.058681+00:00", "last_update": "2026-10-02T13:01:03.613163+00:00", "eta_minutes": 48.95396054983139}
{"stage": "6_RQ3", "dataset": "baf", "method": "DNA_TRANSFORM_V2_TRANSPORT", "done": 64, "total": 90, "failed": 0, "started_at": "2026-10-02T11:06:50.058681+00:00", "last_update": "2026-10-02T13:01:42.873830+00:00", "eta_minutes": 46.67010253792008}
{"stage": "6_RQ3", "dataset": "baf", "method": "DP_CLIP_NOISE", "done": 65, "total": 90, "failed": 0, "started_at": "2026-10-02T11:06:50.058681+00:00", "last_update": "2026-10-02T13:01:53.329029+00:00", "eta_minutes": 44.25173296836706}
{"stage": "6_RQ3", "dataset": "baf", "method": "DNA_TRANSFORM_TRANSPORT", "done": 66, "total": 90, "failed": 0, "started_at": "2026-10-02T11:06:50.058681+00:00", "last_update": "2026-10-02T13:05:33.082920+00:00", "eta_minutes": 43.16984380519751}
{"stage": "6_RQ3", "dataset": "baf", "method": "DNA_TRANSFORM_TRANSPORT", "done": 67, "total": 90, "failed": 0, "started_at": "2026-10-02T11:06:50.058681+00:00", "last_update": "2026-10-02T13:06:32.501757+00:00", "eta_minutes": 41.093579760179}
{"stage": "6_RQ3", "dataset": "baf", "method": "RAW_FLOAT32", "done": 68, "total": 90, "failed": 0, "started_at": "2026-10-02T11:06:50.058681+00:00", "last_update": "2026-10-02T13:07:51.651421+00:00", "eta_minutes": 39.155647100771176}
{"stage": "6_RQ3", "dataset": "baf", "method": "RAW_FLOAT32", "done": 69, "total": 90, "failed": 0, "started_at": "2026-10-02T11:06:50.058681+00:00", "last_update": "2026-10-02T13:08:18.531091+00:00", "eta_minutes": 36.970512184543885}
{"stage": "6_RQ3", "dataset": "baf", "method": "DNA_TRANSFORM_TRANSPORT", "done": 70, "total": 90, "failed": 0, "started_at": "2026-10-02T11:06:50.058681+00:00", "last_update": "2026-10-02T13:08:56.862288+00:00", "eta_minutes": 34.889540961810525}
{"stage": "6_RQ3", "dataset": "baf", "method": "DNA_TRANSFORM_V2_TRANSPORT", "done": 71, "total": 90, "failed": 0, "started_at": "2026-10-02T11:06:50.058681+00:00", "last_update": "2026-10-02T13:12:18.368592+00:00", "eta_minutes": 33.576969064345384}
{"stage": "6_RQ3", "dataset": "baf", "method": "DP_CLIP_NOISE", "done": 72, "total": 90, "failed": 0, "started_at": "2026-10-02T11:06:50.058681+00:00", "last_update": "2026-10-02T13:13:06.490536+00:00", "eta_minutes": 31.56846604148547}
{"stage": "6_RQ3", "dataset": "baf", "method": "DP_CLIP_NOISE", "done": 73, "total": 90, "failed": 0, "started_at": "2026-10-02T11:06:50.058681+00:00", "last_update": "2026-10-02T13:13:21.791179+00:00", "eta_minutes": 29.465628394416477}
{"stage": "6_RQ3", "dataset": "baf", "method": "DNA_TRANSFORM_V2_TRANSPORT", "done": 74, "total": 90, "failed": 0, "started_at": "2026-10-02T11:06:50.058681+00:00", "last_update": "2026-10-02T13:14:25.960057+00:00", "eta_minutes": 27.5888337513348}
{"stage": "6_RQ3", "dataset": "baf", "method": "RAW_FLOAT32", "done": 75, "total": 90, "failed": 0, "started_at": "2026-10-02T11:06:50.058681+00:00", "last_update": "2026-10-02T13:14:44.474120+00:00", "eta_minutes": 25.58138477643331}
{"stage": "6_RQ3", "dataset": "baf", "method": "DNA_TRANSFORM_V2_TRANSPORT", "done": 76, "total": 90, "failed": 0, "started_at": "2026-10-02T11:06:50.058681+00:00", "last_update": "2026-10-02T13:15:10.183019+00:00", "eta_minutes": 23.640732601023558}
{"stage": "6_RQ3", "dataset": "baf", "method": "DP_CLIP_NOISE", "done": 77, "total": 90, "failed": 0, "started_at": "2026-10-02T11:06:50.058681+00:00", "last_update": "2026-10-02T13:15:28.730315+00:00", "eta_minutes": 21.719205879649046}
{"stage": "6_RQ3", "dataset": "baf", "method": "DP_CLIP_NOISE", "done": 78, "total": 90, "failed": 0, "started_at": "2026-10-02T11:06:50.058681+00:00", "last_update": "2026-10-02T13:18:03.338625+00:00", "eta_minutes": 20.18789727932368}
{"stage": "6_RQ3", "dataset": "baf", "method": "DP_CLIP_NOISE", "done": 79, "total": 90, "failed": 0, "started_at": "2026-10-02T11:06:50.058681+00:00", "last_update": "2026-10-02T13:19:22.709493+00:00", "eta_minutes": 18.455518748538907}
{"stage": "6_RQ3", "dataset": "baf", "method": "DNA_TRANSFORM_TRANSPORT", "done": 80, "total": 90, "failed": 0, "started_at": "2026-10-02T11:06:50.058681+00:00", "last_update": "2026-10-02T13:21:14.889536+00:00", "eta_minutes": 16.801730937262377}
{"stage": "6_RQ3", "dataset": "baf", "method": "DNA_TRANSFORM_TRANSPORT", "done": 81, "total": 90, "failed": 0, "started_at": "2026-10-02T11:06:50.058681+00:00", "last_update": "2026-10-02T13:23:06.711024+00:00", "eta_minutes": 15.14194876662007}
{"stage": "6_RQ3", "dataset": "baf", "method": "DNA_TRANSFORM_TRANSPORT", "done": 82, "total": 90, "failed": 0, "started_at": "2026-10-02T11:06:50.058681+00:00", "last_update": "2026-10-02T13:24:26.655228+00:00", "eta_minutes": 13.425360231089398}
{"stage": "6_RQ3", "dataset": "baf", "method": "RAW_FLOAT32", "done": 83, "total": 90, "failed": 0, "started_at": "2026-10-02T11:06:50.058681+00:00", "last_update": "2026-10-02T13:24:35.095477+00:00", "eta_minutes": 11.617521593896262}
{"stage": "6_RQ3", "dataset": "baf", "method": "DNA_TRANSFORM_V2_TRANSPORT", "done": 84, "total": 90, "failed": 0, "started_at": "2026-10-02T11:06:50.058681+00:00", "last_update": "2026-10-02T13:24:55.594136+00:00", "eta_minutes": 9.863732678549631}
{"stage": "6_RQ3", "dataset": "baf", "method": "DNA_TRANSFORM_TRANSPORT", "done": 85, "total": 90, "failed": 0, "started_at": "2026-10-02T11:06:50.058681+00:00", "last_update": "2026-10-02T13:26:06.034790+00:00", "eta_minutes": 8.192133433211083}
{"stage": "6_RQ3", "dataset": "baf", "method": "DNA_TRANSFORM_V2_TRANSPORT", "done": 86, "total": 90, "failed": 0, "started_at": "2026-10-02T11:06:50.058681+00:00", "last_update": "2026-10-02T13:26:41.846839+00:00", "eta_minutes": 6.505262132578118}
{"stage": "6_RQ3", "dataset": "baf", "method": "RAW_FLOAT32", "done": 87, "total": 90, "failed": 0, "started_at": "2026-10-02T11:06:50.058681+00:00", "last_update": "2026-10-02T13:26:57.025408+00:00", "eta_minutes": 4.831590066696036}
{"stage": "6_RQ3", "dataset": "baf", "method": "RAW_FLOAT32", "done": 88, "total": 90, "failed": 0, "started_at": "2026-10-02T11:06:50.058681+00:00", "last_update": "2026-10-02T13:27:47.811534+00:00", "eta_minutes": 3.2036942605719423}
{"stage": "6_RQ3", "dataset": "baf", "method": "DNA_TRANSFORM_V2_TRANSPORT", "done": 89, "total": 90, "failed": 0, "started_at": "2026-10-02T11:06:50.058681+00:00", "last_update": "2026-10-02T13:28:02.370211+00:00", "eta_minutes": 1.5865751919228486}
{"stage": "6_RQ3", "dataset": "baf", "method": "DP_CLIP_NOISE", "done": 90, "total": 90, "failed": 0, "started_at": "2026-10-02T11:06:50.058681+00:00", "last_update": "2026-10-02T13:28:10.549344+00:00", "eta_minutes": 0.0}
{"stage": "ANALYSIS_COST_COMPLETE_PENDING_FINAL_REPORT", "dataset": "all", "method": "all", "done": 90, "total": 90, "failed": 0, "started_at": "2026-10-02T13:28:15.575843+00:00", "last_update": "2026-10-02T13:28:15.575856+00:00", "eta_minutes": 0.0}
{"stage": "COMPLETED", "dataset": "all", "method": "all", "done": 189, "total": 189, "failed": 0, "started_at": "2026-10-02T13:37:21.447395+00:00", "last_update": "2026-10-02T13:37:21.447408+00:00", "eta_minutes": 0.0}
