{
  "target_file": "paysim_priority15_rq1_v2_stage1_n8_targets.pt",
  "groups": [
    7
  ],
  "defense": "dna_transform_v2_iht_compressed_sensing",
  "diagnostic": "final development-only IHT compressed-sensing attacker for DNA Transform v2",
  "amendment": "protocols/amendments/2026-09-16_rq1_v2_confirmatory_protocol.md",
  "v2_config": {
    "compression_ratio": 0.95,
    "quantization_eta": 0.01,
    "seed": 20260916
  },
  "sparsity_fraction": 0.2,
  "iht_iterations": 80,
  "iht_step_size": 1.0,
  "restarts": 4,
  "iterations": 600,
  "attack_lr": 0.1,
  "nonnegative_lambda": 0.001,
  "selection_formula": "IHT sparse update reconstruction from q_obs, then argmin_x L_balanced(delta(x), u_iht)",
  "group_summary": [
    {
      "group_id": 7,
      "n_baseline_restarts": 4,
      "objective_best_restart": 2,
      "objective_best_objective": 0.8312417268753052,
      "objective_best_fraud_mse": 117.92623574064547,
      "objective_best_non_fraud_mse": 21.781061452104918,
      "prior_fraud_mse_mean": 23.505925613669966,
      "zero_objective_best_fraud_mse": 70.04101962588888,
      "objective_minus_prior_fraud_mse": 94.4203101269755,
      "objective_minus_zero_fraud_mse": 47.88521611475659,
      "max_balance_residual_raw": 0.24343948625028133,
      "mean_iht_final_residual_l2": 1.4185028898033187
    }
  ],
  "target_gate": {
    "prior": {
      "n": 1,
      "wins": 0,
      "mean_difference": 94.4203101269755,
      "median_difference": 94.4203101269755,
      "one_sided_sign_p": 1.0,
      "gate": false
    },
    "zero": {
      "n": 1,
      "wins": 0,
      "mean_difference": 47.88521611475659,
      "median_difference": 47.88521611475659,
      "one_sided_sign_p": 1.0,
      "gate": false
    },
    "gate": false
  },
  "dataset_sha256": "16910f90577b0d981bf8ff289714510bb89bc71bff7d3f220f024e287e4eea6b"
}
